
Date: Sun Jun 21 20:50:11 2026


conditional: false
diagrams_file1: myresults/PPh-qqb-g-0r0v.match.yaml
diagrams_file2: myresults/PPh-qqb-g-0r0v.match.yaml
position1: 2
position2: 2
output_file: ./tmp/PPh-sq-qqb-g-0r0v.comp_2X2
result_name: 2 X 2 from diagrams in myresults/PPh-qqb-g-0r0v.match.yaml and myresults/PPh-qqb-g-0r0v.match.yaml
polarization_orthogonal_vectors:


Reading two diagrams
Reading diagram number 2 from file myresults/PPh-qqb-g-0r0v.match.yaml
rename negative field indices
Reading diagram number 2 from file myresults/PPh-qqb-g-0r0v.match.yaml
rename negative field indices
Generating amplitudes
  using Feynman polarizations everywhere
Requested Feynman rule: vbar(fv(p2),0).i2
Requested Feynman rule: I*e*delta.i-1.i2*gamma~mu3
Requested Feynman rule: I*delta.i-1.i-2*Prop(-px+p1,0)*fv(-px+p1)\
Requested Feynman rule: I*gamma~mu4*sunt.[a4,Na,Nc].i-2.i1*g
Requested Feynman rule: u(fv(p1),0).i1
Requested Feynman rule: polc_gluon(fv(px),0,fv(0)).mu4.[a4,Na,Nc]
Requested Feynman rule: polc_photon(fv(p2-px+p1),0).mu3
Requested Feynman rule: vbar(fv(p2),0).i2
Requested Feynman rule: I*e*gamma~mu3*delta.i-1.i2
Requested Feynman rule: I*Prop(-px+p1,0)*delta.i-1.i-2*fv(-px+p1)\
Requested Feynman rule: I*sunt.[a4,Na,Nc].i-2.i1*gamma~mu4*g
Requested Feynman rule: u(fv(p1),0).i1
Requested Feynman rule: polc_gluon(fv(px),0,fv(0)).mu4.[a4,Na,Nc]
Requested Feynman rule: polc_photon(fv(p2-px+p1),0).mu3
Multiplying amplitudes
First amplitude:
Amplitude 2
Open fermion lines:
Line: 0
vbar(fv(p2),0).i2 * -I*delta.i-1.i-2*(gamma~mu3*fv(-px+p1)\*gamma~mu4)*e*delta.i-1.i2*Prop(-px+p1,0)*sunt.[a4,Na,Nc].i-2.i1*g * u(fv(p1),0).i1
Closed fermion lines:
External:
[polc_gluon(fv(px),0,fv(0)).mu4.[a4,Na,Nc],polc_photon(fv(p2-px+p1),0).mu3]
Remaining Term:
1

Second amplitude (already conjugated):
Amplitude 2
Open fermion lines:
Line: 0
ubar(fv(p1),0).symbol1245 * I*e*delta.symbol1246.symbol1243*Prop(-px+p1,0)*sunt.[symbol1242,Na,Nc].symbol1245.symbol1244*delta.symbol1244.symbol1243*g*(gamma~symbol1254*fv(-px+p1)\*gamma~symbol1253) * v(fv(p2),0).symbol1246
Closed fermion lines:
External:
[pol_photon(fv(p2-px+p1),0).symbol1253,pol_gluon(fv(px),0,fv(0)).symbol1254.[symbol1242,Na,Nc]]
Remaining Term:
1

using Feynman gluon polarization sum for pol_gluon(fv(px),0,fv(0)).symbol1254.[symbol1242,Na,Nc]*polc_gluon(fv(px),0,fv(0)).mu4.[a4,Na,Nc]
Calculation of Amplitude 2_X_2 requested
 * Extracting scalar prefactor
   found scalar prefactor: e^2*Prop(-px+p1,0)^2*g^2
 * Calculating the Color structure
color: delta.i-1.i-2*eta.symbol1253.mu3*delta.i-1.i2*delta.i1.symbol1245*delta.symbol1246.symbol1243*delta.[a4,Na,Nc].[symbol1242,Na,Nc]*sunt.[symbol1242,Na,Nc].symbol1245.symbol1244*delta.symbol1246.i2*delta.symbol1244.symbol1243*sunt.[a4,Na,Nc].i-2.i1*eta.symbol1254.mu4
 * Color structures: 
<Color({sunt.[a4,Na,Nc].symbol1243.i1,sunt.[a4,Na,Nc].i1.symbol1243})>
number 1
   color result (degree Nc^2): Color({sunt.[a4,Na,Nc].symbol1243.i1,sunt.[a4,Na,Nc].i1.symbol1243}) == 1/2*Color((-1+Nc)*(1+Nc))
 * Color structure calculated! Time: 0.0003s
   Color order: Nc^2
 * Calculating the Dirac traces
   performing 1 Dirac trace(s)
   1 sub trace(s): . time: 0.0009 s

 * Dirac traces calculated! Time: 0.001s
 * Contracting remaining Lorentz indices
 * Lorentz indices contracted! Time: 4e-05s
 * Replacing scalarproducts by invariants and propagators
   SP: {}
 * Matching integrals
 * Scalar products replaced, integrals matched! Time: 0.0005s
 * Collecting common factors
 * Common factors collected ! Time: 0.0001s

Job done (total time: 0 s)
