
Date: Sun Jun 21 20:50:11 2026


conditional: false
diagrams_file1: myresults/PPh-qqb-g-0r0v.match.yaml
diagrams_file2: myresults/PPh-qqb-g-0r0v.match.yaml
position1: 1
position2: 2
output_file: ./tmp/PPh-sq-qqb-g-0r0v.comp_1X2
result_name: 1 X 2 from diagrams in myresults/PPh-qqb-g-0r0v.match.yaml and myresults/PPh-qqb-g-0r0v.match.yaml
polarization_orthogonal_vectors:


Reading two diagrams
Reading diagram number 1 from file myresults/PPh-qqb-g-0r0v.match.yaml
rename negative field indices
Reading diagram number 2 from file myresults/PPh-qqb-g-0r0v.match.yaml
rename negative field indices
Generating amplitudes
  using Feynman polarizations everywhere
Requested Feynman rule: vbar(fv(p2),0).i2
Requested Feynman rule: I*sunt.[a4,Na,Nc].i2.i-1*gamma~mu4*g
Requested Feynman rule: I*delta.i-1.i-2*Prop(-p2+px,0)*fv(-p2+px)\
Requested Feynman rule: I*e*delta.i-2.i1*gamma~mu3
Requested Feynman rule: u(fv(p1),0).i1
Requested Feynman rule: polc_gluon(fv(px),0,fv(0)).mu4.[a4,Na,Nc]
Requested Feynman rule: polc_photon(fv(p2-px+p1),0).mu3
Requested Feynman rule: vbar(fv(p2),0).i2
Requested Feynman rule: I*e*gamma~mu3*delta.i-1.i2
Requested Feynman rule: I*Prop(-px+p1,0)*fv(-px+p1)\*delta.i-2.i-1
Requested Feynman rule: I*sunt.[a4,Na,Nc].i-2.i1*g*gamma~mu4
Requested Feynman rule: u(fv(p1),0).i1
Requested Feynman rule: polc_gluon(fv(px),0,fv(0)).mu4.[a4,Na,Nc]
Requested Feynman rule: polc_photon(fv(p2-px+p1),0).mu3
Multiplying amplitudes
First amplitude:
Amplitude 1
Open fermion lines:
Line: 0
vbar(fv(p2),0).i2 * -I*delta.i-1.i-2*e*(gamma~mu4*fv(-p2+px)\*gamma~mu3)*Prop(-p2+px,0)*delta.i-2.i1*sunt.[a4,Na,Nc].i2.i-1*g * u(fv(p1),0).i1
Closed fermion lines:
External:
[polc_gluon(fv(px),0,fv(0)).mu4.[a4,Na,Nc],polc_photon(fv(p2-px+p1),0).mu3]
Remaining Term:
1

Second amplitude (already conjugated):
Amplitude 2
Open fermion lines:
Line: 0
ubar(fv(p1),0).symbol1071 * I*delta.symbol1070.symbol1069*e*sunt.[symbol1068,Na,Nc].symbol1071.symbol1070*Prop(-px+p1,0)*(gamma~symbol1080*fv(-px+p1)\*gamma~symbol1079)*delta.symbol1072.symbol1069*g * v(fv(p2),0).symbol1072
Closed fermion lines:
External:
[pol_photon(fv(p2-px+p1),0).symbol1079,pol_gluon(fv(px),0,fv(0)).symbol1080.[symbol1068,Na,Nc]]
Remaining Term:
1

using Feynman gluon polarization sum for pol_gluon(fv(px),0,fv(0)).symbol1080.[symbol1068,Na,Nc]*polc_gluon(fv(px),0,fv(0)).mu4.[a4,Na,Nc]
Calculation of Amplitude 1_X_2 requested
 * Extracting scalar prefactor
   found scalar prefactor: e^2*Prop(-p2+px,0)*Prop(-px+p1,0)*g^2
 * Calculating the Color structure
color: delta.i2.symbol1072*delta.i-1.i-2*delta.symbol1070.symbol1069*sunt.[symbol1068,Na,Nc].symbol1071.symbol1070*delta.i-2.i1*eta.symbol1079.mu3*delta.[symbol1068,Na,Nc].[a4,Na,Nc]*eta.mu4.symbol1080*sunt.[a4,Na,Nc].i2.i-1*delta.symbol1071.i1*delta.symbol1072.symbol1069
 * Color structures: 
<Color({sunt.[a4,Na,Nc].symbol1072.i1,sunt.[a4,Na,Nc].i1.symbol1072})>
number 1
   color result (degree Nc^2): Color({sunt.[a4,Na,Nc].symbol1072.i1,sunt.[a4,Na,Nc].i1.symbol1072}) == 1/2*Color((-1+Nc)*(1+Nc))
 * Color structure calculated! Time: 0.0004s
   Color order: Nc^2
 * Calculating the Dirac traces
   performing 1 Dirac trace(s)
   1 sub trace(s): . time: 0.001 s

 * Dirac traces calculated! Time: 0.002s
 * Contracting remaining Lorentz indices
 * Lorentz indices contracted! Time: 0.0002s
 * Replacing scalarproducts by invariants and propagators
   SP: {}
 * Matching integrals
 * Scalar products replaced, integrals matched! Time: 0.0002s
 * Collecting common factors
 * Common factors collected ! Time: 0.0001s

Job done (total time: 0 s)
