
Date: Sun Jun 21 20:50:12 2026


conditional: false
diagrams_file1: myresults/PPh-qqb-g-0r1v.match.yaml
diagrams_file2: myresults/PPh-qqb-g-0r0v.match.yaml
position1: 13
position2: 2
output_file: ./tmp/PPh-sq-qqb-g-0r1v.comp_13X2
result_name: 13 X 2 from diagrams in myresults/PPh-qqb-g-0r1v.match.yaml and myresults/PPh-qqb-g-0r0v.match.yaml
polarization_orthogonal_vectors:


Reading two diagrams
Reading diagram number 13 from file myresults/PPh-qqb-g-0r1v.match.yaml
rename negative field indices
Reading diagram number 2 from file myresults/PPh-qqb-g-0r0v.match.yaml
rename negative field indices
Generating amplitudes
  using Feynman polarizations everywhere
Requested Feynman rule: vbar(fv(p2),0).i2
Requested Feynman rule: I*sunt.[a-8,Na,Nc].i2.i-5*g*gamma~mu-8
Requested Feynman rule: I*delta.i-6.i-5*fv(-l-p2+px-p1)\*Prop(-l-p2+px-p1,0)
Requested Feynman rule: I*delta.i-6.i-1*e*gamma~mu3
Requested Feynman rule: I*Prop(-l,0)*delta.i-1.i-2*fv(-l)\
Requested Feynman rule: I*gamma~mu-3*sunt.[a-3,Na,Nc].i-2.i1*g
Requested Feynman rule: u(fv(p1),0).i1
Requested Feynman rule: sunf.[a4,Na,Nc].[a-4,Na,Nc].[a-7,Na,Nc]*(fv(-l+2*px-p1)~mu-4*eta~mu4~mu-7+fv(2*l-px+2*p1)~mu4*eta~mu-4~mu-7+fv(-l-px-p1)~mu-7*eta~mu-4~mu4)*g
Requested Feynman rule: -I*eta.mu-7.mu-8*Prop(-l+px-p1,0)*delta.[a-7,Na,Nc].[a-8,Na,Nc]
Requested Feynman rule: -I*eta.mu-4.mu-3*Prop(-l-p1,0)*delta.[a-3,Na,Nc].[a-4,Na,Nc]
Requested Feynman rule: polc_gluon(fv(px),0,fv(0)).mu4.[a4,Na,Nc]
Requested Feynman rule: polc_photon(fv(p2-px+p1),0).mu3
Requested Feynman rule: vbar(fv(p2),0).i2
Requested Feynman rule: I*gamma~mu3*e*delta.i-1.i2
Requested Feynman rule: I*Prop(-px+p1,0)*delta.i-1.i-2*fv(-px+p1)\
Requested Feynman rule: I*gamma~mu4*sunt.[a4,Na,Nc].i-2.i1*g
Requested Feynman rule: u(fv(p1),0).i1
Requested Feynman rule: polc_gluon(fv(px),0,fv(0)).mu4.[a4,Na,Nc]
Requested Feynman rule: polc_photon(fv(p2-px+p1),0).mu3
Multiplying amplitudes
First amplitude:
Amplitude 13
Open fermion lines:
Line: 0
vbar(fv(p2),0).i2 * I*delta.i-6.i-1*Prop(-l,0)*delta.i-6.i-5*e*delta.i-1.i-2*sunt.[a-3,Na,Nc].i-2.i1*sunt.[a-8,Na,Nc].i2.i-5*Prop(-l-p2+px-p1,0)*(gamma~mu-8*fv(-l-p2+px-p1)\*gamma~mu3*fv(-l)\*gamma~mu-3)*g^2 * u(fv(p1),0).i1
Closed fermion lines:
External:
[polc_gluon(fv(px),0,fv(0)).mu4.[a4,Na,Nc],polc_photon(fv(p2-px+p1),0).mu3]
Remaining Term:
-eta.mu-7.mu-8*eta.mu-4.mu-3*Prop(-l-p1,0)*sunf.[a4,Na,Nc].[a-4,Na,Nc].[a-7,Na,Nc]*Prop(-l+px-p1,0)*delta.[a-7,Na,Nc].[a-8,Na,Nc]*(fv(-l+2*px-p1)~mu-4*eta~mu4~mu-7+fv(2*l-px+2*p1)~mu4*eta~mu-4~mu-7+fv(-l-px-p1)~mu-7*eta~mu-4~mu4)*g*delta.[a-3,Na,Nc].[a-4,Na,Nc]

Second amplitude (already conjugated):
Amplitude 2
Open fermion lines:
Line: 0
ubar(fv(p1),0).symbol8770 * I*delta.symbol8769.symbol8768*e*sunt.[symbol8767,Na,Nc].symbol8770.symbol8769*Prop(-px+p1,0)*delta.symbol8768.symbol8771*(gamma~symbol8779*fv(-px+p1)\*gamma~symbol8778)*g * v(fv(p2),0).symbol8771
Closed fermion lines:
External:
[pol_photon(fv(p2-px+p1),0).symbol8778,pol_gluon(fv(px),0,fv(0)).symbol8779.[symbol8767,Na,Nc]]
Remaining Term:
1

using Feynman gluon polarization sum for pol_gluon(fv(px),0,fv(0)).symbol8779.[symbol8767,Na,Nc]*polc_gluon(fv(px),0,fv(0)).mu4.[a4,Na,Nc]
Calculation of Amplitude 13_X_2 requested
 * Extracting scalar prefactor
   found scalar prefactor: Prop(px-p1-l,0)*Prop(-p2+px-p1-l,0)*e^2*Prop(-l,0)*Prop(-px+p1,0)*g^4*Prop(-p1-l,0)
 * Calculating the Color structure
color: delta.[a4,Na,Nc].[symbol8767,Na,Nc]*delta.symbol8769.symbol8768*delta.i-6.i-1*eta.mu-7.mu-8*delta.i-6.i-5*eta.mu-4.mu-3*sunt.[symbol8767,Na,Nc].symbol8770.symbol8769*delta.i-1.i-2*eta.mu3.symbol8778*sunt.[a-3,Na,Nc].i-2.i1*eta.mu4.symbol8779*delta.symbol8768.symbol8771*sunf.[a4,Na,Nc].[a-4,Na,Nc].[a-7,Na,Nc]*sunt.[a-8,Na,Nc].i2.i-5*delta.i2.symbol8771*delta.[a-7,Na,Nc].[a-8,Na,Nc]*(fv(2*px-p1-l)~mu-4*eta~mu4~mu-7+fv(-px-p1-l)~mu-7*eta~mu-4~mu4+fv(-px+2*p1+2*l)~mu4*eta~mu-4~mu-7)*delta.symbol8770.i1*delta.[a-3,Na,Nc].[a-4,Na,Nc]
 * Color structures: 
<Color({sunt.[a-4,Na,Nc].i-6.i1,sunt.[a-8,Na,Nc].i2.i-6,sunt.[a4,Na,Nc].i1.i2,sunf.[a4,Na,Nc].[a-4,Na,Nc].[a-8,Na,Nc]})>
number 1
   color result (degree Nc^3): Color({sunt.[a-4,Na,Nc].i-6.i1,sunt.[a-8,Na,Nc].i2.i-6,sunt.[a4,Na,Nc].i1.i2,sunf.[a4,Na,Nc].[a-4,Na,Nc].[a-8,Na,Nc]}) == -(1/4*I)*Color(Nc*(-1+Nc)*(1+Nc))
 * Color structure calculated! Time: 0.0007s
   Color order: Nc^3
 * Calculating the Dirac traces
   performing 1 Dirac trace(s)
   1 sub trace(s): . time: 0.05 s

 * Dirac traces calculated! Time: 0.05s
 * Contracting remaining Lorentz indices
 * Lorentz indices contracted! Time: 0.01s
 * Replacing scalarproducts by invariants and propagators
   SP: {SP(px,l)==1/2*Prop(p1+l,0)^(-1)+1/2*u-1/2*Prop(-px+p1+l,0)^(-1),SP(p1,l)==-1/2*Prop(l,0)^(-1)+1/2*Prop(p1+l,0)^(-1),SP(p2,l)==1/2*u-1/2*Prop(-px+p1+l,0)^(-1)+1/2*Prop(p2-px+p1+l,0)^(-1),SP(l,l)==Prop(l,0)^(-1)}
 * Matching integrals
 * Scalar products replaced, integrals matched! Time: 0.008s
 * Collecting common factors
 * Common factors collected ! Time: 0.002s

Job done (total time: 0 s)
