
Date: Sun Jun 21 20:50:12 2026


conditional: false
diagrams_file1: myresults/PPh-qqb-g-0r1v.match.yaml
diagrams_file2: myresults/PPh-qqb-g-0r0v.match.yaml
position1: 13
position2: 1
output_file: ./tmp/PPh-sq-qqb-g-0r1v.comp_13X1
result_name: 13 X 1 from diagrams in myresults/PPh-qqb-g-0r1v.match.yaml and myresults/PPh-qqb-g-0r0v.match.yaml
polarization_orthogonal_vectors:


Reading two diagrams
Reading diagram number 13 from file myresults/PPh-qqb-g-0r1v.match.yaml
rename negative field indices
Reading diagram number 1 from file myresults/PPh-qqb-g-0r0v.match.yaml
rename negative field indices
Generating amplitudes
  using Feynman polarizations everywhere
Requested Feynman rule: vbar(fv(p2),0).i2
Requested Feynman rule: I*sunt.[a-8,Na,Nc].i2.i-5*gamma~mu-8*g
Requested Feynman rule: I*delta.i-5.i-6*Prop(-l-p2+px-p1,0)*fv(-l-p2+px-p1)\
Requested Feynman rule: I*e*delta.i-1.i-6*gamma~mu3
Requested Feynman rule: I*fv(-l)\*Prop(-l,0)*delta.i-1.i-2
Requested Feynman rule: I*sunt.[a-3,Na,Nc].i-2.i1*gamma~mu-3*g
Requested Feynman rule: u(fv(p1),0).i1
Requested Feynman rule: sunf.[a4,Na,Nc].[a-4,Na,Nc].[a-7,Na,Nc]*(eta~mu-7~mu-4*fv(2*l-px+2*p1)~mu4+eta~mu4~mu-4*fv(-l-px-p1)~mu-7+eta~mu4~mu-7*fv(-l+2*px-p1)~mu-4)*g
Requested Feynman rule: -I*eta.mu-7.mu-8*Prop(-l+px-p1,0)*delta.[a-7,Na,Nc].[a-8,Na,Nc]
Requested Feynman rule: -I*eta.mu-3.mu-4*delta.[a-3,Na,Nc].[a-4,Na,Nc]*Prop(-l-p1,0)
Requested Feynman rule: polc_gluon(fv(px),0,fv(0)).mu4.[a4,Na,Nc]
Requested Feynman rule: polc_photon(fv(p2-px+p1),0).mu3
Requested Feynman rule: vbar(fv(p2),0).i2
Requested Feynman rule: I*gamma~mu4*sunt.[a4,Na,Nc].i2.i-1*g
Requested Feynman rule: I*Prop(-p2+px,0)*fv(-p2+px)\*delta.i-2.i-1
Requested Feynman rule: I*e*gamma~mu3*delta.i1.i-2
Requested Feynman rule: u(fv(p1),0).i1
Requested Feynman rule: polc_gluon(fv(px),0,fv(0)).mu4.[a4,Na,Nc]
Requested Feynman rule: polc_photon(fv(p2-px+p1),0).mu3
Multiplying amplitudes
First amplitude:
Amplitude 13
Open fermion lines:
Line: 0
vbar(fv(p2),0).i2 * I*(gamma~mu-8*fv(-l-p2+px-p1)\*gamma~mu3*fv(-l)\*gamma~mu-3)*e*delta.i-5.i-6*delta.i-1.i-6*sunt.[a-3,Na,Nc].i-2.i1*Prop(-l,0)*sunt.[a-8,Na,Nc].i2.i-5*delta.i-1.i-2*Prop(-l-p2+px-p1,0)*g^2 * u(fv(p1),0).i1
Closed fermion lines:
External:
[polc_gluon(fv(px),0,fv(0)).mu4.[a4,Na,Nc],polc_photon(fv(p2-px+p1),0).mu3]
Remaining Term:
-eta.mu-7.mu-8*Prop(-l+px-p1,0)*eta.mu-3.mu-4*delta.[a-3,Na,Nc].[a-4,Na,Nc]*Prop(-l-p1,0)*sunf.[a4,Na,Nc].[a-4,Na,Nc].[a-7,Na,Nc]*(eta~mu-7~mu-4*fv(2*l-px+2*p1)~mu4+eta~mu4~mu-4*fv(-l-px-p1)~mu-7+eta~mu4~mu-7*fv(-l+2*px-p1)~mu-4)*delta.[a-7,Na,Nc].[a-8,Na,Nc]*g

Second amplitude (already conjugated):
Amplitude 1
Open fermion lines:
Line: 0
ubar(fv(p1),0).symbol8431 * I*e*Prop(-p2+px,0)*(gamma~symbol8439*fv(-p2+px)\*gamma~symbol8440)*sunt.[symbol8428,Na,Nc].symbol8429.symbol8432*delta.symbol8430.symbol8429*delta.symbol8431.symbol8430*g * v(fv(p2),0).symbol8432
Closed fermion lines:
External:
[pol_photon(fv(p2-px+p1),0).symbol8439,pol_gluon(fv(px),0,fv(0)).symbol8440.[symbol8428,Na,Nc]]
Remaining Term:
1

using Feynman gluon polarization sum for pol_gluon(fv(px),0,fv(0)).symbol8440.[symbol8428,Na,Nc]*polc_gluon(fv(px),0,fv(0)).mu4.[a4,Na,Nc]
Calculation of Amplitude 13_X_1 requested
 * Extracting scalar prefactor
   found scalar prefactor: Prop(px-p1-l,0)*Prop(-p2+px-p1-l,0)*e^2*Prop(-p2+px,0)*Prop(-l,0)*g^4*Prop(-p1-l,0)
 * Calculating the Color structure
color: eta.mu4.symbol8440*delta.symbol8432.i2*eta.symbol8439.mu3*eta.mu-7.mu-8*delta.[symbol8428,Na,Nc].[a4,Na,Nc]*eta.mu-3.mu-4*delta.[a-3,Na,Nc].[a-4,Na,Nc]*sunt.[symbol8428,Na,Nc].symbol8429.symbol8432*delta.i-5.i-6*delta.i-1.i-6*sunf.[a4,Na,Nc].[a-4,Na,Nc].[a-7,Na,Nc]*delta.symbol8430.symbol8429*delta.symbol8431.i1*sunt.[a-3,Na,Nc].i-2.i1*delta.symbol8431.symbol8430*sunt.[a-8,Na,Nc].i2.i-5*delta.i-1.i-2*delta.[a-7,Na,Nc].[a-8,Na,Nc]*(eta~mu4~mu-4*fv(-px-p1-l)~mu-7+eta~mu4~mu-7*fv(2*px-p1-l)~mu-4+eta~mu-7~mu-4*fv(-px+2*p1+2*l)~mu4)
 * Color structures: 
<Color({sunt.[a-3,Na,Nc].i-1.symbol8431,sunt.[a-8,Na,Nc].i2.i-1,sunt.[a4,Na,Nc].symbol8431.i2,sunf.[a4,Na,Nc].[a-3,Na,Nc].[a-8,Na,Nc]})>
number 1
   color result (degree Nc^3): Color({sunt.[a-3,Na,Nc].i-1.symbol8431,sunt.[a-8,Na,Nc].i2.i-1,sunt.[a4,Na,Nc].symbol8431.i2,sunf.[a4,Na,Nc].[a-3,Na,Nc].[a-8,Na,Nc]}) == -(1/4*I)*Color(Nc*(-1+Nc)*(1+Nc))
 * Color structure calculated! Time: 0.001s
   Color order: Nc^3
 * Calculating the Dirac traces
   performing 1 Dirac trace(s)
   1 sub trace(s): . time: 0.04 s

 * Dirac traces calculated! Time: 0.04s
 * Contracting remaining Lorentz indices
 * Lorentz indices contracted! Time: 0.01s
 * Replacing scalarproducts by invariants and propagators
   SP: {SP(px,l)==1/2*Prop(p1+l,0)^(-1)+1/2*u-1/2*Prop(-px+p1+l,0)^(-1),SP(p1,l)==-1/2*Prop(l,0)^(-1)+1/2*Prop(p1+l,0)^(-1),SP(p2,l)==1/2*u-1/2*Prop(-px+p1+l,0)^(-1)+1/2*Prop(p2-px+p1+l,0)^(-1),SP(l,l)==Prop(l,0)^(-1)}
 * Matching integrals
 * Scalar products replaced, integrals matched! Time: 0.008s
 * Collecting common factors
 * Common factors collected ! Time: 0.005s

Job done (total time: 0 s)
