
Date: Sun Jun 21 20:50:12 2026


conditional: false
diagrams_file1: myresults/PPh-qqb-g-0r1v.match.yaml
diagrams_file2: myresults/PPh-qqb-g-0r0v.match.yaml
position1: 12
position2: 2
output_file: ./tmp/PPh-sq-qqb-g-0r1v.comp_12X2
result_name: 12 X 2 from diagrams in myresults/PPh-qqb-g-0r1v.match.yaml and myresults/PPh-qqb-g-0r0v.match.yaml
polarization_orthogonal_vectors:


Reading two diagrams
Reading diagram number 12 from file myresults/PPh-qqb-g-0r1v.match.yaml
rename negative field indices
Reading diagram number 2 from file myresults/PPh-qqb-g-0r0v.match.yaml
rename negative field indices
Generating amplitudes
  using Feynman polarizations everywhere
Requested Feynman rule: vbar(fv(p2),0).i2
Requested Feynman rule: I*gamma~mu-2*sunt.[a-2,Na,Nc].i2.i-5*g
Requested Feynman rule: I*Prop(l-p2,0)*delta.i-5.i-6*fv(l-p2)\
Requested Feynman rule: I*gamma~mu3*e*delta.i-6.i-7
Requested Feynman rule: I*fv(l-px+p1)\*Prop(l-px+p1,0)*delta.i-8.i-7
Requested Feynman rule: I*sunt.[a4,Na,Nc].i-8.i-3*gamma~mu4*g
Requested Feynman rule: I*delta.i-4.i-3*Prop(l+p1,0)*fv(l+p1)\
Requested Feynman rule: I*sunt.[a-1,Na,Nc].i-4.i1*gamma~mu-1*g
Requested Feynman rule: u(fv(p1),0).i1
Requested Feynman rule: -I*Prop(l,0)*delta.[a-1,Na,Nc].[a-2,Na,Nc]*eta.mu-1.mu-2
Requested Feynman rule: polc_gluon(fv(px),0,fv(0)).mu4.[a4,Na,Nc]
Requested Feynman rule: polc_photon(fv(p2-px+p1),0).mu3
Requested Feynman rule: vbar(fv(p2),0).i2
Requested Feynman rule: I*e*gamma~mu3*delta.i2.i-1
Requested Feynman rule: I*delta.i-1.i-2*Prop(-px+p1,0)*fv(-px+p1)\
Requested Feynman rule: I*sunt.[a4,Na,Nc].i-2.i1*gamma~mu4*g
Requested Feynman rule: u(fv(p1),0).i1
Requested Feynman rule: polc_gluon(fv(px),0,fv(0)).mu4.[a4,Na,Nc]
Requested Feynman rule: polc_photon(fv(p2-px+p1),0).mu3
Multiplying amplitudes
First amplitude:
Amplitude 12
Open fermion lines:
Line: 0
vbar(fv(p2),0).i2 * -I*delta.i-4.i-3*sunt.[a-1,Na,Nc].i-4.i1*e*Prop(l-p2,0)*delta.i-6.i-7*Prop(l+p1,0)*(gamma~mu-2*fv(l-p2)\*gamma~mu3*fv(l-px+p1)\*gamma~mu4*fv(l+p1)\*gamma~mu-1)*delta.i-5.i-6*Prop(l-px+p1,0)*sunt.[a4,Na,Nc].i-8.i-3*sunt.[a-2,Na,Nc].i2.i-5*g^3*delta.i-8.i-7 * u(fv(p1),0).i1
Closed fermion lines:
External:
[polc_gluon(fv(px),0,fv(0)).mu4.[a4,Na,Nc],polc_photon(fv(p2-px+p1),0).mu3]
Remaining Term:
-I*Prop(l,0)*delta.[a-1,Na,Nc].[a-2,Na,Nc]*eta.mu-1.mu-2

Second amplitude (already conjugated):
Amplitude 2
Open fermion lines:
Line: 0
ubar(fv(p1),0).symbol7989 * I*(gamma~symbol7998*fv(-px+p1)\*gamma~symbol7997)*e*sunt.[symbol7986,Na,Nc].symbol7989.symbol7988*delta.symbol7987.symbol7988*Prop(-px+p1,0)*delta.symbol7987.symbol7990*g * v(fv(p2),0).symbol7990
Closed fermion lines:
External:
[pol_photon(fv(p2-px+p1),0).symbol7997,pol_gluon(fv(px),0,fv(0)).symbol7998.[symbol7986,Na,Nc]]
Remaining Term:
1

using Feynman gluon polarization sum for pol_gluon(fv(px),0,fv(0)).symbol7998.[symbol7986,Na,Nc]*polc_gluon(fv(px),0,fv(0)).mu4.[a4,Na,Nc]
Calculation of Amplitude 12_X_2 requested
 * Extracting scalar prefactor
   found scalar prefactor: -I*Prop(-p2+l,0)*e^2*Prop(-px+p1,0)*Prop(p1+l,0)*Prop(-px+p1+l,0)*Prop(l,0)*g^4
 * Calculating the Color structure
color: delta.i-4.i-3*sunt.[a-1,Na,Nc].i-4.i1*eta.symbol7997.mu3*delta.i1.symbol7989*delta.i-6.i-7*sunt.[symbol7986,Na,Nc].symbol7989.symbol7988*delta.symbol7987.symbol7988*delta.i-5.i-6*eta.mu4.symbol7998*sunt.[a4,Na,Nc].i-8.i-3*delta.[a-1,Na,Nc].[a-2,Na,Nc]*sunt.[a-2,Na,Nc].i2.i-5*delta.symbol7987.symbol7990*delta.i2.symbol7990*delta.[a4,Na,Nc].[symbol7986,Na,Nc]*delta.i-8.i-7*eta.mu-1.mu-2
 * Color structures: 
<Color({sunt.[a-2,Na,Nc].i2.i-7,sunt.[a-2,Na,Nc].i-3.symbol7989,sunt.[a4,Na,Nc].symbol7989.i2,sunt.[a4,Na,Nc].i-7.i-3})>
number 1
   color result (degree Nc^1): Color({sunt.[a-2,Na,Nc].i2.i-7,sunt.[a-2,Na,Nc].i-3.symbol7989,sunt.[a4,Na,Nc].symbol7989.i2,sunt.[a4,Na,Nc].i-7.i-3}) == -1/4*Color(Nc^(-1)*(-1+Nc)*(1+Nc))
 * Color structure calculated! Time: 0.0004s
   Color order: Nc^1
 * Calculating the Dirac traces
   performing 1 Dirac trace(s)
   1 sub trace(s): . time: 0.05 s

 * Dirac traces calculated! Time: 0.05s
 * Contracting remaining Lorentz indices
 * Lorentz indices contracted! Time: 0.0007s
 * Replacing scalarproducts by invariants and propagators
   SP: {SP(px,l)==1/2*Prop(p1+l,0)^(-1)+1/2*u-1/2*Prop(-px+p1+l,0)^(-1),SP(p1,l)==-1/2*Prop(l,0)^(-1)+1/2*Prop(p1+l,0)^(-1),SP(p2,l)==1/2*Prop(l,0)^(-1)-1/2*Prop(p2-l,0)^(-1),SP(l,l)==Prop(l,0)^(-1)}
 * Matching integrals
 * Scalar products replaced, integrals matched! Time: 0.005s
 * Collecting common factors
 * Common factors collected ! Time: 0.003s

Job done (total time: 0 s)
