
Date: Sun Jun 21 20:50:12 2026


conditional: false
diagrams_file1: myresults/PPh-qqb-g-0r1v.match.yaml
diagrams_file2: myresults/PPh-qqb-g-0r0v.match.yaml
position1: 11
position2: 2
output_file: ./tmp/PPh-sq-qqb-g-0r1v.comp_11X2
result_name: 11 X 2 from diagrams in myresults/PPh-qqb-g-0r1v.match.yaml and myresults/PPh-qqb-g-0r0v.match.yaml
polarization_orthogonal_vectors:


Reading two diagrams
Reading diagram number 11 from file myresults/PPh-qqb-g-0r1v.match.yaml
rename negative field indices
Reading diagram number 2 from file myresults/PPh-qqb-g-0r0v.match.yaml
rename negative field indices
Generating amplitudes
  using Feynman polarizations everywhere
Requested Feynman rule: vbar(fv(p2),0).i2
Requested Feynman rule: I*gamma~mu-2*sunt.[a-2,Na,Nc].i2.i-5*g
Requested Feynman rule: I*delta.i-6.i-5*Prop(l-p2,0)*fv(l-p2)\
Requested Feynman rule: I*gamma~mu4*sunt.[a4,Na,Nc].i-6.i-7*g
Requested Feynman rule: I*fv(l-p2+px)\*Prop(l-p2+px,0)*delta.i-8.i-7
Requested Feynman rule: I*e*gamma~mu3*delta.i-3.i-8
Requested Feynman rule: I*delta.i-3.i-4*fv(l+p1)\*Prop(l+p1,0)
Requested Feynman rule: I*gamma~mu-1*sunt.[a-1,Na,Nc].i-4.i1*g
Requested Feynman rule: u(fv(p1),0).i1
Requested Feynman rule: -I*Prop(l,0)*eta.mu-1.mu-2*delta.[a-2,Na,Nc].[a-1,Na,Nc]
Requested Feynman rule: polc_gluon(fv(px),0,fv(0)).mu4.[a4,Na,Nc]
Requested Feynman rule: polc_photon(fv(p2-px+p1),0).mu3
Requested Feynman rule: vbar(fv(p2),0).i2
Requested Feynman rule: I*gamma~mu3*e*delta.i2.i-1
Requested Feynman rule: I*Prop(-px+p1,0)*fv(-px+p1)\*delta.i-2.i-1
Requested Feynman rule: I*sunt.[a4,Na,Nc].i-2.i1*gamma~mu4*g
Requested Feynman rule: u(fv(p1),0).i1
Requested Feynman rule: polc_gluon(fv(px),0,fv(0)).mu4.[a4,Na,Nc]
Requested Feynman rule: polc_photon(fv(p2-px+p1),0).mu3
Multiplying amplitudes
First amplitude:
Amplitude 11
Open fermion lines:
Line: 0
vbar(fv(p2),0).i2 * -I*sunt.[a4,Na,Nc].i-6.i-7*delta.i-6.i-5*e*Prop(l-p2+px,0)*(gamma~mu-2*fv(l-p2)\*gamma~mu4*fv(l-p2+px)\*gamma~mu3*fv(l+p1)\*gamma~mu-1)*delta.i-3.i-4*Prop(l-p2,0)*Prop(l+p1,0)*sunt.[a-2,Na,Nc].i2.i-5*sunt.[a-1,Na,Nc].i-4.i1*g^3*delta.i-3.i-8*delta.i-8.i-7 * u(fv(p1),0).i1
Closed fermion lines:
External:
[polc_gluon(fv(px),0,fv(0)).mu4.[a4,Na,Nc],polc_photon(fv(p2-px+p1),0).mu3]
Remaining Term:
-I*Prop(l,0)*eta.mu-1.mu-2*delta.[a-2,Na,Nc].[a-1,Na,Nc]

Second amplitude (already conjugated):
Amplitude 2
Open fermion lines:
Line: 0
ubar(fv(p1),0).symbol7079 * I*e*Prop(-px+p1,0)*delta.symbol7077.symbol7080*delta.symbol7078.symbol7077*sunt.[symbol7076,Na,Nc].symbol7079.symbol7078*g*(gamma~symbol7088*fv(-px+p1)\*gamma~symbol7087) * v(fv(p2),0).symbol7080
Closed fermion lines:
External:
[pol_photon(fv(p2-px+p1),0).symbol7087,pol_gluon(fv(px),0,fv(0)).symbol7088.[symbol7076,Na,Nc]]
Remaining Term:
1

using Feynman gluon polarization sum for pol_gluon(fv(px),0,fv(0)).symbol7088.[symbol7076,Na,Nc]*polc_gluon(fv(px),0,fv(0)).mu4.[a4,Na,Nc]
Calculation of Amplitude 11_X_2 requested
 * Extracting scalar prefactor
   found scalar prefactor: -I*Prop(-p2+px+l,0)*Prop(-p2+l,0)*e^2*Prop(-px+p1,0)*Prop(p1+l,0)*Prop(l,0)*g^4
 * Calculating the Color structure
color: sunt.[a4,Na,Nc].i-6.i-7*delta.i2.symbol7080*delta.symbol7079.i1*delta.i-6.i-5*eta.symbol7088.mu4*delta.i-3.i-4*eta.mu-1.mu-2*delta.symbol7077.symbol7080*sunt.[a-2,Na,Nc].i2.i-5*sunt.[a-1,Na,Nc].i-4.i1*delta.symbol7078.symbol7077*sunt.[symbol7076,Na,Nc].symbol7079.symbol7078*delta.[a4,Na,Nc].[symbol7076,Na,Nc]*eta.mu3.symbol7087*delta.i-3.i-8*delta.i-8.i-7*delta.[a-2,Na,Nc].[a-1,Na,Nc]
 * Color structures: 
<Color({sunt.[a-1,Na,Nc].symbol7078.i-5,sunt.[symbol7076,Na,Nc].i-5.i-8,sunt.[a-1,Na,Nc].i-8.symbol7079,sunt.[symbol7076,Na,Nc].symbol7079.symbol7078})>
number 1
   color result (degree Nc^1): Color({sunt.[a-1,Na,Nc].symbol7078.i-5,sunt.[symbol7076,Na,Nc].i-5.i-8,sunt.[a-1,Na,Nc].i-8.symbol7079,sunt.[symbol7076,Na,Nc].symbol7079.symbol7078}) == -1/4*Color(Nc^(-1)*(-1+Nc)*(1+Nc))
 * Color structure calculated! Time: 0.0003s
   Color order: Nc^1
 * Calculating the Dirac traces
   performing 1 Dirac trace(s)
   1 sub trace(s): . time: 0.04 s

 * Dirac traces calculated! Time: 0.05s
 * Contracting remaining Lorentz indices
 * Lorentz indices contracted! Time: 0.001s
 * Replacing scalarproducts by invariants and propagators
   SP: {SP(px,l)==-1/2*t+1/2*Prop(-p2+px+l,0)^(-1)-1/2*Prop(p2-l,0)^(-1),SP(p1,l)==-1/2*Prop(l,0)^(-1)+1/2*Prop(p1+l,0)^(-1),SP(p2,l)==1/2*Prop(l,0)^(-1)-1/2*Prop(p2-l,0)^(-1),SP(l,l)==Prop(l,0)^(-1)}
 * Matching integrals
 * Scalar products replaced, integrals matched! Time: 0.007s
 * Collecting common factors
 * Common factors collected ! Time: 0.005s

Job done (total time: 0 s)
