
Date: Sun Jun 21 20:50:12 2026


conditional: false
diagrams_file1: myresults/PPh-qqb-g-0r1v.match.yaml
diagrams_file2: myresults/PPh-qqb-g-0r0v.match.yaml
position1: 11
position2: 1
output_file: ./tmp/PPh-sq-qqb-g-0r1v.comp_11X1
result_name: 11 X 1 from diagrams in myresults/PPh-qqb-g-0r1v.match.yaml and myresults/PPh-qqb-g-0r0v.match.yaml
polarization_orthogonal_vectors:


Reading two diagrams
Reading diagram number 11 from file myresults/PPh-qqb-g-0r1v.match.yaml
rename negative field indices
Reading diagram number 1 from file myresults/PPh-qqb-g-0r0v.match.yaml
rename negative field indices
Generating amplitudes
  using Feynman polarizations everywhere
Requested Feynman rule: vbar(fv(p2),0).i2
Requested Feynman rule: I*sunt.[a-2,Na,Nc].i2.i-5*gamma~mu-2*g
Requested Feynman rule: I*fv(-p2+l)\*Prop(-p2+l,0)*delta.i-6.i-5
Requested Feynman rule: I*sunt.[a4,Na,Nc].i-6.i-7*g*gamma~mu4
Requested Feynman rule: I*delta.i-7.i-8*Prop(-p2+px+l,0)*fv(-p2+px+l)\
Requested Feynman rule: I*e*delta.i-8.i-3*gamma~mu3
Requested Feynman rule: I*delta.i-3.i-4*fv(p1+l)\*Prop(p1+l,0)
Requested Feynman rule: I*sunt.[a-1,Na,Nc].i-4.i1*gamma~mu-1*g
Requested Feynman rule: u(fv(p1),0).i1
Requested Feynman rule: -I*Prop(l,0)*delta.[a-1,Na,Nc].[a-2,Na,Nc]*eta.mu-1.mu-2
Requested Feynman rule: polc_gluon(fv(px),0,fv(0)).mu4.[a4,Na,Nc]
Requested Feynman rule: polc_photon(fv(p2-px+p1),0).mu3
Requested Feynman rule: vbar(fv(p2),0).i2
Requested Feynman rule: I*sunt.[a4,Na,Nc].i2.i-1*gamma~mu4*g
Requested Feynman rule: I*delta.i-2.i-1*Prop(-p2+px,0)*fv(-p2+px)\
Requested Feynman rule: I*e*gamma~mu3*delta.i-2.i1
Requested Feynman rule: u(fv(p1),0).i1
Requested Feynman rule: polc_gluon(fv(px),0,fv(0)).mu4.[a4,Na,Nc]
Requested Feynman rule: polc_photon(fv(p2-px+p1),0).mu3
Multiplying amplitudes
First amplitude:
Amplitude 11
Open fermion lines:
Line: 0
vbar(fv(p2),0).i2 * -I*delta.i-3.i-4*sunt.[a-1,Na,Nc].i-4.i1*e*delta.i-7.i-8*sunt.[a-2,Na,Nc].i2.i-5*sunt.[a4,Na,Nc].i-6.i-7*(gamma~mu-2*fv(-p2+l)\*gamma~mu4*fv(-p2+px+l)\*gamma~mu3*fv(p1+l)\*gamma~mu-1)*Prop(p1+l,0)*delta.i-8.i-3*Prop(-p2+l,0)*delta.i-6.i-5*Prop(-p2+px+l,0)*g^3 * u(fv(p1),0).i1
Closed fermion lines:
External:
[polc_gluon(fv(px),0,fv(0)).mu4.[a4,Na,Nc],polc_photon(fv(p2-px+p1),0).mu3]
Remaining Term:
-I*Prop(l,0)*delta.[a-1,Na,Nc].[a-2,Na,Nc]*eta.mu-1.mu-2

Second amplitude (already conjugated):
Amplitude 1
Open fermion lines:
Line: 0
ubar(fv(p1),0).symbol6637 * I*(gamma~symbol6645*fv(-p2+px)\*gamma~symbol6646)*delta.symbol6636.symbol6635*e*Prop(-p2+px,0)*sunt.[symbol6634,Na,Nc].symbol6635.symbol6638*delta.symbol6637.symbol6636*g * v(fv(p2),0).symbol6638
Closed fermion lines:
External:
[pol_photon(fv(p2-px+p1),0).symbol6645,pol_gluon(fv(px),0,fv(0)).symbol6646.[symbol6634,Na,Nc]]
Remaining Term:
1

using Feynman gluon polarization sum for pol_gluon(fv(px),0,fv(0)).symbol6646.[symbol6634,Na,Nc]*polc_gluon(fv(px),0,fv(0)).mu4.[a4,Na,Nc]
Calculation of Amplitude 11_X_1 requested
 * Extracting scalar prefactor
   found scalar prefactor: -I*Prop(-p2+px+l,0)*Prop(-p2+l,0)*e^2*Prop(-p2+px,0)*Prop(p1+l,0)*Prop(l,0)*g^4
 * Calculating the Color structure
color: delta.i-3.i-4*sunt.[a-1,Na,Nc].i-4.i1*eta.symbol6645.mu3*delta.symbol6636.symbol6635*delta.i-7.i-8*eta.mu4.symbol6646*sunt.[symbol6634,Na,Nc].symbol6635.symbol6638*delta.i2.symbol6638*sunt.[a-2,Na,Nc].i2.i-5*sunt.[a4,Na,Nc].i-6.i-7*delta.i-8.i-3*delta.[symbol6634,Na,Nc].[a4,Na,Nc]*delta.symbol6637.i1*delta.[a-1,Na,Nc].[a-2,Na,Nc]*eta.mu-1.mu-2*delta.i-6.i-5*delta.symbol6637.symbol6636
 * Color structures: 
<Color({sunt.[a-2,Na,Nc].i2.i-6,sunt.[a4,Na,Nc].symbol6636.i2,sunt.[a4,Na,Nc].i-6.i-8,sunt.[a-2,Na,Nc].i-8.symbol6636})>
number 1
   color result (degree Nc^1): Color({sunt.[a-2,Na,Nc].i2.i-6,sunt.[a4,Na,Nc].symbol6636.i2,sunt.[a4,Na,Nc].i-6.i-8,sunt.[a-2,Na,Nc].i-8.symbol6636}) == -1/4*Color(Nc^(-1)*(-1+Nc)*(1+Nc))
 * Color structure calculated! Time: 0.0006s
   Color order: Nc^1
 * Calculating the Dirac traces
   performing 1 Dirac trace(s)
   1 sub trace(s): . time: 0.04 s

 * Dirac traces calculated! Time: 0.04s
 * Contracting remaining Lorentz indices
 * Lorentz indices contracted! Time: 0.0009s
 * Replacing scalarproducts by invariants and propagators
   SP: {SP(px,l)==-1/2*t+1/2*Prop(-p2+px+l,0)^(-1)-1/2*Prop(p2-l,0)^(-1),SP(p1,l)==-1/2*Prop(l,0)^(-1)+1/2*Prop(p1+l,0)^(-1),SP(p2,l)==1/2*Prop(l,0)^(-1)-1/2*Prop(p2-l,0)^(-1),SP(l,l)==Prop(l,0)^(-1)}
 * Matching integrals
 * Scalar products replaced, integrals matched! Time: 0.005s
 * Collecting common factors
 * Common factors collected ! Time: 0.003s

Job done (total time: 0 s)
