
Date: Sun Jun 21 20:50:11 2026


conditional: false
diagrams_file1: myresults/PPh-qqb-g-0r1v.match.yaml
diagrams_file2: myresults/PPh-qqb-g-0r0v.match.yaml
position1: 8
position2: 2
output_file: ./tmp/PPh-sq-qqb-g-0r1v.comp_8X2
result_name: 8 X 2 from diagrams in myresults/PPh-qqb-g-0r1v.match.yaml and myresults/PPh-qqb-g-0r0v.match.yaml
polarization_orthogonal_vectors:


Reading two diagrams
Reading diagram number 8 from file myresults/PPh-qqb-g-0r1v.match.yaml
rename negative field indices
Reading diagram number 2 from file myresults/PPh-qqb-g-0r0v.match.yaml
rename negative field indices
Generating amplitudes
  using Feynman polarizations everywhere
Requested Feynman rule: vbar(fv(p2),0).i2
Requested Feynman rule: I*gamma~mu3*delta.i2.i-1*e
Requested Feynman rule: I*delta.i-1.i-2*Prop(-px+p1,0)*fv(-px+p1)\
Requested Feynman rule: I*gamma~mu-6*sunt.[a-6,Na,Nc].i-2.i-7*g
Requested Feynman rule: I*Prop(l-px+p1,0)*delta.i-8.i-7*fv(l-px+p1)\
Requested Feynman rule: I*sunt.[a4,Na,Nc].i-8.i-3*gamma~mu4*g
Requested Feynman rule: I*delta.i-4.i-3*fv(l+p1)\*Prop(l+p1,0)
Requested Feynman rule: I*sunt.[a-5,Na,Nc].i-4.i1*gamma~mu-5*g
Requested Feynman rule: u(fv(p1),0).i1
Requested Feynman rule: -I*eta.mu-5.mu-6*delta.[a-6,Na,Nc].[a-5,Na,Nc]*Prop(l,0)
Requested Feynman rule: polc_gluon(fv(px),0,fv(0)).mu4.[a4,Na,Nc]
Requested Feynman rule: polc_photon(fv(p2-px+p1),0).mu3
Requested Feynman rule: vbar(fv(p2),0).i2
Requested Feynman rule: I*gamma~mu3*e*delta.i2.i-1
Requested Feynman rule: I*delta.i-1.i-2*Prop(-px+p1,0)*fv(-px+p1)\
Requested Feynman rule: I*sunt.[a4,Na,Nc].i-2.i1*gamma~mu4*g
Requested Feynman rule: u(fv(p1),0).i1
Requested Feynman rule: polc_gluon(fv(px),0,fv(0)).mu4.[a4,Na,Nc]
Requested Feynman rule: polc_photon(fv(p2-px+p1),0).mu3
Multiplying amplitudes
First amplitude:
Amplitude 8
Open fermion lines:
Line: 0
vbar(fv(p2),0).i2 * -I*delta.i-4.i-3*delta.i-1.i-2*delta.i2.i-1*sunt.[a4,Na,Nc].i-8.i-3*sunt.[a-5,Na,Nc].i-4.i1*e*(gamma~mu3*fv(-px+p1)\*gamma~mu-6*fv(l-px+p1)\*gamma~mu4*fv(l+p1)\*gamma~mu-5)*Prop(-px+p1,0)*sunt.[a-6,Na,Nc].i-2.i-7*Prop(l+p1,0)*Prop(l-px+p1,0)*delta.i-8.i-7*g^3 * u(fv(p1),0).i1
Closed fermion lines:
External:
[polc_gluon(fv(px),0,fv(0)).mu4.[a4,Na,Nc],polc_photon(fv(p2-px+p1),0).mu3]
Remaining Term:
-I*eta.mu-5.mu-6*delta.[a-6,Na,Nc].[a-5,Na,Nc]*Prop(l,0)

Second amplitude (already conjugated):
Amplitude 2
Open fermion lines:
Line: 0
ubar(fv(p1),0).symbol4858 * I*(gamma~symbol4867*fv(-px+p1)\*gamma~symbol4866)*e*sunt.[symbol4855,Na,Nc].symbol4858.symbol4857*Prop(-px+p1,0)*delta.symbol4856.symbol4857*delta.symbol4856.symbol4859*g * v(fv(p2),0).symbol4859
Closed fermion lines:
External:
[pol_photon(fv(p2-px+p1),0).symbol4866,pol_gluon(fv(px),0,fv(0)).symbol4867.[symbol4855,Na,Nc]]
Remaining Term:
1

using Feynman gluon polarization sum for pol_gluon(fv(px),0,fv(0)).symbol4867.[symbol4855,Na,Nc]*polc_gluon(fv(px),0,fv(0)).mu4.[a4,Na,Nc]
Calculation of Amplitude 8_X_2 requested
 * Extracting scalar prefactor
   found scalar prefactor: -I*e^2*Prop(-px+p1,0)^2*Prop(p1+l,0)*Prop(-px+p1+l,0)*Prop(l,0)*g^4
 * Calculating the Color structure
color: delta.i-4.i-3*delta.[a4,Na,Nc].[symbol4855,Na,Nc]*delta.i-1.i-2*delta.i1.symbol4858*delta.i2.i-1*sunt.[a4,Na,Nc].i-8.i-3*sunt.[a-5,Na,Nc].i-4.i1*sunt.[symbol4855,Na,Nc].symbol4858.symbol4857*eta.mu4.symbol4867*eta.mu-5.mu-6*delta.symbol4856.symbol4857*sunt.[a-6,Na,Nc].i-2.i-7*delta.i-8.i-7*eta.mu3.symbol4866*delta.[a-6,Na,Nc].[a-5,Na,Nc]*delta.symbol4856.symbol4859*delta.i2.symbol4859
 * Color structures: 
<Color({sunt.[symbol4855,Na,Nc].i-7.i-4,sunt.[a-6,Na,Nc].i-4.symbol4858,sunt.[a-6,Na,Nc].i2.i-7,sunt.[symbol4855,Na,Nc].symbol4858.i2})>
number 1
   color result (degree Nc^1): Color({sunt.[symbol4855,Na,Nc].i-7.i-4,sunt.[a-6,Na,Nc].i-4.symbol4858,sunt.[a-6,Na,Nc].i2.i-7,sunt.[symbol4855,Na,Nc].symbol4858.i2}) == -1/4*Color(Nc^(-1)*(-1+Nc)*(1+Nc))
 * Color structure calculated! Time: 0.0004s
   Color order: Nc^1
 * Calculating the Dirac traces
   performing 1 Dirac trace(s)
   1 sub trace(s): . time: 0.02 s

 * Dirac traces calculated! Time: 0.02s
 * Contracting remaining Lorentz indices
 * Lorentz indices contracted! Time: 0.0007s
 * Replacing scalarproducts by invariants and propagators
   SP: {SP(px,l)==1/2*Prop(p1+l,0)^(-1)+1/2*u-1/2*Prop(-px+p1+l,0)^(-1),SP(p1,l)==-1/2*Prop(l,0)^(-1)+1/2*Prop(p1+l,0)^(-1),SP(p2,l)==1/2*Prop(l,0)^(-1)-1/2*Prop(p2-l,0)^(-1),SP(l,l)==Prop(l,0)^(-1)}
 * Matching integrals
 * Scalar products replaced, integrals matched! Time: 0.002s
 * Collecting common factors
 * Common factors collected ! Time: 0.001s

Job done (total time: 0 s)
