
Date: Sun Jun 21 20:50:11 2026


conditional: false
diagrams_file1: myresults/PPh-qqb-g-0r1v.match.yaml
diagrams_file2: myresults/PPh-qqb-g-0r0v.match.yaml
position1: 7
position2: 2
output_file: ./tmp/PPh-sq-qqb-g-0r1v.comp_7X2
result_name: 7 X 2 from diagrams in myresults/PPh-qqb-g-0r1v.match.yaml and myresults/PPh-qqb-g-0r0v.match.yaml
polarization_orthogonal_vectors:


Reading two diagrams
Reading diagram number 7 from file myresults/PPh-qqb-g-0r1v.match.yaml
rename negative field indices
Reading diagram number 2 from file myresults/PPh-qqb-g-0r0v.match.yaml
rename negative field indices
Generating amplitudes
  using Feynman polarizations everywhere
Requested Feynman rule: vbar(fv(p2),0).i2
Requested Feynman rule: I*gamma~mu-5*sunt.[a-5,Na,Nc].i2.i-3*g
Requested Feynman rule: I*Prop(-p2-l,0)*fv(-p2-l)\*delta.i-4.i-3
Requested Feynman rule: I*delta.i-7.i-4*e*gamma~mu3
Requested Feynman rule: I*delta.i-7.i-8*fv(-px+p1-l)\*Prop(-px+p1-l,0)
Requested Feynman rule: I*gamma~mu-6*g*sunt.[a-6,Na,Nc].i-8.i-1
Requested Feynman rule: I*Prop(-px+p1,0)*delta.i-1.i-2*fv(-px+p1)\
Requested Feynman rule: I*gamma~mu4*g*sunt.[a4,Na,Nc].i-2.i1
Requested Feynman rule: u(fv(p1),0).i1
Requested Feynman rule: -I*Prop(l,0)*eta.mu-6.mu-5*delta.[a-5,Na,Nc].[a-6,Na,Nc]
Requested Feynman rule: polc_gluon(fv(px),0,fv(0)).mu4.[a4,Na,Nc]
Requested Feynman rule: polc_photon(fv(p2-px+p1),0).mu3
Requested Feynman rule: vbar(fv(p2),0).i2
Requested Feynman rule: I*e*delta.i-1.i2*gamma~mu3
Requested Feynman rule: I*Prop(-px+p1,0)*delta.i-1.i-2*fv(-px+p1)\
Requested Feynman rule: I*sunt.[a4,Na,Nc].i-2.i1*gamma~mu4*g
Requested Feynman rule: u(fv(p1),0).i1
Requested Feynman rule: polc_gluon(fv(px),0,fv(0)).mu4.[a4,Na,Nc]
Requested Feynman rule: polc_photon(fv(p2-px+p1),0).mu3
Multiplying amplitudes
First amplitude:
Amplitude 7
Open fermion lines:
Line: 0
vbar(fv(p2),0).i2 * -I*delta.i-7.i-8*(gamma~mu-5*fv(-p2-l)\*gamma~mu3*fv(-px+p1-l)\*gamma~mu-6*fv(-px+p1)\*gamma~mu4)*delta.i-7.i-4*Prop(-p2-l,0)*e*Prop(-px+p1,0)*delta.i-1.i-2*Prop(-px+p1-l,0)*sunt.[a-5,Na,Nc].i2.i-3*g^3*sunt.[a-6,Na,Nc].i-8.i-1*delta.i-4.i-3*sunt.[a4,Na,Nc].i-2.i1 * u(fv(p1),0).i1
Closed fermion lines:
External:
[polc_gluon(fv(px),0,fv(0)).mu4.[a4,Na,Nc],polc_photon(fv(p2-px+p1),0).mu3]
Remaining Term:
-I*Prop(l,0)*eta.mu-6.mu-5*delta.[a-5,Na,Nc].[a-6,Na,Nc]

Second amplitude (already conjugated):
Amplitude 2
Open fermion lines:
Line: 0
ubar(fv(p1),0).symbol4234 * I*delta.symbol4235.symbol4232*e*delta.symbol4233.symbol4232*(gamma~symbol4243*fv(-px+p1)\*gamma~symbol4242)*Prop(-px+p1,0)*sunt.[symbol4231,Na,Nc].symbol4234.symbol4233*g * v(fv(p2),0).symbol4235
Closed fermion lines:
External:
[pol_photon(fv(p2-px+p1),0).symbol4242,pol_gluon(fv(px),0,fv(0)).symbol4243.[symbol4231,Na,Nc]]
Remaining Term:
1

using Feynman gluon polarization sum for pol_gluon(fv(px),0,fv(0)).symbol4243.[symbol4231,Na,Nc]*polc_gluon(fv(px),0,fv(0)).mu4.[a4,Na,Nc]
Calculation of Amplitude 7_X_2 requested
 * Extracting scalar prefactor
   found scalar prefactor: -I*Prop(-px+p1-l,0)*e^2*Prop(-px+p1,0)^2*Prop(-p2-l,0)*Prop(l,0)*g^4
 * Calculating the Color structure
color: delta.i-7.i-8*delta.symbol4234.i1*delta.symbol4235.symbol4232*delta.i-7.i-4*delta.symbol4235.i2*delta.symbol4233.symbol4232*eta.mu-6.mu-5*delta.i-1.i-2*delta.[a-5,Na,Nc].[a-6,Na,Nc]*eta.mu3.symbol4242*sunt.[symbol4231,Na,Nc].symbol4234.symbol4233*eta.mu4.symbol4243*sunt.[a-5,Na,Nc].i2.i-3*sunt.[a-6,Na,Nc].i-8.i-1*delta.[symbol4231,Na,Nc].[a4,Na,Nc]*delta.i-4.i-3*sunt.[a4,Na,Nc].i-2.i1
 * Color structures: 
<Color({sunt.[a4,Na,Nc].i1.symbol4235,sunt.[a-6,Na,Nc].symbol4235.i-4,sunt.[a-6,Na,Nc].i-4.i-2,sunt.[a4,Na,Nc].i-2.i1})>
number 1
   color result (degree Nc^3): Color({sunt.[a4,Na,Nc].i1.symbol4235,sunt.[a-6,Na,Nc].symbol4235.i-4,sunt.[a-6,Na,Nc].i-4.i-2,sunt.[a4,Na,Nc].i-2.i1}) == 1/4*Color(Nc^(-1)*(-1+Nc)^2*(1+Nc)^2)
 * Color structure calculated! Time: 0.001s
   Color order: Nc^3
 * Calculating the Dirac traces
   performing 1 Dirac trace(s)
   1 sub trace(s): . time: 0.02 s

 * Dirac traces calculated! Time: 0.02s
 * Contracting remaining Lorentz indices
 * Lorentz indices contracted! Time: 0.0003s
 * Replacing scalarproducts by invariants and propagators
   SP: {SP(px,l)==-1/2*Prop(p1-l,0)^(-1)-1/2*u+1/2*Prop(px-p1+l,0)^(-1),SP(p1,l)==1/2*Prop(l,0)^(-1)-1/2*Prop(p1-l,0)^(-1),SP(p2,l)==-1/2*Prop(l,0)^(-1)+1/2*Prop(p2+l,0)^(-1),SP(l,l)==Prop(l,0)^(-1)}
 * Matching integrals
 * Scalar products replaced, integrals matched! Time: 0.004s
 * Collecting common factors
 * Common factors collected ! Time: 0.002s

Job done (total time: 0 s)
