
Date: Sun Jun 21 20:50:11 2026


conditional: false
diagrams_file1: myresults/PPh-qqb-g-0r1v.match.yaml
diagrams_file2: myresults/PPh-qqb-g-0r0v.match.yaml
position1: 7
position2: 1
output_file: ./tmp/PPh-sq-qqb-g-0r1v.comp_7X1
result_name: 7 X 1 from diagrams in myresults/PPh-qqb-g-0r1v.match.yaml and myresults/PPh-qqb-g-0r0v.match.yaml
polarization_orthogonal_vectors:


Reading two diagrams
Reading diagram number 7 from file myresults/PPh-qqb-g-0r1v.match.yaml
rename negative field indices
Reading diagram number 1 from file myresults/PPh-qqb-g-0r0v.match.yaml
rename negative field indices
Generating amplitudes
  using Feynman polarizations everywhere
Requested Feynman rule: vbar(fv(p2),0).i2
Requested Feynman rule: I*gamma~mu-5*sunt.[a-5,Na,Nc].i2.i-3*g
Requested Feynman rule: I*Prop(-p2-l,0)*fv(-p2-l)\*delta.i-4.i-3
Requested Feynman rule: I*e*gamma~mu3*delta.i-4.i-7
Requested Feynman rule: I*Prop(-l-px+p1,0)*delta.i-7.i-8*fv(-l-px+p1)\
Requested Feynman rule: I*g*sunt.[a-6,Na,Nc].i-8.i-1*gamma~mu-6
Requested Feynman rule: I*delta.i-2.i-1*Prop(-px+p1,0)*fv(-px+p1)\
Requested Feynman rule: I*sunt.[a4,Na,Nc].i-2.i1*gamma~mu4*g
Requested Feynman rule: u(fv(p1),0).i1
Requested Feynman rule: -I*delta.[a-5,Na,Nc].[a-6,Na,Nc]*Prop(l,0)*eta.mu-5.mu-6
Requested Feynman rule: polc_gluon(fv(px),0,fv(0)).mu4.[a4,Na,Nc]
Requested Feynman rule: polc_photon(fv(p2-px+p1),0).mu3
Requested Feynman rule: vbar(fv(p2),0).i2
Requested Feynman rule: I*gamma~mu4*g*sunt.[a4,Na,Nc].i2.i-1
Requested Feynman rule: I*delta.i-1.i-2*Prop(-p2+px,0)*fv(-p2+px)\
Requested Feynman rule: I*e*delta.i1.i-2*gamma~mu3
Requested Feynman rule: u(fv(p1),0).i1
Requested Feynman rule: polc_gluon(fv(px),0,fv(0)).mu4.[a4,Na,Nc]
Requested Feynman rule: polc_photon(fv(p2-px+p1),0).mu3
Multiplying amplitudes
First amplitude:
Amplitude 7
Open fermion lines:
Line: 0
vbar(fv(p2),0).i2 * -I*Prop(-l-px+p1,0)*Prop(-p2-l,0)*sunt.[a4,Na,Nc].i-2.i1*delta.i-2.i-1*(gamma~mu-5*fv(-p2-l)\*gamma~mu3*fv(-l-px+p1)\*gamma~mu-6*fv(-px+p1)\*gamma~mu4)*e*delta.i-7.i-8*Prop(-px+p1,0)*sunt.[a-5,Na,Nc].i2.i-3*delta.i-4.i-3*g^3*sunt.[a-6,Na,Nc].i-8.i-1*delta.i-4.i-7 * u(fv(p1),0).i1
Closed fermion lines:
External:
[polc_gluon(fv(px),0,fv(0)).mu4.[a4,Na,Nc],polc_photon(fv(p2-px+p1),0).mu3]
Remaining Term:
-I*delta.[a-5,Na,Nc].[a-6,Na,Nc]*Prop(l,0)*eta.mu-5.mu-6

Second amplitude (already conjugated):
Amplitude 1
Open fermion lines:
Line: 0
ubar(fv(p1),0).symbol3941 * I*(gamma~symbol3949*fv(-p2+px)\*gamma~symbol3950)*e*delta.symbol3941.symbol3940*Prop(-p2+px,0)*delta.symbol3939.symbol3940*sunt.[symbol3938,Na,Nc].symbol3939.symbol3942*g * v(fv(p2),0).symbol3942
Closed fermion lines:
External:
[pol_photon(fv(p2-px+p1),0).symbol3949,pol_gluon(fv(px),0,fv(0)).symbol3950.[symbol3938,Na,Nc]]
Remaining Term:
1

using Feynman gluon polarization sum for pol_gluon(fv(px),0,fv(0)).symbol3950.[symbol3938,Na,Nc]*polc_gluon(fv(px),0,fv(0)).mu4.[a4,Na,Nc]
Calculation of Amplitude 7_X_1 requested
 * Extracting scalar prefactor
   found scalar prefactor: -I*Prop(-px+p1-l,0)*e^2*Prop(-p2+px,0)*Prop(-px+p1,0)*Prop(-p2-l,0)*Prop(l,0)*g^4
 * Calculating the Color structure
color: sunt.[a4,Na,Nc].i-2.i1*delta.i-2.i-1*delta.i1.symbol3941*delta.symbol3941.symbol3940*delta.[a-5,Na,Nc].[a-6,Na,Nc]*delta.i-7.i-8*delta.symbol3939.symbol3940*sunt.[symbol3938,Na,Nc].symbol3939.symbol3942*delta.[a4,Na,Nc].[symbol3938,Na,Nc]*eta.mu3.symbol3949*sunt.[a-5,Na,Nc].i2.i-3*eta.mu4.symbol3950*delta.i-4.i-3*delta.i2.symbol3942*sunt.[a-6,Na,Nc].i-8.i-1*delta.i-4.i-7*eta.mu-5.mu-6
 * Color structures: 
<Color({sunt.[symbol3938,Na,Nc].i-1.symbol3939,sunt.[a-6,Na,Nc].i-7.i-1,sunt.[a-6,Na,Nc].i2.i-7,sunt.[symbol3938,Na,Nc].symbol3939.i2})>
number 1
   color result (degree Nc^3): Color({sunt.[symbol3938,Na,Nc].i-1.symbol3939,sunt.[a-6,Na,Nc].i-7.i-1,sunt.[a-6,Na,Nc].i2.i-7,sunt.[symbol3938,Na,Nc].symbol3939.i2}) == 1/4*Color(Nc^(-1)*(-1+Nc)^2*(1+Nc)^2)
 * Color structure calculated! Time: 0.0005s
   Color order: Nc^3
 * Calculating the Dirac traces
   performing 1 Dirac trace(s)
   1 sub trace(s): . time: 0.03 s

 * Dirac traces calculated! Time: 0.03s
 * Contracting remaining Lorentz indices
 * Lorentz indices contracted! Time: 0.001s
 * Replacing scalarproducts by invariants and propagators
   SP: {SP(px,l)==-1/2*Prop(p1-l,0)^(-1)-1/2*u+1/2*Prop(px-p1+l,0)^(-1),SP(p1,l)==1/2*Prop(l,0)^(-1)-1/2*Prop(p1-l,0)^(-1),SP(p2,l)==-1/2*Prop(l,0)^(-1)+1/2*Prop(p2+l,0)^(-1),SP(l,l)==Prop(l,0)^(-1)}
 * Matching integrals
 * Scalar products replaced, integrals matched! Time: 0.004s
 * Collecting common factors
 * Common factors collected ! Time: 0.004s

Job done (total time: 0 s)
