
Date: Sun Jun 21 20:50:11 2026


conditional: false
diagrams_file1: myresults/PPh-qqb-g-0r1v.match.yaml
diagrams_file2: myresults/PPh-qqb-g-0r0v.match.yaml
position1: 6
position2: 1
output_file: ./tmp/PPh-sq-qqb-g-0r1v.comp_6X1
result_name: 6 X 1 from diagrams in myresults/PPh-qqb-g-0r1v.match.yaml and myresults/PPh-qqb-g-0r0v.match.yaml
polarization_orthogonal_vectors:


Reading two diagrams
Reading diagram number 6 from file myresults/PPh-qqb-g-0r1v.match.yaml
rename negative field indices
Reading diagram number 1 from file myresults/PPh-qqb-g-0r0v.match.yaml
rename negative field indices
Generating amplitudes
  using Feynman polarizations everywhere
Requested Feynman rule: vbar(fv(p2),0).i2
Requested Feynman rule: I*sunt.[a-3,Na,Nc].i2.i-5*gamma~mu-3*g
Requested Feynman rule: I*fv(l)\*delta.i-6.i-5*Prop(l,0)
Requested Feynman rule: I*gamma~mu-8*sunt.[a-8,Na,Nc].i-6.i-1*g
Requested Feynman rule: I*delta.i-2.i-1*Prop(-p2+px,0)*fv(-p2+px)\
Requested Feynman rule: I*e*gamma~mu3*delta.i1.i-2
Requested Feynman rule: u(fv(p1),0).i1
Requested Feynman rule: sunf.[a4,Na,Nc].[a-4,Na,Nc].[a-7,Na,Nc]*(eta~mu4~mu-7*fv(-p2-l+2*px)~mu-4+eta~mu-4~mu-7*fv(2*p2+2*l-px)~mu4+eta~mu4~mu-4*fv(-p2-l-px)~mu-7)*g
Requested Feynman rule: -I*delta.[a-8,Na,Nc].[a-7,Na,Nc]*Prop(-p2-l+px,0)*eta.mu-8.mu-7
Requested Feynman rule: -I*eta.mu-3.mu-4*Prop(-p2-l,0)*delta.[a-3,Na,Nc].[a-4,Na,Nc]
Requested Feynman rule: polc_gluon(fv(px),0,fv(0)).mu4.[a4,Na,Nc]
Requested Feynman rule: polc_photon(fv(p2-px+p1),0).mu3
Requested Feynman rule: vbar(fv(p2),0).i2
Requested Feynman rule: I*gamma~mu4*sunt.[a4,Na,Nc].i2.i-1*g
Requested Feynman rule: I*Prop(-p2+px,0)*fv(-p2+px)\*delta.i-1.i-2
Requested Feynman rule: I*e*gamma~mu3*delta.i1.i-2
Requested Feynman rule: u(fv(p1),0).i1
Requested Feynman rule: polc_gluon(fv(px),0,fv(0)).mu4.[a4,Na,Nc]
Requested Feynman rule: polc_photon(fv(p2-px+p1),0).mu3
Multiplying amplitudes
First amplitude:
Amplitude 6
Open fermion lines:
Line: 0
vbar(fv(p2),0).i2 * I*delta.i-2.i-1*sunt.[a-3,Na,Nc].i2.i-5*e*Prop(-p2+px,0)*delta.i1.i-2*(gamma~mu-3*fv(l)\*gamma~mu-8*fv(-p2+px)\*gamma~mu3)*delta.i-6.i-5*Prop(l,0)*sunt.[a-8,Na,Nc].i-6.i-1*g^2 * u(fv(p1),0).i1
Closed fermion lines:
External:
[polc_gluon(fv(px),0,fv(0)).mu4.[a4,Na,Nc],polc_photon(fv(p2-px+p1),0).mu3]
Remaining Term:
-delta.[a-8,Na,Nc].[a-7,Na,Nc]*eta.mu-3.mu-4*sunf.[a4,Na,Nc].[a-4,Na,Nc].[a-7,Na,Nc]*(eta~mu4~mu-7*fv(-p2-l+2*px)~mu-4+eta~mu-4~mu-7*fv(2*p2+2*l-px)~mu4+eta~mu4~mu-4*fv(-p2-l-px)~mu-7)*Prop(-p2-l,0)*Prop(-p2-l+px,0)*delta.[a-3,Na,Nc].[a-4,Na,Nc]*g*eta.mu-8.mu-7

Second amplitude (already conjugated):
Amplitude 1
Open fermion lines:
Line: 0
ubar(fv(p1),0).symbol3468 * I*sunt.[symbol3465,Na,Nc].symbol3466.symbol3469*e*Prop(-p2+px,0)*delta.symbol3468.symbol3467*(gamma~symbol3476*fv(-p2+px)\*gamma~symbol3477)*delta.symbol3466.symbol3467*g * v(fv(p2),0).symbol3469
Closed fermion lines:
External:
[pol_photon(fv(p2-px+p1),0).symbol3476,pol_gluon(fv(px),0,fv(0)).symbol3477.[symbol3465,Na,Nc]]
Remaining Term:
1

using Feynman gluon polarization sum for pol_gluon(fv(px),0,fv(0)).symbol3477.[symbol3465,Na,Nc]*polc_gluon(fv(px),0,fv(0)).mu4.[a4,Na,Nc]
Calculation of Amplitude 6_X_1 requested
 * Extracting scalar prefactor
   found scalar prefactor: e^2*Prop(-p2+px,0)^2*Prop(-p2+px-l,0)*Prop(-p2-l,0)*Prop(l,0)*g^4
 * Calculating the Color structure
color: delta.[a-8,Na,Nc].[a-7,Na,Nc]*eta.mu-3.mu-4*delta.[symbol3465,Na,Nc].[a4,Na,Nc]*delta.i-2.i-1*sunf.[a4,Na,Nc].[a-4,Na,Nc].[a-7,Na,Nc]*sunt.[symbol3465,Na,Nc].symbol3466.symbol3469*sunt.[a-3,Na,Nc].i2.i-5*delta.i1.i-2*delta.symbol3468.symbol3467*(eta~mu4~mu-7*fv(-p2+2*px-l)~mu-4+eta~mu4~mu-4*fv(-p2-px-l)~mu-7+eta~mu-4~mu-7*fv(2*p2-px+2*l)~mu4)*delta.symbol3466.symbol3467*delta.i-6.i-5*eta.mu3.symbol3476*delta.i1.symbol3468*delta.symbol3469.i2*delta.[a-3,Na,Nc].[a-4,Na,Nc]*sunt.[a-8,Na,Nc].i-6.i-1*eta.symbol3477.mu4*eta.mu-8.mu-7
 * Color structures: 
<Color({sunf.[symbol3465,Na,Nc].[a-3,Na,Nc].[a-8,Na,Nc],sunt.[a-3,Na,Nc].i2.i-6,sunt.[a-8,Na,Nc].i-6.symbol3467,sunt.[symbol3465,Na,Nc].symbol3467.i2})>
number 1
   color result (degree Nc^3): Color({sunf.[symbol3465,Na,Nc].[a-3,Na,Nc].[a-8,Na,Nc],sunt.[a-3,Na,Nc].i2.i-6,sunt.[a-8,Na,Nc].i-6.symbol3467,sunt.[symbol3465,Na,Nc].symbol3467.i2}) == (1/4*I)*Color(Nc*(-1+Nc)*(1+Nc))
 * Color structure calculated! Time: 0.0006s
   Color order: Nc^3
 * Calculating the Dirac traces
   performing 1 Dirac trace(s)
   1 sub trace(s): . time: 0.01 s

 * Dirac traces calculated! Time: 0.01s
 * Contracting remaining Lorentz indices
 * Lorentz indices contracted! Time: 0.003s
 * Replacing scalarproducts by invariants and propagators
   SP: {SP(px,l)==1/2*t-1/2*Prop(p2-px+l,0)^(-1)+1/2*Prop(p2+l,0)^(-1),SP(p1,l)==1/2*Prop(l,0)^(-1)-1/2*Prop(p1-l,0)^(-1),SP(p2,l)==-1/2*Prop(l,0)^(-1)+1/2*Prop(p2+l,0)^(-1),SP(l,l)==Prop(l,0)^(-1)}
 * Matching integrals
 * Scalar products replaced, integrals matched! Time: 0.003s
 * Collecting common factors
 * Common factors collected ! Time: 0.001s

Job done (total time: 0 s)
