
Date: Sun Jun 21 20:50:11 2026


conditional: false
diagrams_file1: myresults/PPh-qqb-g-0r1v.match.yaml
diagrams_file2: myresults/PPh-qqb-g-0r0v.match.yaml
position1: 5
position2: 2
output_file: ./tmp/PPh-sq-qqb-g-0r1v.comp_5X2
result_name: 5 X 2 from diagrams in myresults/PPh-qqb-g-0r1v.match.yaml and myresults/PPh-qqb-g-0r0v.match.yaml
polarization_orthogonal_vectors:


Reading two diagrams
Reading diagram number 5 from file myresults/PPh-qqb-g-0r1v.match.yaml
rename negative field indices
Reading diagram number 2 from file myresults/PPh-qqb-g-0r0v.match.yaml
rename negative field indices
Generating amplitudes
  using Feynman polarizations everywhere
Requested Feynman rule: vbar(fv(p2),0).i2
Requested Feynman rule: I*sunt.[a-5,Na,Nc].i2.i-3*gamma~mu-5*g
Requested Feynman rule: I*fv(-l-p2)\*Prop(-l-p2,0)*delta.i-3.i-4
Requested Feynman rule: I*sunt.[a4,Na,Nc].i-4.i-7*gamma~mu4*g
Requested Feynman rule: I*delta.i-7.i-8*fv(-l-p2+px)\*Prop(-l-p2+px,0)
Requested Feynman rule: I*gamma~mu-6*sunt.[a-6,Na,Nc].i-8.i-1*g
Requested Feynman rule: I*Prop(-p2+px,0)*fv(-p2+px)\*delta.i-1.i-2
Requested Feynman rule: I*e*gamma~mu3*delta.i1.i-2
Requested Feynman rule: u(fv(p1),0).i1
Requested Feynman rule: -I*delta.[a-6,Na,Nc].[a-5,Na,Nc]*eta.mu-5.mu-6*Prop(l,0)
Requested Feynman rule: polc_gluon(fv(px),0,fv(0)).mu4.[a4,Na,Nc]
Requested Feynman rule: polc_photon(fv(p2-px+p1),0).mu3
Requested Feynman rule: vbar(fv(p2),0).i2
Requested Feynman rule: I*e*delta.i2.i-1*gamma~mu3
Requested Feynman rule: I*delta.i-1.i-2*Prop(-px+p1,0)*fv(-px+p1)\
Requested Feynman rule: I*gamma~mu4*sunt.[a4,Na,Nc].i-2.i1*g
Requested Feynman rule: u(fv(p1),0).i1
Requested Feynman rule: polc_gluon(fv(px),0,fv(0)).mu4.[a4,Na,Nc]
Requested Feynman rule: polc_photon(fv(p2-px+p1),0).mu3
Multiplying amplitudes
First amplitude:
Amplitude 5
Open fermion lines:
Line: 0
vbar(fv(p2),0).i2 * -I*delta.i-7.i-8*sunt.[a-5,Na,Nc].i2.i-3*e*Prop(-p2+px,0)*Prop(-l-p2,0)*delta.i1.i-2*delta.i-3.i-4*sunt.[a-6,Na,Nc].i-8.i-1*sunt.[a4,Na,Nc].i-4.i-7*Prop(-l-p2+px,0)*delta.i-1.i-2*g^3*(gamma~mu-5*fv(-l-p2)\*gamma~mu4*fv(-l-p2+px)\*gamma~mu-6*fv(-p2+px)\*gamma~mu3) * u(fv(p1),0).i1
Closed fermion lines:
External:
[polc_gluon(fv(px),0,fv(0)).mu4.[a4,Na,Nc],polc_photon(fv(p2-px+p1),0).mu3]
Remaining Term:
-I*delta.[a-6,Na,Nc].[a-5,Na,Nc]*eta.mu-5.mu-6*Prop(l,0)

Second amplitude (already conjugated):
Amplitude 2
Open fermion lines:
Line: 0
ubar(fv(p1),0).symbol3175 * I*sunt.[symbol3172,Na,Nc].symbol3175.symbol3174*e*(gamma~symbol3184*fv(-px+p1)\*gamma~symbol3183)*Prop(-px+p1,0)*delta.symbol3173.symbol3176*delta.symbol3174.symbol3173*g * v(fv(p2),0).symbol3176
Closed fermion lines:
External:
[pol_photon(fv(p2-px+p1),0).symbol3183,pol_gluon(fv(px),0,fv(0)).symbol3184.[symbol3172,Na,Nc]]
Remaining Term:
1

using Feynman gluon polarization sum for pol_gluon(fv(px),0,fv(0)).symbol3184.[symbol3172,Na,Nc]*polc_gluon(fv(px),0,fv(0)).mu4.[a4,Na,Nc]
Calculation of Amplitude 5_X_2 requested
 * Extracting scalar prefactor
   found scalar prefactor: -I*e^2*Prop(-p2+px,0)*Prop(-px+p1,0)*Prop(-p2+px-l,0)*Prop(-p2-l,0)*Prop(l,0)*g^4
 * Calculating the Color structure
color: delta.i-7.i-8*sunt.[symbol3172,Na,Nc].symbol3175.symbol3174*delta.[a-6,Na,Nc].[a-5,Na,Nc]*sunt.[a-5,Na,Nc].i2.i-3*eta.mu-5.mu-6*delta.i1.i-2*delta.i-3.i-4*sunt.[a-6,Na,Nc].i-8.i-1*delta.symbol3173.symbol3176*sunt.[a4,Na,Nc].i-4.i-7*eta.symbol3184.mu4*delta.i2.symbol3176*delta.symbol3174.symbol3173*delta.i-1.i-2*delta.[a4,Na,Nc].[symbol3172,Na,Nc]*eta.mu3.symbol3183*delta.i1.symbol3175
 * Color structures: 
<Color({sunt.[a4,Na,Nc].i-4.i-7,sunt.[a-6,Na,Nc].symbol3173.i-4,sunt.[a-6,Na,Nc].i-7.i-2,sunt.[a4,Na,Nc].i-2.symbol3173})>
number 1
   color result (degree Nc^1): Color({sunt.[a4,Na,Nc].i-4.i-7,sunt.[a-6,Na,Nc].symbol3173.i-4,sunt.[a-6,Na,Nc].i-7.i-2,sunt.[a4,Na,Nc].i-2.symbol3173}) == -1/4*Color(Nc^(-1)*(-1+Nc)*(1+Nc))
 * Color structure calculated! Time: 0.0005s
   Color order: Nc^1
 * Calculating the Dirac traces
   performing 1 Dirac trace(s)
   1 sub trace(s): . time: 0.03 s

 * Dirac traces calculated! Time: 0.03s
 * Contracting remaining Lorentz indices
 * Lorentz indices contracted! Time: 0.0006s
 * Replacing scalarproducts by invariants and propagators
   SP: {SP(px,l)==1/2*t-1/2*Prop(p2-px+l,0)^(-1)+1/2*Prop(p2+l,0)^(-1),SP(p1,l)==1/2*Prop(l,0)^(-1)-1/2*Prop(p1-l,0)^(-1),SP(p2,l)==-1/2*Prop(l,0)^(-1)+1/2*Prop(p2+l,0)^(-1),SP(l,l)==Prop(l,0)^(-1)}
 * Matching integrals
 * Scalar products replaced, integrals matched! Time: 0.004s
 * Collecting common factors
 * Common factors collected ! Time: 0.002s

Job done (total time: 0 s)
