
Date: Sun Jun 21 20:50:11 2026


conditional: false
diagrams_file1: myresults/PPh-qqb-g-0r1v.match.yaml
diagrams_file2: myresults/PPh-qqb-g-0r0v.match.yaml
position1: 4
position2: 2
output_file: ./tmp/PPh-sq-qqb-g-0r1v.comp_4X2
result_name: 4 X 2 from diagrams in myresults/PPh-qqb-g-0r1v.match.yaml and myresults/PPh-qqb-g-0r0v.match.yaml
polarization_orthogonal_vectors:


Reading two diagrams
Reading diagram number 4 from file myresults/PPh-qqb-g-0r1v.match.yaml
rename negative field indices
Reading diagram number 2 from file myresults/PPh-qqb-g-0r0v.match.yaml
rename negative field indices
Generating amplitudes
  using Feynman polarizations everywhere
Requested Feynman rule: vbar(fv(p2),0).i2
Requested Feynman rule: I*gamma~mu-1*sunt.[a-1,Na,Nc].i2.i1*g
Requested Feynman rule: u(fv(p1),0).i1
Requested Feynman rule: I*e*gamma~mu3*delta.i-4.i-5
Requested Feynman rule: I*fv(l)\*delta.i-6.i-5*Prop(l,0)
Requested Feynman rule: I*sunt.[a-2,Na,Nc].i-6.i-7*g*gamma~mu-2
Requested Feynman rule: I*Prop(-p2+l-p1,0)*delta.i-7.i-8*fv(-p2+l-p1)\
Requested Feynman rule: I*sunt.[a4,Na,Nc].i-8.i-3*gamma~mu4*g
Requested Feynman rule: I*Prop(-p2+l+px-p1,0)*delta.i-4.i-3*fv(-p2+l+px-p1)\
  tagged fermion loop: ( 25:quark1_qbar1 31:qbar1_gluon_quark1 32:qbar1_photon_quark1 )
Requested Feynman rule: -I*Prop(-p2-p1,0)*eta.mu-1.mu-2*delta.[a-1,Na,Nc].[a-2,Na,Nc]
Requested Feynman rule: polc_gluon(fv(px),0,fv(0)).mu4.[a4,Na,Nc]
Requested Feynman rule: polc_photon(fv(p2-px+p1),0).mu3
Requested Feynman rule: vbar(fv(p2),0).i2
Requested Feynman rule: I*e*delta.i-1.i2*gamma~mu3
Requested Feynman rule: I*Prop(-px+p1,0)*delta.i-1.i-2*fv(-px+p1)\
Requested Feynman rule: I*sunt.[a4,Na,Nc].i-2.i1*gamma~mu4*g
Requested Feynman rule: u(fv(p1),0).i1
Requested Feynman rule: polc_gluon(fv(px),0,fv(0)).mu4.[a4,Na,Nc]
Requested Feynman rule: polc_photon(fv(p2-px+p1),0).mu3
Multiplying amplitudes
First amplitude:
Amplitude 4
Open fermion lines:
Line: 0
vbar(fv(p2),0).i2 * I*gamma~mu-1*sunt.[a-1,Na,Nc].i2.i1*g * u(fv(p1),0).i1
Closed fermion lines:
Line: 0
-Prop(-p2+l+px-p1,0)*delta.i-4.i-3*e*sunt.[a-2,Na,Nc].i-6.i-7*(gamma~mu3*fv(l)\*gamma~mu-2*fv(-p2+l-p1)\*gamma~mu4*fv(-p2+l+px-p1)\)*Prop(-p2+l-p1,0)*delta.i-6.i-5*delta.i-7.i-8*Prop(l,0)*sunt.[a4,Na,Nc].i-8.i-3*delta.i-4.i-5*g^2
External:
[polc_gluon(fv(px),0,fv(0)).mu4.[a4,Na,Nc],polc_photon(fv(p2-px+p1),0).mu3]
Remaining Term:
I*Prop(-p2-p1,0)*Tag({25,31,32})*eta.mu-1.mu-2*delta.[a-1,Na,Nc].[a-2,Na,Nc]

Second amplitude (already conjugated):
Amplitude 2
Open fermion lines:
Line: 0
ubar(fv(p1),0).symbol2774 * I*e*(gamma~symbol2783*fv(-px+p1)\*gamma~symbol2782)*delta.symbol2772.symbol2773*Prop(-px+p1,0)*sunt.[symbol2771,Na,Nc].symbol2774.symbol2773*delta.symbol2772.symbol2775*g * v(fv(p2),0).symbol2775
Closed fermion lines:
External:
[pol_photon(fv(p2-px+p1),0).symbol2782,pol_gluon(fv(px),0,fv(0)).symbol2783.[symbol2771,Na,Nc]]
Remaining Term:
1

using Feynman gluon polarization sum for pol_gluon(fv(px),0,fv(0)).symbol2783.[symbol2771,Na,Nc]*polc_gluon(fv(px),0,fv(0)).mu4.[a4,Na,Nc]
Calculation of Amplitude 4_X_2 requested
 * Extracting scalar prefactor
   found scalar prefactor: I*e^2*Prop(-p2-p1,0)*Tag({25,31,32})*Prop(-px+p1,0)*Prop(-p2+px-p1+l,0)*Prop(l,0)*g^4*Prop(-p2-p1+l,0)
 * Calculating the Color structure
color: delta.i-4.i-3*delta.i1.symbol2774*sunt.[a-1,Na,Nc].i2.i1*sunt.[a-2,Na,Nc].i-6.i-7*delta.symbol2772.symbol2773*delta.i-6.i-5*sunt.[symbol2771,Na,Nc].symbol2774.symbol2773*delta.i2.symbol2775*delta.i-7.i-8*eta.mu3.symbol2782*sunt.[a4,Na,Nc].i-8.i-3*eta.mu-1.mu-2*delta.symbol2772.symbol2775*delta.[a-1,Na,Nc].[a-2,Na,Nc]*eta.symbol2783.mu4*delta.i-4.i-5*delta.[symbol2771,Na,Nc].[a4,Na,Nc]
 * Color structures: 
<Color({sunt.[a4,Na,Nc].symbol2774.symbol2772,sunt.[a-2,Na,Nc].i-4.i-8,sunt.[a-2,Na,Nc].symbol2772.symbol2774,sunt.[a4,Na,Nc].i-8.i-4})>
number 1
   color result (degree Nc^2): Color({sunt.[a4,Na,Nc].symbol2774.symbol2772,sunt.[a-2,Na,Nc].i-4.i-8,sunt.[a-2,Na,Nc].symbol2772.symbol2774,sunt.[a4,Na,Nc].i-8.i-4}) == 1/4*Color((-1+Nc)*(1+Nc))
 * Color structure calculated! Time: 0.0005s
   Color order: Nc^2
 * Calculating the Dirac traces
   performing 2 Dirac trace(s)
   1 sub trace(s): . time: 0.001 s

   1 sub trace(s): . time: 0.0005 s

 * Dirac traces calculated! Time: 0.002s
 * Contracting remaining Lorentz indices
 * Lorentz indices contracted! Time: 0.03s
 * Replacing scalarproducts by invariants and propagators
   SP: {SP(px,l)==-1/2*t-1/2*Prop(p2+p1-l,0)^(-1)-1/2*u+1/2*Prop(p2-px+p1-l,0)^(-1),SP(p1,l)==1/2*Prop(l,0)^(-1)-1/2*Prop(p1-l,0)^(-1),SP(p2,l)==-1/2*t+1/2*Prop(p1-l,0)^(-1)-1/2*Prop(p2+p1-l,0)^(-1)-1/2*u,SP(l,l)==Prop(l,0)^(-1)}
 * Matching integrals
 * Scalar products replaced, integrals matched! Time: 0.005s
 * Collecting common factors
 * Common factors collected ! Time: 0.002s

Job done (total time: 0 s)
