
Date: Sun Jun 21 20:50:11 2026


conditional: false
diagrams_file1: myresults/PPh-qqb-g-0r1v.match.yaml
diagrams_file2: myresults/PPh-qqb-g-0r0v.match.yaml
position1: 4
position2: 1
output_file: ./tmp/PPh-sq-qqb-g-0r1v.comp_4X1
result_name: 4 X 1 from diagrams in myresults/PPh-qqb-g-0r1v.match.yaml and myresults/PPh-qqb-g-0r0v.match.yaml
polarization_orthogonal_vectors:


Reading two diagrams
Reading diagram number 4 from file myresults/PPh-qqb-g-0r1v.match.yaml
rename negative field indices
Reading diagram number 1 from file myresults/PPh-qqb-g-0r0v.match.yaml
rename negative field indices
Generating amplitudes
  using Feynman polarizations everywhere
Requested Feynman rule: vbar(fv(p2),0).i2
Requested Feynman rule: I*gamma~mu-1*sunt.[a-1,Na,Nc].i2.i1*g
Requested Feynman rule: u(fv(p1),0).i1
Requested Feynman rule: I*gamma~mu3*e*delta.i-4.i-5
Requested Feynman rule: I*Prop(l,0)*delta.i-6.i-5*fv(l)\
Requested Feynman rule: I*sunt.[a-2,Na,Nc].i-6.i-7*gamma~mu-2*g
Requested Feynman rule: I*fv(l-p2-p1)\*delta.i-7.i-8*Prop(l-p2-p1,0)
Requested Feynman rule: I*sunt.[a4,Na,Nc].i-8.i-3*gamma~mu4*g
Requested Feynman rule: I*Prop(l-p2+px-p1,0)*delta.i-4.i-3*fv(l-p2+px-p1)\
  tagged fermion loop: ( 25:quark1_qbar1 31:qbar1_gluon_quark1 32:qbar1_photon_quark1 )
Requested Feynman rule: -I*delta.[a-2,Na,Nc].[a-1,Na,Nc]*Prop(-p2-p1,0)*eta.mu-1.mu-2
Requested Feynman rule: polc_gluon(fv(px),0,fv(0)).mu4.[a4,Na,Nc]
Requested Feynman rule: polc_photon(fv(p2-px+p1),0).mu3
Requested Feynman rule: vbar(fv(p2),0).i2
Requested Feynman rule: I*gamma~mu4*sunt.[a4,Na,Nc].i2.i-1*g
Requested Feynman rule: I*Prop(-p2+px,0)*delta.i-1.i-2*fv(-p2+px)\
Requested Feynman rule: I*e*gamma~mu3*delta.i1.i-2
Requested Feynman rule: u(fv(p1),0).i1
Requested Feynman rule: polc_gluon(fv(px),0,fv(0)).mu4.[a4,Na,Nc]
Requested Feynman rule: polc_photon(fv(p2-px+p1),0).mu3
Multiplying amplitudes
First amplitude:
Amplitude 4
Open fermion lines:
Line: 0
vbar(fv(p2),0).i2 * I*gamma~mu-1*sunt.[a-1,Na,Nc].i2.i1*g * u(fv(p1),0).i1
Closed fermion lines:
Line: 0
-Prop(l-p2+px-p1,0)*Prop(l,0)*delta.i-4.i-3*e*delta.i-7.i-8*(gamma~mu3*fv(l)\*gamma~mu-2*fv(l-p2-p1)\*gamma~mu4*fv(l-p2+px-p1)\)*delta.i-6.i-5*sunt.[a4,Na,Nc].i-8.i-3*sunt.[a-2,Na,Nc].i-6.i-7*g^2*delta.i-4.i-5*Prop(l-p2-p1,0)
External:
[polc_gluon(fv(px),0,fv(0)).mu4.[a4,Na,Nc],polc_photon(fv(p2-px+p1),0).mu3]
Remaining Term:
I*delta.[a-2,Na,Nc].[a-1,Na,Nc]*Prop(-p2-p1,0)*Tag({25,31,32})*eta.mu-1.mu-2

Second amplitude (already conjugated):
Amplitude 1
Open fermion lines:
Line: 0
ubar(fv(p1),0).symbol2616 * I*(gamma~symbol2624*fv(-p2+px)\*gamma~symbol2625)*e*Prop(-p2+px,0)*delta.symbol2616.symbol2615*sunt.[symbol2613,Na,Nc].symbol2614.symbol2617*g*delta.symbol2615.symbol2614 * v(fv(p2),0).symbol2617
Closed fermion lines:
External:
[pol_photon(fv(p2-px+p1),0).symbol2624,pol_gluon(fv(px),0,fv(0)).symbol2625.[symbol2613,Na,Nc]]
Remaining Term:
1

using Feynman gluon polarization sum for pol_gluon(fv(px),0,fv(0)).symbol2625.[symbol2613,Na,Nc]*polc_gluon(fv(px),0,fv(0)).mu4.[a4,Na,Nc]
Calculation of Amplitude 4_X_1 requested
 * Extracting scalar prefactor
   found scalar prefactor: I*e^2*Prop(-p2+px,0)*Prop(-p2-p1,0)*Tag({25,31,32})*Prop(-p2+px-p1+l,0)*Prop(l,0)*g^4*Prop(-p2-p1+l,0)
 * Calculating the Color structure
color: delta.[a-2,Na,Nc].[a-1,Na,Nc]*delta.i-4.i-3*eta.mu3.symbol2624*delta.i-7.i-8*eta.symbol2625.mu4*delta.i-6.i-5*sunt.[a4,Na,Nc].i-8.i-3*sunt.[a-2,Na,Nc].i-6.i-7*sunt.[a-1,Na,Nc].i2.i1*delta.symbol2616.symbol2615*eta.mu-1.mu-2*delta.i2.symbol2617*delta.[symbol2613,Na,Nc].[a4,Na,Nc]*sunt.[symbol2613,Na,Nc].symbol2614.symbol2617*delta.symbol2616.i1*delta.i-4.i-5*delta.symbol2615.symbol2614
 * Color structures: 
<Color({sunt.[a-1,Na,Nc].symbol2617.symbol2616,sunt.[symbol2613,Na,Nc].symbol2616.symbol2617,sunt.[symbol2613,Na,Nc].i-7.i-5,sunt.[a-1,Na,Nc].i-5.i-7})>
number 1
   color result (degree Nc^2): Color({sunt.[a-1,Na,Nc].symbol2617.symbol2616,sunt.[symbol2613,Na,Nc].symbol2616.symbol2617,sunt.[symbol2613,Na,Nc].i-7.i-5,sunt.[a-1,Na,Nc].i-5.i-7}) == 1/4*Color((-1+Nc)*(1+Nc))
 * Color structure calculated! Time: 0.0003s
   Color order: Nc^2
 * Calculating the Dirac traces
   performing 2 Dirac trace(s)
   1 sub trace(s): . time: 0.001 s

   1 sub trace(s): . time: 0.0008 s

 * Dirac traces calculated! Time: 0.003s
 * Contracting remaining Lorentz indices
 * Lorentz indices contracted! Time: 0.03s
 * Replacing scalarproducts by invariants and propagators
   SP: {SP(px,l)==-1/2*t-1/2*Prop(p2+p1-l,0)^(-1)-1/2*u+1/2*Prop(p2-px+p1-l,0)^(-1),SP(p1,l)==1/2*Prop(l,0)^(-1)-1/2*Prop(p1-l,0)^(-1),SP(p2,l)==-1/2*t+1/2*Prop(p1-l,0)^(-1)-1/2*Prop(p2+p1-l,0)^(-1)-1/2*u,SP(l,l)==Prop(l,0)^(-1)}
 * Matching integrals
 * Scalar products replaced, integrals matched! Time: 0.005s
 * Collecting common factors
 * Common factors collected ! Time: 0.002s

Job done (total time: 0 s)
