
Date: Sun Jun 21 20:50:11 2026


conditional: false
diagrams_file1: myresults/PPh-qqb-g-0r1v.match.yaml
diagrams_file2: myresults/PPh-qqb-g-0r0v.match.yaml
position1: 2
position2: 2
output_file: ./tmp/PPh-sq-qqb-g-0r1v.comp_2X2
result_name: 2 X 2 from diagrams in myresults/PPh-qqb-g-0r1v.match.yaml and myresults/PPh-qqb-g-0r0v.match.yaml
polarization_orthogonal_vectors:


Reading two diagrams
Reading diagram number 2 from file myresults/PPh-qqb-g-0r1v.match.yaml
rename negative field indices
Reading diagram number 2 from file myresults/PPh-qqb-g-0r0v.match.yaml
rename negative field indices
Generating amplitudes
  using Feynman polarizations everywhere
Requested Feynman rule: vbar(fv(p2),0).i2
Requested Feynman rule: I*gamma~mu3*e*delta.i-3.i2
Requested Feynman rule: I*Prop(-px+p1,0)*delta.i-3.i-4*fv(-px+p1)\
Requested Feynman rule: I*gamma~mu-8*g*sunt.[a-8,Na,Nc].i-4.i-5
Requested Feynman rule: I*fv(l-px+p1)\*delta.i-6.i-5*Prop(l-px+p1,0)
Requested Feynman rule: I*sunt.[a-7,Na,Nc].i-6.i-1*g*gamma~mu-7
Requested Feynman rule: I*Prop(-px+p1,0)*delta.i-1.i-2*fv(-px+p1)\
Requested Feynman rule: I*sunt.[a4,Na,Nc].i-2.i1*gamma~mu4*g
Requested Feynman rule: u(fv(p1),0).i1
Requested Feynman rule: -I*eta.mu-8.mu-7*delta.[a-7,Na,Nc].[a-8,Na,Nc]*Prop(l,0)
Requested Feynman rule: polc_gluon(fv(px),0,fv(0)).mu4.[a4,Na,Nc]
Requested Feynman rule: polc_photon(fv(p2-px+p1),0).mu3
Requested Feynman rule: vbar(fv(p2),0).i2
Requested Feynman rule: I*e*gamma~mu3*delta.i2.i-1
Requested Feynman rule: I*delta.i-2.i-1*Prop(-px+p1,0)*fv(-px+p1)\
Requested Feynman rule: I*gamma~mu4*sunt.[a4,Na,Nc].i-2.i1*g
Requested Feynman rule: u(fv(p1),0).i1
Requested Feynman rule: polc_gluon(fv(px),0,fv(0)).mu4.[a4,Na,Nc]
Requested Feynman rule: polc_photon(fv(p2-px+p1),0).mu3
Multiplying amplitudes
First amplitude:
Amplitude 2
Open fermion lines:
Line: 0
vbar(fv(p2),0).i2 * -I*e*delta.i-6.i-5*Prop(-px+p1,0)^2*sunt.[a-7,Na,Nc].i-6.i-1*delta.i-3.i-4*sunt.[a4,Na,Nc].i-2.i1*delta.i-3.i2*delta.i-1.i-2*Prop(l-px+p1,0)*g^3*sunt.[a-8,Na,Nc].i-4.i-5*(gamma~mu3*fv(-px+p1)\*gamma~mu-8*fv(l-px+p1)\*gamma~mu-7*fv(-px+p1)\*gamma~mu4) * u(fv(p1),0).i1
Closed fermion lines:
External:
[polc_gluon(fv(px),0,fv(0)).mu4.[a4,Na,Nc],polc_photon(fv(p2-px+p1),0).mu3]
Remaining Term:
-I*eta.mu-8.mu-7*delta.[a-7,Na,Nc].[a-8,Na,Nc]*Prop(l,0)

Second amplitude (already conjugated):
Amplitude 2
Open fermion lines:
Line: 0
ubar(fv(p1),0).symbol2088 * I*delta.symbol2087.symbol2086*sunt.[symbol2085,Na,Nc].symbol2088.symbol2087*e*Prop(-px+p1,0)*delta.symbol2086.symbol2089*g*(gamma~symbol2097*fv(-px+p1)\*gamma~symbol2096) * v(fv(p2),0).symbol2089
Closed fermion lines:
External:
[pol_photon(fv(p2-px+p1),0).symbol2096,pol_gluon(fv(px),0,fv(0)).symbol2097.[symbol2085,Na,Nc]]
Remaining Term:
1

using Feynman gluon polarization sum for pol_gluon(fv(px),0,fv(0)).symbol2097.[symbol2085,Na,Nc]*polc_gluon(fv(px),0,fv(0)).mu4.[a4,Na,Nc]
Calculation of Amplitude 2_X_2 requested
 * Extracting scalar prefactor
   found scalar prefactor: -I*e^2*Prop(-px+p1,0)^3*Prop(-px+p1+l,0)*Prop(l,0)*g^4
 * Calculating the Color structure
color: delta.symbol2087.symbol2086*sunt.[symbol2085,Na,Nc].symbol2088.symbol2087*delta.i2.symbol2089*delta.i-6.i-5*delta.[a4,Na,Nc].[symbol2085,Na,Nc]*eta.symbol2097.mu4*delta.symbol2086.symbol2089*eta.mu-8.mu-7*sunt.[a-7,Na,Nc].i-6.i-1*delta.[a-7,Na,Nc].[a-8,Na,Nc]*delta.i-3.i-4*sunt.[a4,Na,Nc].i-2.i1*eta.mu3.symbol2096*delta.i-3.i2*delta.i-1.i-2*delta.i1.symbol2088*sunt.[a-8,Na,Nc].i-4.i-5
 * Color structures: 
<Color({sunt.[a-8,Na,Nc].i-5.i-2,sunt.[a4,Na,Nc].i1.i2,sunt.[a-8,Na,Nc].i2.i-5,sunt.[a4,Na,Nc].i-2.i1})>
number 1
   color result (degree Nc^3): Color({sunt.[a-8,Na,Nc].i-5.i-2,sunt.[a4,Na,Nc].i1.i2,sunt.[a-8,Na,Nc].i2.i-5,sunt.[a4,Na,Nc].i-2.i1}) == 1/4*Color(Nc^(-1)*(-1+Nc)^2*(1+Nc)^2)
 * Color structure calculated! Time: 0.0006s
   Color order: Nc^3
 * Calculating the Dirac traces
   performing 1 Dirac trace(s)
   1 sub trace(s): . time: 0.007 s

 * Dirac traces calculated! Time: 0.008s
 * Contracting remaining Lorentz indices
 * Lorentz indices contracted! Time: 0.001s
 * Replacing scalarproducts by invariants and propagators
   SP: {SP(px,l)==1/2*Prop(p1+l,0)^(-1)+1/2*u-1/2*Prop(-px+p1+l,0)^(-1),SP(p1,l)==-1/2*Prop(l,0)^(-1)+1/2*Prop(p1+l,0)^(-1),SP(p2,l)==1/2*Prop(l,0)^(-1)-1/2*Prop(p2-l,0)^(-1)}
 * Matching integrals
 * Scalar products replaced, integrals matched! Time: 0.002s
 * Collecting common factors
 * Common factors collected ! Time: 0.001s

Job done (total time: 0 s)
