
Date: Sun Jun 21 20:50:11 2026


conditional: false
diagrams_file1: myresults/PPh-qqb-g-0r1v.match.yaml
diagrams_file2: myresults/PPh-qqb-g-0r0v.match.yaml
position1: 2
position2: 1
output_file: ./tmp/PPh-sq-qqb-g-0r1v.comp_2X1
result_name: 2 X 1 from diagrams in myresults/PPh-qqb-g-0r1v.match.yaml and myresults/PPh-qqb-g-0r0v.match.yaml
polarization_orthogonal_vectors:


Reading two diagrams
Reading diagram number 2 from file myresults/PPh-qqb-g-0r1v.match.yaml
rename negative field indices
Reading diagram number 1 from file myresults/PPh-qqb-g-0r0v.match.yaml
rename negative field indices
Generating amplitudes
  using Feynman polarizations everywhere
Requested Feynman rule: vbar(fv(p2),0).i2
Requested Feynman rule: I*delta.i-3.i2*e*gamma~mu3
Requested Feynman rule: I*Prop(-px+p1,0)*fv(-px+p1)\*delta.i-3.i-4
Requested Feynman rule: I*gamma~mu-8*sunt.[a-8,Na,Nc].i-4.i-5*g
Requested Feynman rule: I*delta.i-5.i-6*fv(l-px+p1)\*Prop(l-px+p1,0)
Requested Feynman rule: I*sunt.[a-7,Na,Nc].i-6.i-1*gamma~mu-7*g
Requested Feynman rule: I*delta.i-1.i-2*Prop(-px+p1,0)*fv(-px+p1)\
Requested Feynman rule: I*gamma~mu4*sunt.[a4,Na,Nc].i-2.i1*g
Requested Feynman rule: u(fv(p1),0).i1
Requested Feynman rule: -I*Prop(l,0)*eta.mu-8.mu-7*delta.[a-8,Na,Nc].[a-7,Na,Nc]
Requested Feynman rule: polc_gluon(fv(px),0,fv(0)).mu4.[a4,Na,Nc]
Requested Feynman rule: polc_photon(fv(p2-px+p1),0).mu3
Requested Feynman rule: vbar(fv(p2),0).i2
Requested Feynman rule: I*sunt.[a4,Na,Nc].i2.i-1*gamma~mu4*g
Requested Feynman rule: I*Prop(-p2+px,0)*fv(-p2+px)\*delta.i-1.i-2
Requested Feynman rule: I*gamma~mu3*e*delta.i-2.i1
Requested Feynman rule: u(fv(p1),0).i1
Requested Feynman rule: polc_gluon(fv(px),0,fv(0)).mu4.[a4,Na,Nc]
Requested Feynman rule: polc_photon(fv(p2-px+p1),0).mu3
Multiplying amplitudes
First amplitude:
Amplitude 2
Open fermion lines:
Line: 0
vbar(fv(p2),0).i2 * -I*delta.i-3.i2*delta.i-5.i-6*e*sunt.[a-8,Na,Nc].i-4.i-5*delta.i-1.i-2*Prop(-px+p1,0)^2*sunt.[a4,Na,Nc].i-2.i1*(gamma~mu3*fv(-px+p1)\*gamma~mu-8*fv(l-px+p1)\*gamma~mu-7*fv(-px+p1)\*gamma~mu4)*sunt.[a-7,Na,Nc].i-6.i-1*g^3*Prop(l-px+p1,0)*delta.i-3.i-4 * u(fv(p1),0).i1
Closed fermion lines:
External:
[polc_gluon(fv(px),0,fv(0)).mu4.[a4,Na,Nc],polc_photon(fv(p2-px+p1),0).mu3]
Remaining Term:
-I*Prop(l,0)*eta.mu-8.mu-7*delta.[a-8,Na,Nc].[a-7,Na,Nc]

Second amplitude (already conjugated):
Amplitude 1
Open fermion lines:
Line: 0
ubar(fv(p1),0).symbol1836 * I*e*Prop(-p2+px,0)*delta.symbol1835.symbol1834*sunt.[symbol1833,Na,Nc].symbol1834.symbol1837*(gamma~symbol1844*fv(-p2+px)\*gamma~symbol1845)*delta.symbol1836.symbol1835*g * v(fv(p2),0).symbol1837
Closed fermion lines:
External:
[pol_photon(fv(p2-px+p1),0).symbol1844,pol_gluon(fv(px),0,fv(0)).symbol1845.[symbol1833,Na,Nc]]
Remaining Term:
1

using Feynman gluon polarization sum for pol_gluon(fv(px),0,fv(0)).symbol1845.[symbol1833,Na,Nc]*polc_gluon(fv(px),0,fv(0)).mu4.[a4,Na,Nc]
Calculation of Amplitude 2_X_1 requested
 * Extracting scalar prefactor
   found scalar prefactor: -I*e^2*Prop(-p2+px,0)*Prop(-px+p1,0)^2*Prop(-px+p1+l,0)*Prop(l,0)*g^4
 * Calculating the Color structure
color: delta.i-3.i2*delta.i-5.i-6*delta.symbol1837.i2*sunt.[a-8,Na,Nc].i-4.i-5*delta.i-1.i-2*delta.symbol1835.symbol1834*sunt.[symbol1833,Na,Nc].symbol1834.symbol1837*sunt.[a4,Na,Nc].i-2.i1*delta.symbol1836.i1*eta.mu3.symbol1844*sunt.[a-7,Na,Nc].i-6.i-1*eta.mu-8.mu-7*eta.symbol1845.mu4*delta.symbol1836.symbol1835*delta.[a4,Na,Nc].[symbol1833,Na,Nc]*delta.i-3.i-4*delta.[a-8,Na,Nc].[a-7,Na,Nc]
 * Color structures: 
<Color({sunt.[a4,Na,Nc].i-1.symbol1836,sunt.[a4,Na,Nc].symbol1836.i-3,sunt.[a-7,Na,Nc].i-3.i-6,sunt.[a-7,Na,Nc].i-6.i-1})>
number 1
   color result (degree Nc^3): Color({sunt.[a4,Na,Nc].i-1.symbol1836,sunt.[a4,Na,Nc].symbol1836.i-3,sunt.[a-7,Na,Nc].i-3.i-6,sunt.[a-7,Na,Nc].i-6.i-1}) == 1/4*Color(Nc^(-1)*(-1+Nc)^2*(1+Nc)^2)
 * Color structure calculated! Time: 0.0005s
   Color order: Nc^3
 * Calculating the Dirac traces
   performing 1 Dirac trace(s)
   1 sub trace(s): . time: 0.01 s

 * Dirac traces calculated! Time: 0.01s
 * Contracting remaining Lorentz indices
 * Lorentz indices contracted! Time: 0.0006s
 * Replacing scalarproducts by invariants and propagators
   SP: {SP(px,l)==1/2*Prop(p1+l,0)^(-1)+1/2*u-1/2*Prop(-px+p1+l,0)^(-1),SP(p1,l)==-1/2*Prop(l,0)^(-1)+1/2*Prop(p1+l,0)^(-1),SP(p2,l)==1/2*Prop(l,0)^(-1)-1/2*Prop(p2-l,0)^(-1)}
 * Matching integrals
 * Scalar products replaced, integrals matched! Time: 0.002s
 * Collecting common factors
 * Common factors collected ! Time: 0.001s

Job done (total time: 0 s)
