
Date: Sun Jun 21 20:50:11 2026


conditional: false
diagrams_file1: myresults/PPh-qqb-g-0r1v.match.yaml
diagrams_file2: myresults/PPh-qqb-g-0r0v.match.yaml
position1: 1
position2: 1
output_file: ./tmp/PPh-sq-qqb-g-0r1v.comp_1X1
result_name: 1 X 1 from diagrams in myresults/PPh-qqb-g-0r1v.match.yaml and myresults/PPh-qqb-g-0r0v.match.yaml
polarization_orthogonal_vectors:


Reading two diagrams
Reading diagram number 1 from file myresults/PPh-qqb-g-0r1v.match.yaml
rename negative field indices
Reading diagram number 1 from file myresults/PPh-qqb-g-0r0v.match.yaml
rename negative field indices
Generating amplitudes
  using Feynman polarizations everywhere
Requested Feynman rule: vbar(fv(p2),0).i2
Requested Feynman rule: I*sunt.[a4,Na,Nc].i2.i-3*gamma~mu4*g
Requested Feynman rule: I*Prop(-p2+px,0)*fv(-p2+px)\*delta.i-3.i-4
Requested Feynman rule: I*sunt.[a-8,Na,Nc].i-4.i-5*g*gamma~mu-8
Requested Feynman rule: I*delta.i-6.i-5*fv(-p2+px+l)\*Prop(-p2+px+l,0)
Requested Feynman rule: I*gamma~mu-7*g*sunt.[a-7,Na,Nc].i-6.i-1
Requested Feynman rule: I*Prop(-p2+px,0)*fv(-p2+px)\*delta.i-1.i-2
Requested Feynman rule: I*e*gamma~mu3*delta.i1.i-2
Requested Feynman rule: u(fv(p1),0).i1
Requested Feynman rule: -I*Prop(l,0)*delta.[a-8,Na,Nc].[a-7,Na,Nc]*eta.mu-8.mu-7
Requested Feynman rule: polc_gluon(fv(px),0,fv(0)).mu4.[a4,Na,Nc]
Requested Feynman rule: polc_photon(fv(p2-px+p1),0).mu3
Requested Feynman rule: vbar(fv(p2),0).i2
Requested Feynman rule: I*sunt.[a4,Na,Nc].i2.i-1*gamma~mu4*g
Requested Feynman rule: I*Prop(-p2+px,0)*delta.i-1.i-2*fv(-p2+px)\
Requested Feynman rule: I*delta.i-2.i1*gamma~mu3*e
Requested Feynman rule: u(fv(p1),0).i1
Requested Feynman rule: polc_gluon(fv(px),0,fv(0)).mu4.[a4,Na,Nc]
Requested Feynman rule: polc_photon(fv(p2-px+p1),0).mu3
Multiplying amplitudes
First amplitude:
Amplitude 1
Open fermion lines:
Line: 0
vbar(fv(p2),0).i2 * -I*sunt.[a-8,Na,Nc].i-4.i-5*sunt.[a4,Na,Nc].i2.i-3*e*Prop(-p2+px,0)^2*delta.i1.i-2*delta.i-6.i-5*delta.i-1.i-2*delta.i-3.i-4*Prop(-p2+px+l,0)*(gamma~mu4*fv(-p2+px)\*gamma~mu-8*fv(-p2+px+l)\*gamma~mu-7*fv(-p2+px)\*gamma~mu3)*g^3*sunt.[a-7,Na,Nc].i-6.i-1 * u(fv(p1),0).i1
Closed fermion lines:
External:
[polc_gluon(fv(px),0,fv(0)).mu4.[a4,Na,Nc],polc_photon(fv(p2-px+p1),0).mu3]
Remaining Term:
-I*Prop(l,0)*delta.[a-8,Na,Nc].[a-7,Na,Nc]*eta.mu-8.mu-7

Second amplitude (already conjugated):
Amplitude 1
Open fermion lines:
Line: 0
ubar(fv(p1),0).symbol1350 * I*e*delta.symbol1349.symbol1348*Prop(-p2+px,0)*sunt.[symbol1347,Na,Nc].symbol1348.symbol1351*(gamma~symbol1358*fv(-p2+px)\*gamma~symbol1359)*delta.symbol1350.symbol1349*g * v(fv(p2),0).symbol1351
Closed fermion lines:
External:
[pol_photon(fv(p2-px+p1),0).symbol1358,pol_gluon(fv(px),0,fv(0)).symbol1359.[symbol1347,Na,Nc]]
Remaining Term:
1

using Feynman gluon polarization sum for pol_gluon(fv(px),0,fv(0)).symbol1359.[symbol1347,Na,Nc]*polc_gluon(fv(px),0,fv(0)).mu4.[a4,Na,Nc]
Calculation of Amplitude 1_X_1 requested
 * Extracting scalar prefactor
   found scalar prefactor: -I*Prop(-p2+px+l,0)*e^2*Prop(-p2+px,0)^3*Prop(l,0)*g^4
 * Calculating the Color structure
color: sunt.[a-8,Na,Nc].i-4.i-5*sunt.[a4,Na,Nc].i2.i-3*eta.symbol1358.mu3*delta.symbol1351.i2*delta.symbol1349.symbol1348*delta.i1.symbol1350*delta.i1.i-2*sunt.[symbol1347,Na,Nc].symbol1348.symbol1351*delta.[symbol1347,Na,Nc].[a4,Na,Nc]*delta.i-6.i-5*delta.[a-8,Na,Nc].[a-7,Na,Nc]*delta.i-1.i-2*delta.symbol1350.symbol1349*delta.i-3.i-4*eta.mu-8.mu-7*eta.symbol1359.mu4*sunt.[a-7,Na,Nc].i-6.i-1
 * Color structures: 
<Color({sunt.[a-7,Na,Nc].i-3.i-6,sunt.[symbol1347,Na,Nc].i1.symbol1351,sunt.[a-7,Na,Nc].i-6.i1,sunt.[symbol1347,Na,Nc].symbol1351.i-3})>
number 1
   color result (degree Nc^3): Color({sunt.[a-7,Na,Nc].i-3.i-6,sunt.[symbol1347,Na,Nc].i1.symbol1351,sunt.[a-7,Na,Nc].i-6.i1,sunt.[symbol1347,Na,Nc].symbol1351.i-3}) == 1/4*Color(Nc^(-1)*(-1+Nc)^2*(1+Nc)^2)
 * Color structure calculated! Time: 0.0006s
   Color order: Nc^3
 * Calculating the Dirac traces
   performing 1 Dirac trace(s)
   1 sub trace(s): . time: 0.01 s

 * Dirac traces calculated! Time: 0.01s
 * Contracting remaining Lorentz indices
 * Lorentz indices contracted! Time: 0.0003s
 * Replacing scalarproducts by invariants and propagators
   SP: {SP(px,l)==-1/2*t+1/2*Prop(-p2+px+l,0)^(-1)-1/2*Prop(p2-l,0)^(-1),SP(p1,l)==-1/2*Prop(l,0)^(-1)+1/2*Prop(p1+l,0)^(-1),SP(p2,l)==1/2*Prop(l,0)^(-1)-1/2*Prop(p2-l,0)^(-1)}
 * Matching integrals
 * Scalar products replaced, integrals matched! Time: 0.002s
 * Collecting common factors
 * Common factors collected ! Time: 0.001s

Job done (total time: 0 s)
