
Date: Sun Jun 21 20:50:12 2026


conditional: false
diagrams_file1: myresults/PPh-gqb-qb-0r0v.match.yaml
diagrams_file2: myresults/PPh-gqb-qb-0r0v.match.yaml
position1: 2
position2: 2
output_file: ./tmp/PPh-sq-gqb-qb-0r0v.comp_2X2
result_name: 2 X 2 from diagrams in myresults/PPh-gqb-qb-0r0v.match.yaml and myresults/PPh-gqb-qb-0r0v.match.yaml
polarization_orthogonal_vectors:


Reading two diagrams
Reading diagram number 2 from file myresults/PPh-gqb-qb-0r0v.match.yaml
rename negative field indices
Reading diagram number 2 from file myresults/PPh-gqb-qb-0r0v.match.yaml
rename negative field indices
Generating amplitudes
  using Feynman polarizations everywhere
Requested Feynman rule: vbar(fv(p2),0).i2
Requested Feynman rule: I*e*delta.i2.i-1*gamma~mu3
Requested Feynman rule: I*Prop(-px+p1,0)*delta.i-1.i-2*fv(-px+p1)\
Requested Feynman rule: I*sunt.[a1,Na,Nc].i-2.i4*gamma~mu1*g
Requested Feynman rule: v(fv(px),0).i4
Requested Feynman rule: polc_photon(fv(p2-px+p1),0).mu3
Requested Feynman rule: pol_gluon(fv(p1),0,fv(0)).mu1.[a1,Na,Nc]
Requested Feynman rule: vbar(fv(p2),0).i2
Requested Feynman rule: I*e*delta.i2.i-1*gamma~mu3
Requested Feynman rule: I*Prop(-px+p1,0)*delta.i-2.i-1*fv(-px+p1)\
Requested Feynman rule: I*gamma~mu1*sunt.[a1,Na,Nc].i-2.i4*g
Requested Feynman rule: v(fv(px),0).i4
Requested Feynman rule: polc_photon(fv(p2-px+p1),0).mu3
Requested Feynman rule: pol_gluon(fv(p1),0,fv(0)).mu1.[a1,Na,Nc]
Multiplying amplitudes
First amplitude:
Amplitude 2
Open fermion lines:
Line: 0
vbar(fv(p2),0).i2 * -I*(gamma~mu3*fv(-px+p1)\*gamma~mu1)*sunt.[a1,Na,Nc].i-2.i4*e*delta.i2.i-1*Prop(-px+p1,0)*delta.i-1.i-2*g * v(fv(px),0).i4
Closed fermion lines:
External:
[polc_photon(fv(p2-px+p1),0).mu3,pol_gluon(fv(p1),0,fv(0)).mu1.[a1,Na,Nc]]
Remaining Term:
-1

Second amplitude (already conjugated):
Amplitude 2
Open fermion lines:
Line: 0
vbar(fv(px),0).symbol9338 * I*e*delta.symbol9333.symbol9334*Prop(-px+p1,0)*(gamma~symbol9341*fv(-px+p1)\*gamma~symbol9343)*g*delta.symbol9333.symbol9336*sunt.[symbol9329,Na,Nc].symbol9338.symbol9334 * v(fv(p2),0).symbol9336
Closed fermion lines:
External:
[polc_gluon(fv(p1),0,fv(0)).symbol9341.[symbol9329,Na,Nc],pol_photon(fv(p2-px+p1),0).symbol9343]
Remaining Term:
-1

using Feynman gluon polarization sum for pol_gluon(fv(p1),0,fv(0)).mu1.[a1,Na,Nc]*polc_gluon(fv(p1),0,fv(0)).symbol9341.[symbol9329,Na,Nc]
Calculation of Amplitude 2_X_2 requested
 * Extracting scalar prefactor
   found scalar prefactor: e^2*Prop(-px+p1,0)^2*g^2
 * Calculating the Color structure
color: sunt.[a1,Na,Nc].i-2.i4*delta.symbol9333.symbol9334*delta.i2.i-1*delta.symbol9336.i2*delta.i-1.i-2*delta.[a1,Na,Nc].[symbol9329,Na,Nc]*delta.symbol9338.i4*eta.mu1.symbol9341*delta.symbol9333.symbol9336*eta.symbol9343.mu3*sunt.[symbol9329,Na,Nc].symbol9338.symbol9334
 * Color structures: 
<Color({sunt.[symbol9329,Na,Nc].symbol9338.symbol9336,sunt.[symbol9329,Na,Nc].symbol9336.symbol9338})>
number 1
   color result (degree Nc^2): Color({sunt.[symbol9329,Na,Nc].symbol9338.symbol9336,sunt.[symbol9329,Na,Nc].symbol9336.symbol9338}) == 1/2*Color((-1+Nc)*(1+Nc))
 * Color structure calculated! Time: 0.0004s
   Color order: Nc^2
 * Calculating the Dirac traces
   performing 1 Dirac trace(s)
   1 sub trace(s): . time: 0.0008 s

 * Dirac traces calculated! Time: 0.001s
 * Contracting remaining Lorentz indices
 * Lorentz indices contracted! Time: 8e-05s
 * Replacing scalarproducts by invariants and propagators
   SP: {}
 * Matching integrals
 * Scalar products replaced, integrals matched! Time: 0.0003s
 * Collecting common factors
 * Common factors collected ! Time: 0.0002s

Job done (total time: 0 s)
