
Date: Sun Jun 21 20:50:12 2026


conditional: false
diagrams_file1: myresults/PPh-gqb-qb-0r0v.match.yaml
diagrams_file2: myresults/PPh-gqb-qb-0r0v.match.yaml
position1: 2
position2: 1
output_file: ./tmp/PPh-sq-gqb-qb-0r0v.comp_2X1
result_name: 2 X 1 from diagrams in myresults/PPh-gqb-qb-0r0v.match.yaml and myresults/PPh-gqb-qb-0r0v.match.yaml
polarization_orthogonal_vectors:


Reading two diagrams
Reading diagram number 2 from file myresults/PPh-gqb-qb-0r0v.match.yaml
rename negative field indices
Reading diagram number 1 from file myresults/PPh-gqb-qb-0r0v.match.yaml
rename negative field indices
Generating amplitudes
  using Feynman polarizations everywhere
Requested Feynman rule: vbar(fv(p2),0).i2
Requested Feynman rule: I*e*gamma~mu3*delta.i-1.i2
Requested Feynman rule: I*delta.i-1.i-2*Prop(-px+p1,0)*fv(-px+p1)\
Requested Feynman rule: I*sunt.[a1,Na,Nc].i-2.i4*gamma~mu1*g
Requested Feynman rule: v(fv(px),0).i4
Requested Feynman rule: polc_photon(fv(p2-px+p1),0).mu3
Requested Feynman rule: pol_gluon(fv(p1),0,fv(0)).mu1.[a1,Na,Nc]
Requested Feynman rule: vbar(fv(p2),0).i2
Requested Feynman rule: I*sunt.[a1,Na,Nc].i2.i-1*gamma~mu1*g
Requested Feynman rule: I*fv(-p2-p1)\*Prop(-p2-p1,0)*delta.i-2.i-1
Requested Feynman rule: I*e*delta.i-2.i4*gamma~mu3
Requested Feynman rule: v(fv(px),0).i4
Requested Feynman rule: polc_photon(fv(p2-px+p1),0).mu3
Requested Feynman rule: pol_gluon(fv(p1),0,fv(0)).mu1.[a1,Na,Nc]
Multiplying amplitudes
First amplitude:
Amplitude 2
Open fermion lines:
Line: 0
vbar(fv(p2),0).i2 * -I*sunt.[a1,Na,Nc].i-2.i4*e*delta.i-1.i-2*delta.i-1.i2*Prop(-px+p1,0)*(gamma~mu3*fv(-px+p1)\*gamma~mu1)*g * v(fv(px),0).i4
Closed fermion lines:
External:
[polc_photon(fv(p2-px+p1),0).mu3,pol_gluon(fv(p1),0,fv(0)).mu1.[a1,Na,Nc]]
Remaining Term:
-1

Second amplitude (already conjugated):
Amplitude 1
Open fermion lines:
Line: 0
vbar(fv(px),0).symbol9250 * I*e*Prop(-p2-p1,0)*delta.symbol9246.symbol9250*sunt.[symbol9241,Na,Nc].symbol9245.symbol9248*(gamma~symbol9255*fv(-p2-p1)\*gamma~symbol9253)*delta.symbol9246.symbol9245*g * v(fv(p2),0).symbol9248
Closed fermion lines:
External:
[polc_gluon(fv(p1),0,fv(0)).symbol9253.[symbol9241,Na,Nc],pol_photon(fv(p2-px+p1),0).symbol9255]
Remaining Term:
-1

using Feynman gluon polarization sum for pol_gluon(fv(p1),0,fv(0)).mu1.[a1,Na,Nc]*polc_gluon(fv(p1),0,fv(0)).symbol9253.[symbol9241,Na,Nc]
Calculation of Amplitude 2_X_1 requested
 * Extracting scalar prefactor
   found scalar prefactor: e^2*Prop(-p2-p1,0)*Prop(-px+p1,0)*g^2
 * Calculating the Color structure
color: sunt.[a1,Na,Nc].i-2.i4*delta.[symbol9241,Na,Nc].[a1,Na,Nc]*delta.i-1.i-2*delta.symbol9246.symbol9250*delta.i-1.i2*delta.symbol9248.i2*sunt.[symbol9241,Na,Nc].symbol9245.symbol9248*eta.mu3.symbol9255*delta.i4.symbol9250*delta.symbol9246.symbol9245*eta.symbol9253.mu1
 * Color structures: 
<Color({sunt.[symbol9241,Na,Nc].symbol9246.symbol9248,sunt.[symbol9241,Na,Nc].symbol9248.symbol9246})>
number 1
   color result (degree Nc^2): Color({sunt.[symbol9241,Na,Nc].symbol9246.symbol9248,sunt.[symbol9241,Na,Nc].symbol9248.symbol9246}) == 1/2*Color((-1+Nc)*(1+Nc))
 * Color structure calculated! Time: 0.0003s
   Color order: Nc^2
 * Calculating the Dirac traces
   performing 1 Dirac trace(s)
   1 sub trace(s): . time: 0.001 s

 * Dirac traces calculated! Time: 0.002s
 * Contracting remaining Lorentz indices
 * Lorentz indices contracted! Time: 9e-05s
 * Replacing scalarproducts by invariants and propagators
   SP: {}
 * Matching integrals
 * Scalar products replaced, integrals matched! Time: 0.0003s
 * Collecting common factors
 * Common factors collected ! Time: 0.0002s

Job done (total time: 0 s)
