
Date: Sun Jun 21 20:50:12 2026


conditional: false
diagrams_file1: myresults/PPh-gqb-qb-0r0v.match.yaml
diagrams_file2: myresults/PPh-gqb-qb-0r0v.match.yaml
position1: 1
position2: 2
output_file: ./tmp/PPh-sq-gqb-qb-0r0v.comp_1X2
result_name: 1 X 2 from diagrams in myresults/PPh-gqb-qb-0r0v.match.yaml and myresults/PPh-gqb-qb-0r0v.match.yaml
polarization_orthogonal_vectors:


Reading two diagrams
Reading diagram number 1 from file myresults/PPh-gqb-qb-0r0v.match.yaml
rename negative field indices
Reading diagram number 2 from file myresults/PPh-gqb-qb-0r0v.match.yaml
rename negative field indices
Generating amplitudes
  using Feynman polarizations everywhere
Requested Feynman rule: vbar(fv(p2),0).i2
Requested Feynman rule: I*gamma~mu1*sunt.[a1,Na,Nc].i2.i-1*g
Requested Feynman rule: I*fv(-p2-p1)\*Prop(-p2-p1,0)*delta.i-1.i-2
Requested Feynman rule: I*e*gamma~mu3*delta.i4.i-2
Requested Feynman rule: v(fv(px),0).i4
Requested Feynman rule: polc_photon(fv(p2-px+p1),0).mu3
Requested Feynman rule: pol_gluon(fv(p1),0,fv(0)).mu1.[a1,Na,Nc]
Requested Feynman rule: vbar(fv(p2),0).i2
Requested Feynman rule: I*e*gamma~mu3*delta.i2.i-1
Requested Feynman rule: I*Prop(-px+p1,0)*delta.i-1.i-2*fv(-px+p1)\
Requested Feynman rule: I*sunt.[a1,Na,Nc].i-2.i4*gamma~mu1*g
Requested Feynman rule: v(fv(px),0).i4
Requested Feynman rule: polc_photon(fv(p2-px+p1),0).mu3
Requested Feynman rule: pol_gluon(fv(p1),0,fv(0)).mu1.[a1,Na,Nc]
Multiplying amplitudes
First amplitude:
Amplitude 1
Open fermion lines:
Line: 0
vbar(fv(p2),0).i2 * -I*e*Prop(-p2-p1,0)*delta.i-1.i-2*sunt.[a1,Na,Nc].i2.i-1*(gamma~mu1*fv(-p2-p1)\*gamma~mu3)*g*delta.i4.i-2 * v(fv(px),0).i4
Closed fermion lines:
External:
[polc_photon(fv(p2-px+p1),0).mu3,pol_gluon(fv(p1),0,fv(0)).mu1.[a1,Na,Nc]]
Remaining Term:
-1

Second amplitude (already conjugated):
Amplitude 2
Open fermion lines:
Line: 0
vbar(fv(px),0).symbol9162 * I*e*delta.symbol9157.symbol9160*(gamma~symbol9165*fv(-px+p1)\*gamma~symbol9167)*Prop(-px+p1,0)*delta.symbol9158.symbol9157*sunt.[symbol9153,Na,Nc].symbol9162.symbol9158*g * v(fv(p2),0).symbol9160
Closed fermion lines:
External:
[polc_gluon(fv(p1),0,fv(0)).symbol9165.[symbol9153,Na,Nc],pol_photon(fv(p2-px+p1),0).symbol9167]
Remaining Term:
-1

using Feynman gluon polarization sum for pol_gluon(fv(p1),0,fv(0)).mu1.[a1,Na,Nc]*polc_gluon(fv(p1),0,fv(0)).symbol9165.[symbol9153,Na,Nc]
Calculation of Amplitude 1_X_2 requested
 * Extracting scalar prefactor
   found scalar prefactor: e^2*Prop(-p2-p1,0)*Prop(-px+p1,0)*g^2
 * Calculating the Color structure
color: delta.symbol9157.symbol9160*delta.i-1.i-2*delta.[a1,Na,Nc].[symbol9153,Na,Nc]*sunt.[a1,Na,Nc].i2.i-1*eta.symbol9167.mu3*delta.symbol9158.symbol9157*delta.symbol9160.i2*delta.symbol9162.i4*eta.symbol9165.mu1*sunt.[symbol9153,Na,Nc].symbol9162.symbol9158*delta.i4.i-2
 * Color structures: 
<Color({sunt.[symbol9153,Na,Nc].symbol9157.i4,sunt.[symbol9153,Na,Nc].i4.symbol9157})>
number 1
   color result (degree Nc^2): Color({sunt.[symbol9153,Na,Nc].symbol9157.i4,sunt.[symbol9153,Na,Nc].i4.symbol9157}) == 1/2*Color((-1+Nc)*(1+Nc))
 * Color structure calculated! Time: 0.0004s
   Color order: Nc^2
 * Calculating the Dirac traces
   performing 1 Dirac trace(s)
   1 sub trace(s): . time: 0.001 s

 * Dirac traces calculated! Time: 0.002s
 * Contracting remaining Lorentz indices
 * Lorentz indices contracted! Time: 9e-05s
 * Replacing scalarproducts by invariants and propagators
   SP: {}
 * Matching integrals
 * Scalar products replaced, integrals matched! Time: 0.0003s
 * Collecting common factors
 * Common factors collected ! Time: 0.0002s

Job done (total time: 0 s)
