
Date: Sun Jun 21 20:50:12 2026


conditional: false
diagrams_file1: myresults/PPh-gqb-qb-0r0v.match.yaml
diagrams_file2: myresults/PPh-gqb-qb-0r0v.match.yaml
position1: 1
position2: 1
output_file: ./tmp/PPh-sq-gqb-qb-0r0v.comp_1X1
result_name: 1 X 1 from diagrams in myresults/PPh-gqb-qb-0r0v.match.yaml and myresults/PPh-gqb-qb-0r0v.match.yaml
polarization_orthogonal_vectors:


Reading two diagrams
Reading diagram number 1 from file myresults/PPh-gqb-qb-0r0v.match.yaml
rename negative field indices
Reading diagram number 1 from file myresults/PPh-gqb-qb-0r0v.match.yaml
rename negative field indices
Generating amplitudes
  using Feynman polarizations everywhere
Requested Feynman rule: vbar(fv(p2),0).i2
Requested Feynman rule: I*gamma~mu1*sunt.[a1,Na,Nc].i2.i-1*g
Requested Feynman rule: I*delta.i-2.i-1*fv(-p2-p1)\*Prop(-p2-p1,0)
Requested Feynman rule: I*e*gamma~mu3*delta.i4.i-2
Requested Feynman rule: v(fv(px),0).i4
Requested Feynman rule: polc_photon(fv(p2-px+p1),0).mu3
Requested Feynman rule: pol_gluon(fv(p1),0,fv(0)).mu1.[a1,Na,Nc]
Requested Feynman rule: vbar(fv(p2),0).i2
Requested Feynman rule: I*sunt.[a1,Na,Nc].i2.i-1*gamma~mu1*g
Requested Feynman rule: I*delta.i-2.i-1*fv(-p2-p1)\*Prop(-p2-p1,0)
Requested Feynman rule: I*gamma~mu3*e*delta.i-2.i4
Requested Feynman rule: v(fv(px),0).i4
Requested Feynman rule: polc_photon(fv(p2-px+p1),0).mu3
Requested Feynman rule: pol_gluon(fv(p1),0,fv(0)).mu1.[a1,Na,Nc]
Multiplying amplitudes
First amplitude:
Amplitude 1
Open fermion lines:
Line: 0
vbar(fv(p2),0).i2 * -I*delta.i-2.i-1*(gamma~mu1*fv(-p2-p1)\*gamma~mu3)*e*Prop(-p2-p1,0)*delta.i4.i-2*sunt.[a1,Na,Nc].i2.i-1*g * v(fv(px),0).i4
Closed fermion lines:
External:
[polc_photon(fv(p2-px+p1),0).mu3,pol_gluon(fv(p1),0,fv(0)).mu1.[a1,Na,Nc]]
Remaining Term:
-1

Second amplitude (already conjugated):
Amplitude 1
Open fermion lines:
Line: 0
vbar(fv(px),0).symbol9092 * I*delta.symbol9088.symbol9087*delta.symbol9088.symbol9092*e*(gamma~symbol9097*fv(-p2-p1)\*gamma~symbol9095)*Prop(-p2-p1,0)*sunt.[symbol9083,Na,Nc].symbol9087.symbol9090*g * v(fv(p2),0).symbol9090
Closed fermion lines:
External:
[polc_gluon(fv(p1),0,fv(0)).symbol9095.[symbol9083,Na,Nc],pol_photon(fv(p2-px+p1),0).symbol9097]
Remaining Term:
-1

using Feynman gluon polarization sum for pol_gluon(fv(p1),0,fv(0)).mu1.[a1,Na,Nc]*polc_gluon(fv(p1),0,fv(0)).symbol9095.[symbol9083,Na,Nc]
Calculation of Amplitude 1_X_1 requested
 * Extracting scalar prefactor
   found scalar prefactor: e^2*Prop(-p2-p1,0)^2*g^2
 * Calculating the Color structure
color: delta.symbol9088.symbol9087*delta.symbol9088.symbol9092*delta.[a1,Na,Nc].[symbol9083,Na,Nc]*delta.i-2.i-1*delta.i4.i-2*eta.symbol9097.mu3*delta.i4.symbol9092*delta.symbol9090.i2*eta.symbol9095.mu1*sunt.[a1,Na,Nc].i2.i-1*sunt.[symbol9083,Na,Nc].symbol9087.symbol9090
 * Color structures: 
<Color({sunt.[symbol9083,Na,Nc].symbol9090.symbol9092,sunt.[symbol9083,Na,Nc].symbol9092.symbol9090})>
number 1
   color result (degree Nc^2): Color({sunt.[symbol9083,Na,Nc].symbol9090.symbol9092,sunt.[symbol9083,Na,Nc].symbol9092.symbol9090}) == 1/2*Color((-1+Nc)*(1+Nc))
 * Color structure calculated! Time: 0.0004s
   Color order: Nc^2
 * Calculating the Dirac traces
   performing 1 Dirac trace(s)
   1 sub trace(s): . time: 0.0008 s

 * Dirac traces calculated! Time: 0.001s
 * Contracting remaining Lorentz indices
 * Lorentz indices contracted! Time: 6e-05s
 * Replacing scalarproducts by invariants and propagators
   SP: {}
 * Matching integrals
 * Scalar products replaced, integrals matched! Time: 0.0003s
 * Collecting common factors
 * Common factors collected ! Time: 0.0003s

Job done (total time: 0 s)
