
Date: Sun Jun 21 20:50:13 2026


conditional: false
diagrams_file1: myresults/PPh-gqb-qb-0r1v.match.yaml
diagrams_file2: myresults/PPh-gqb-qb-0r0v.match.yaml
position1: 13
position2: 2
output_file: ./tmp/PPh-sq-gqb-qb-0r1v.comp_13X2
result_name: 13 X 2 from diagrams in myresults/PPh-gqb-qb-0r1v.match.yaml and myresults/PPh-gqb-qb-0r0v.match.yaml
polarization_orthogonal_vectors:


Reading two diagrams
Reading diagram number 13 from file myresults/PPh-gqb-qb-0r1v.match.yaml
rename negative field indices
Reading diagram number 2 from file myresults/PPh-gqb-qb-0r0v.match.yaml
rename negative field indices
Generating amplitudes
  using Feynman polarizations everywhere
Requested Feynman rule: vbar(fv(p2),0).i2
Requested Feynman rule: I*sunt.[a-8,Na,Nc].i2.i-5*gamma~mu-8*g
Requested Feynman rule: I*fv(-p2+px-l-p1)\*Prop(-p2+px-l-p1,0)*delta.i-5.i-6
Requested Feynman rule: I*e*delta.i-1.i-6*gamma~mu3
Requested Feynman rule: I*delta.i-1.i-2*Prop(-l,0)*fv(-l)\
Requested Feynman rule: I*gamma~mu1*sunt.[a1,Na,Nc].i-2.i-3*g
Requested Feynman rule: I*fv(-l-p1)\*Prop(-l-p1,0)*delta.i-3.i-4
Requested Feynman rule: I*sunt.[a-7,Na,Nc].i-4.i4*gamma~mu-7*g
Requested Feynman rule: v(fv(px),0).i4
Requested Feynman rule: -I*eta.mu-7.mu-8*delta.[a-8,Na,Nc].[a-7,Na,Nc]*Prop(px-l-p1,0)
Requested Feynman rule: polc_photon(fv(p2-px+p1),0).mu3
Requested Feynman rule: pol_gluon(fv(p1),0,fv(0)).mu1.[a1,Na,Nc]
Requested Feynman rule: vbar(fv(p2),0).i2
Requested Feynman rule: I*delta.i-1.i2*e*gamma~mu3
Requested Feynman rule: I*Prop(-px+p1,0)*delta.i-1.i-2*fv(-px+p1)\
Requested Feynman rule: I*gamma~mu1*sunt.[a1,Na,Nc].i-2.i4*g
Requested Feynman rule: v(fv(px),0).i4
Requested Feynman rule: polc_photon(fv(p2-px+p1),0).mu3
Requested Feynman rule: pol_gluon(fv(p1),0,fv(0)).mu1.[a1,Na,Nc]
Multiplying amplitudes
First amplitude:
Amplitude 13
Open fermion lines:
Line: 0
vbar(fv(p2),0).i2 * -I*sunt.[a-7,Na,Nc].i-4.i4*sunt.[a-8,Na,Nc].i2.i-5*e*sunt.[a1,Na,Nc].i-2.i-3*delta.i-1.i-6*Prop(-p2+px-l-p1,0)*(gamma~mu-8*fv(-p2+px-l-p1)\*gamma~mu3*fv(-l)\*gamma~mu1*fv(-l-p1)\*gamma~mu-7)*delta.i-1.i-2*Prop(-l-p1,0)*delta.i-3.i-4*delta.i-5.i-6*Prop(-l,0)*g^3 * v(fv(px),0).i4
Closed fermion lines:
External:
[polc_photon(fv(p2-px+p1),0).mu3,pol_gluon(fv(p1),0,fv(0)).mu1.[a1,Na,Nc]]
Remaining Term:
I*eta.mu-7.mu-8*delta.[a-8,Na,Nc].[a-7,Na,Nc]*Prop(px-l-p1,0)

Second amplitude (already conjugated):
Amplitude 2
Open fermion lines:
Line: 0
vbar(fv(px),0).symbol16734 * I*delta.symbol16732.symbol16729*sunt.[symbol16725,Na,Nc].symbol16734.symbol16730*e*delta.symbol16730.symbol16729*Prop(-px+p1,0)*(gamma~symbol16737*fv(-px+p1)\*gamma~symbol16739)*g * v(fv(p2),0).symbol16732
Closed fermion lines:
External:
[polc_gluon(fv(p1),0,fv(0)).symbol16737.[symbol16725,Na,Nc],pol_photon(fv(p2-px+p1),0).symbol16739]
Remaining Term:
-1

using Feynman gluon polarization sum for pol_gluon(fv(p1),0,fv(0)).mu1.[a1,Na,Nc]*polc_gluon(fv(p1),0,fv(0)).symbol16737.[symbol16725,Na,Nc]
Calculation of Amplitude 13_X_2 requested
 * Extracting scalar prefactor
   found scalar prefactor: -I*Prop(px-p1-l,0)*Prop(-p2+px-p1-l,0)*e^2*Prop(-l,0)*Prop(-px+p1,0)*g^4*Prop(-p1-l,0)
 * Calculating the Color structure
color: eta.mu-7.mu-8*delta.symbol16732.symbol16729*sunt.[a-7,Na,Nc].i-4.i4*sunt.[symbol16725,Na,Nc].symbol16734.symbol16730*delta.symbol16732.i2*sunt.[a-8,Na,Nc].i2.i-5*delta.[a-8,Na,Nc].[a-7,Na,Nc]*sunt.[a1,Na,Nc].i-2.i-3*delta.i-1.i-6*delta.symbol16730.symbol16729*eta.mu1.symbol16737*delta.i-1.i-2*delta.i-3.i-4*delta.i-5.i-6*eta.mu3.symbol16739*delta.symbol16734.i4*delta.[symbol16725,Na,Nc].[a1,Na,Nc]
 * Color structures: 
<Color({sunt.[a-8,Na,Nc].i-3.symbol16734,sunt.[a1,Na,Nc].i-6.i-3,sunt.[a1,Na,Nc].symbol16734.symbol16732,sunt.[a-8,Na,Nc].symbol16732.i-6})>
number 1
   color result (degree Nc^1): Color({sunt.[a-8,Na,Nc].i-3.symbol16734,sunt.[a1,Na,Nc].i-6.i-3,sunt.[a1,Na,Nc].symbol16734.symbol16732,sunt.[a-8,Na,Nc].symbol16732.i-6}) == -1/4*Color(Nc^(-1)*(-1+Nc)*(1+Nc))
 * Color structure calculated! Time: 0.0004s
   Color order: Nc^1
 * Calculating the Dirac traces
   performing 1 Dirac trace(s)
   1 sub trace(s): . time: 0.07 s

 * Dirac traces calculated! Time: 0.07s
 * Contracting remaining Lorentz indices
 * Lorentz indices contracted! Time: 0.0008s
 * Replacing scalarproducts by invariants and propagators
   SP: {SP(px,l)==1/2*Prop(p1+l,0)^(-1)+1/2*u-1/2*Prop(-px+p1+l,0)^(-1),SP(p1,l)==-1/2*Prop(l,0)^(-1)+1/2*Prop(p1+l,0)^(-1),SP(p2,l)==1/2*u-1/2*Prop(-px+p1+l,0)^(-1)+1/2*Prop(p2-px+p1+l,0)^(-1),SP(l,l)==Prop(l,0)^(-1)}
 * Matching integrals
 * Scalar products replaced, integrals matched! Time: 0.006s
 * Collecting common factors
 * Common factors collected ! Time: 0.003s

Job done (total time: 0 s)
