
Date: Sun Jun 21 20:50:13 2026


conditional: false
diagrams_file1: myresults/PPh-gqb-qb-0r1v.match.yaml
diagrams_file2: myresults/PPh-gqb-qb-0r0v.match.yaml
position1: 12
position2: 1
output_file: ./tmp/PPh-sq-gqb-qb-0r1v.comp_12X1
result_name: 12 X 1 from diagrams in myresults/PPh-gqb-qb-0r1v.match.yaml and myresults/PPh-gqb-qb-0r0v.match.yaml
polarization_orthogonal_vectors:


Reading two diagrams
Reading diagram number 12 from file myresults/PPh-gqb-qb-0r1v.match.yaml
rename negative field indices
Reading diagram number 1 from file myresults/PPh-gqb-qb-0r0v.match.yaml
rename negative field indices
Generating amplitudes
  using Feynman polarizations everywhere
Requested Feynman rule: vbar(fv(p2),0).i2
Requested Feynman rule: I*sunt.[a-2,Na,Nc].i2.i-5*gamma~mu-2*g
Requested Feynman rule: I*Prop(l-p2,0)*delta.i-5.i-6*fv(l-p2)\
Requested Feynman rule: I*e*delta.i-6.i-7*gamma~mu3
Requested Feynman rule: I*Prop(l-px+p1,0)*delta.i-7.i-8*fv(l-px+p1)\
Requested Feynman rule: I*sunt.[a-4,Na,Nc].i-8.i4*gamma~mu-4*g
Requested Feynman rule: v(fv(px),0).i4
Requested Feynman rule: (eta~mu1~mu-1*fv(-l+p1)~mu-3+fv(2*l+p1)~mu1*eta~mu-1~mu-3+fv(-l-2*p1)~mu-1*eta~mu1~mu-3)*sunf.[a1,Na,Nc].[a-1,Na,Nc].[a-3,Na,Nc]*g
Requested Feynman rule: -I*eta.mu-3.mu-4*delta.[a-4,Na,Nc].[a-3,Na,Nc]*Prop(-l-p1,0)
Requested Feynman rule: -I*Prop(l,0)*delta.[a-1,Na,Nc].[a-2,Na,Nc]*eta.mu-1.mu-2
Requested Feynman rule: polc_photon(fv(p2-px+p1),0).mu3
Requested Feynman rule: pol_gluon(fv(p1),0,fv(0)).mu1.[a1,Na,Nc]
Requested Feynman rule: vbar(fv(p2),0).i2
Requested Feynman rule: I*sunt.[a1,Na,Nc].i2.i-1*gamma~mu1*g
Requested Feynman rule: I*fv(-p2-p1)\*Prop(-p2-p1,0)*delta.i-1.i-2
Requested Feynman rule: I*delta.i4.i-2*gamma~mu3*e
Requested Feynman rule: v(fv(px),0).i4
Requested Feynman rule: polc_photon(fv(p2-px+p1),0).mu3
Requested Feynman rule: pol_gluon(fv(p1),0,fv(0)).mu1.[a1,Na,Nc]
Multiplying amplitudes
First amplitude:
Amplitude 12
Open fermion lines:
Line: 0
vbar(fv(p2),0).i2 * I*Prop(l-px+p1,0)*delta.i-7.i-8*sunt.[a-2,Na,Nc].i2.i-5*Prop(l-p2,0)*(gamma~mu-2*fv(l-p2)\*gamma~mu3*fv(l-px+p1)\*gamma~mu-4)*e*delta.i-5.i-6*sunt.[a-4,Na,Nc].i-8.i4*delta.i-6.i-7*g^2 * v(fv(px),0).i4
Closed fermion lines:
External:
[polc_photon(fv(p2-px+p1),0).mu3,pol_gluon(fv(p1),0,fv(0)).mu1.[a1,Na,Nc]]
Remaining Term:
eta.mu-3.mu-4*Prop(l,0)*(eta~mu1~mu-1*fv(-l+p1)~mu-3+fv(2*l+p1)~mu1*eta~mu-1~mu-3+fv(-l-2*p1)~mu-1*eta~mu1~mu-3)*delta.[a-1,Na,Nc].[a-2,Na,Nc]*delta.[a-4,Na,Nc].[a-3,Na,Nc]*eta.mu-1.mu-2*Prop(-l-p1,0)*sunf.[a1,Na,Nc].[a-1,Na,Nc].[a-3,Na,Nc]*g

Second amplitude (already conjugated):
Amplitude 1
Open fermion lines:
Line: 0
vbar(fv(px),0).symbol15595 * I*sunt.[symbol15586,Na,Nc].symbol15590.symbol15593*(gamma~symbol15600*fv(-p2-p1)\*gamma~symbol15598)*e*Prop(-p2-p1,0)*delta.symbol15591.symbol15595*delta.symbol15591.symbol15590*g * v(fv(p2),0).symbol15593
Closed fermion lines:
External:
[polc_gluon(fv(p1),0,fv(0)).symbol15598.[symbol15586,Na,Nc],pol_photon(fv(p2-px+p1),0).symbol15600]
Remaining Term:
-1

using Feynman gluon polarization sum for pol_gluon(fv(p1),0,fv(0)).mu1.[a1,Na,Nc]*polc_gluon(fv(p1),0,fv(0)).symbol15598.[symbol15586,Na,Nc]
Calculation of Amplitude 12_X_1 requested
 * Extracting scalar prefactor
   found scalar prefactor: Prop(-p2+l,0)*e^2*Prop(-p2-p1,0)*Prop(-px+p1+l,0)*Prop(l,0)*g^4*Prop(-p1-l,0)
 * Calculating the Color structure
color: sunt.[symbol15586,Na,Nc].symbol15590.symbol15593*delta.i-7.i-8*sunt.[a-2,Na,Nc].i2.i-5*delta.[symbol15586,Na,Nc].[a1,Na,Nc]*eta.mu-3.mu-4*(eta~mu1~mu-3*fv(-2*p1-l)~mu-1+fv(p1+2*l)~mu1*eta~mu-1~mu-3+eta~mu1~mu-1*fv(p1-l)~mu-3)*delta.i-5.i-6*delta.symbol15591.symbol15595*sunt.[a-4,Na,Nc].i-8.i4*eta.mu1.symbol15598*delta.i4.symbol15595*delta.[a-1,Na,Nc].[a-2,Na,Nc]*eta.mu3.symbol15600*delta.[a-4,Na,Nc].[a-3,Na,Nc]*eta.mu-1.mu-2*delta.i2.symbol15593*delta.i-6.i-7*sunf.[a1,Na,Nc].[a-1,Na,Nc].[a-3,Na,Nc]*delta.symbol15591.symbol15590
 * Color structures: 
<Color({sunt.[a1,Na,Nc].symbol15595.i2,sunt.[a-1,Na,Nc].i2.i-7,sunf.[a1,Na,Nc].[a-1,Na,Nc].[a-3,Na,Nc],sunt.[a-3,Na,Nc].i-7.symbol15595})>
number 1
   color result (degree Nc^3): Color({sunt.[a1,Na,Nc].symbol15595.i2,sunt.[a-1,Na,Nc].i2.i-7,sunf.[a1,Na,Nc].[a-1,Na,Nc].[a-3,Na,Nc],sunt.[a-3,Na,Nc].i-7.symbol15595}) == (1/4*I)*Color(Nc*(-1+Nc)*(1+Nc))
 * Color structure calculated! Time: 0.001s
   Color order: Nc^3
 * Calculating the Dirac traces
   performing 1 Dirac trace(s)
   1 sub trace(s): . time: 0.03 s

 * Dirac traces calculated! Time: 0.03s
 * Contracting remaining Lorentz indices
 * Lorentz indices contracted! Time: 0.009s
 * Replacing scalarproducts by invariants and propagators
   SP: {SP(px,l)==1/2*Prop(p1+l,0)^(-1)+1/2*u-1/2*Prop(-px+p1+l,0)^(-1),SP(p1,l)==-1/2*Prop(l,0)^(-1)+1/2*Prop(p1+l,0)^(-1),SP(p2,l)==1/2*Prop(l,0)^(-1)-1/2*Prop(p2-l,0)^(-1),SP(l,l)==Prop(l,0)^(-1)}
 * Matching integrals
 * Scalar products replaced, integrals matched! Time: 0.01s
 * Collecting common factors
 * Common factors collected ! Time: 0.004s

Job done (total time: 0 s)
