
Date: Sun Jun 21 20:50:13 2026


conditional: false
diagrams_file1: myresults/PPh-gqb-qb-0r1v.match.yaml
diagrams_file2: myresults/PPh-gqb-qb-0r0v.match.yaml
position1: 11
position2: 1
output_file: ./tmp/PPh-sq-gqb-qb-0r1v.comp_11X1
result_name: 11 X 1 from diagrams in myresults/PPh-gqb-qb-0r1v.match.yaml and myresults/PPh-gqb-qb-0r0v.match.yaml
polarization_orthogonal_vectors:


Reading two diagrams
Reading diagram number 11 from file myresults/PPh-gqb-qb-0r1v.match.yaml
rename negative field indices
Reading diagram number 1 from file myresults/PPh-gqb-qb-0r0v.match.yaml
rename negative field indices
Generating amplitudes
  using Feynman polarizations everywhere
Requested Feynman rule: vbar(fv(p2),0).i2
Requested Feynman rule: I*sunt.[a-5,Na,Nc].i2.i-1*gamma~mu-5*g
Requested Feynman rule: I*fv(-l)\*delta.i-1.i-2*Prop(-l,0)
Requested Feynman rule: I*sunt.[a1,Na,Nc].i-2.i-3*gamma~mu1*g
Requested Feynman rule: I*Prop(-p1-l,0)*fv(-p1-l)\*delta.i-3.i-4
Requested Feynman rule: I*gamma~mu3*e*delta.i-7.i-4
Requested Feynman rule: I*Prop(p2-px-l,0)*fv(p2-px-l)\*delta.i-7.i-8
Requested Feynman rule: I*gamma~mu-6*sunt.[a-6,Na,Nc].i-8.i4*g
Requested Feynman rule: v(fv(px),0).i4
Requested Feynman rule: -I*Prop(-p2+l,0)*eta.mu-6.mu-5*delta.[a-5,Na,Nc].[a-6,Na,Nc]
Requested Feynman rule: polc_photon(fv(p2-px+p1),0).mu3
Requested Feynman rule: pol_gluon(fv(p1),0,fv(0)).mu1.[a1,Na,Nc]
Requested Feynman rule: vbar(fv(p2),0).i2
Requested Feynman rule: I*gamma~mu1*g*sunt.[a1,Na,Nc].i2.i-1
Requested Feynman rule: I*delta.i-1.i-2*fv(-p2-p1)\*Prop(-p2-p1,0)
Requested Feynman rule: I*delta.i4.i-2*e*gamma~mu3
Requested Feynman rule: v(fv(px),0).i4
Requested Feynman rule: polc_photon(fv(p2-px+p1),0).mu3
Requested Feynman rule: pol_gluon(fv(p1),0,fv(0)).mu1.[a1,Na,Nc]
Multiplying amplitudes
First amplitude:
Amplitude 11
Open fermion lines:
Line: 0
vbar(fv(p2),0).i2 * -I*(gamma~mu-5*fv(-l)\*gamma~mu1*fv(-p1-l)\*gamma~mu3*fv(p2-px-l)\*gamma~mu-6)*sunt.[a1,Na,Nc].i-2.i-3*Prop(p2-px-l,0)*e*Prop(-p1-l,0)*sunt.[a-5,Na,Nc].i2.i-1*delta.i-7.i-4*delta.i-1.i-2*Prop(-l,0)*delta.i-7.i-8*sunt.[a-6,Na,Nc].i-8.i4*g^3*delta.i-3.i-4 * v(fv(px),0).i4
Closed fermion lines:
External:
[polc_photon(fv(p2-px+p1),0).mu3,pol_gluon(fv(p1),0,fv(0)).mu1.[a1,Na,Nc]]
Remaining Term:
I*Prop(-p2+l,0)*eta.mu-6.mu-5*delta.[a-5,Na,Nc].[a-6,Na,Nc]

Second amplitude (already conjugated):
Amplitude 1
Open fermion lines:
Line: 0
vbar(fv(px),0).symbol14691 * I*e*Prop(-p2-p1,0)*delta.symbol14687.symbol14686*sunt.[symbol14682,Na,Nc].symbol14686.symbol14689*(gamma~symbol14696*fv(-p2-p1)\*gamma~symbol14694)*delta.symbol14691.symbol14687*g * v(fv(p2),0).symbol14689
Closed fermion lines:
External:
[polc_gluon(fv(p1),0,fv(0)).symbol14694.[symbol14682,Na,Nc],pol_photon(fv(p2-px+p1),0).symbol14696]
Remaining Term:
-1

using Feynman gluon polarization sum for pol_gluon(fv(p1),0,fv(0)).mu1.[a1,Na,Nc]*polc_gluon(fv(p1),0,fv(0)).symbol14694.[symbol14682,Na,Nc]
Calculation of Amplitude 11_X_1 requested
 * Extracting scalar prefactor
   found scalar prefactor: -I*Prop(-p2+l,0)*e^2*Prop(-p2-p1,0)*Prop(-l,0)*Prop(p2-px-l,0)*g^4*Prop(-p1-l,0)
 * Calculating the Color structure
color: sunt.[a1,Na,Nc].i-2.i-3*eta.mu3.symbol14696*delta.symbol14687.symbol14686*sunt.[a-5,Na,Nc].i2.i-1*sunt.[symbol14682,Na,Nc].symbol14686.symbol14689*eta.mu1.symbol14694*delta.i-7.i-4*eta.mu-6.mu-5*delta.[a-5,Na,Nc].[a-6,Na,Nc]*delta.symbol14691.i4*delta.i-1.i-2*delta.i-7.i-8*delta.symbol14691.symbol14687*delta.[symbol14682,Na,Nc].[a1,Na,Nc]*sunt.[a-6,Na,Nc].i-8.i4*delta.i-3.i-4*delta.symbol14689.i2
 * Color structures: 
<Color({sunt.[symbol14682,Na,Nc].symbol14691.symbol14689,sunt.[a-6,Na,Nc].symbol14689.i-1,sunt.[symbol14682,Na,Nc].i-1.i-4,sunt.[a-6,Na,Nc].i-4.symbol14691})>
number 1
   color result (degree Nc^1): Color({sunt.[symbol14682,Na,Nc].symbol14691.symbol14689,sunt.[a-6,Na,Nc].symbol14689.i-1,sunt.[symbol14682,Na,Nc].i-1.i-4,sunt.[a-6,Na,Nc].i-4.symbol14691}) == -1/4*Color(Nc^(-1)*(-1+Nc)*(1+Nc))
 * Color structure calculated! Time: 0.0003s
   Color order: Nc^1
 * Calculating the Dirac traces
   performing 1 Dirac trace(s)
   1 sub trace(s): . time: 0.05 s

 * Dirac traces calculated! Time: 0.05s
 * Contracting remaining Lorentz indices
 * Lorentz indices contracted! Time: 0.0008s
 * Replacing scalarproducts by invariants and propagators
   SP: {SP(px,l)==-1/2*t+1/2*Prop(-p2+px+l,0)^(-1)-1/2*Prop(p2-l,0)^(-1),SP(p1,l)==-1/2*Prop(l,0)^(-1)+1/2*Prop(p1+l,0)^(-1),SP(p2,l)==1/2*Prop(l,0)^(-1)-1/2*Prop(p2-l,0)^(-1),SP(l,l)==Prop(l,0)^(-1)}
 * Matching integrals
 * Scalar products replaced, integrals matched! Time: 0.009s
 * Collecting common factors
 * Common factors collected ! Time: 0.006s

Job done (total time: 0 s)
