
Date: Sun Jun 21 20:50:13 2026


conditional: false
diagrams_file1: myresults/PPh-gqb-qb-0r1v.match.yaml
diagrams_file2: myresults/PPh-gqb-qb-0r0v.match.yaml
position1: 10
position2: 2
output_file: ./tmp/PPh-sq-gqb-qb-0r1v.comp_10X2
result_name: 10 X 2 from diagrams in myresults/PPh-gqb-qb-0r1v.match.yaml and myresults/PPh-gqb-qb-0r0v.match.yaml
polarization_orthogonal_vectors:


Reading two diagrams
Reading diagram number 10 from file myresults/PPh-gqb-qb-0r1v.match.yaml
rename negative field indices
Reading diagram number 2 from file myresults/PPh-gqb-qb-0r0v.match.yaml
rename negative field indices
Generating amplitudes
  using Feynman polarizations everywhere
Requested Feynman rule: vbar(fv(p2),0).i2
Requested Feynman rule: I*sunt.[a-4,Na,Nc].i2.i-7*gamma~mu-4*g
Requested Feynman rule: I*delta.i-8.i-7*Prop(-p2-l-p1,0)*fv(-p2-l-p1)\
Requested Feynman rule: I*sunt.[a-6,Na,Nc].i-8.i-1*gamma~mu-6*g
Requested Feynman rule: I*fv(-p2-p1)\*Prop(-p2-p1,0)*delta.i-1.i-2
Requested Feynman rule: I*gamma~mu3*e*delta.i-2.i4
Requested Feynman rule: v(fv(px),0).i4
Requested Feynman rule: sunf.[a1,Na,Nc].[a-3,Na,Nc].[a-5,Na,Nc]*(fv(l+2*p1)~mu-5*eta~mu1~mu-3+fv(l-p1)~mu-3*eta~mu1~mu-5+fv(-2*l-p1)~mu1*eta~mu-3~mu-5)*g
Requested Feynman rule: -I*eta.mu-6.mu-5*Prop(l,0)*delta.[a-6,Na,Nc].[a-5,Na,Nc]
Requested Feynman rule: -I*delta.[a-4,Na,Nc].[a-3,Na,Nc]*eta.mu-4.mu-3*Prop(-l-p1,0)
Requested Feynman rule: polc_photon(fv(p2-px+p1),0).mu3
Requested Feynman rule: pol_gluon(fv(p1),0,fv(0)).mu1.[a1,Na,Nc]
Requested Feynman rule: vbar(fv(p2),0).i2
Requested Feynman rule: I*e*delta.i2.i-1*gamma~mu3
Requested Feynman rule: I*delta.i-2.i-1*Prop(-px+p1,0)*fv(-px+p1)\
Requested Feynman rule: I*gamma~mu1*sunt.[a1,Na,Nc].i-2.i4*g
Requested Feynman rule: v(fv(px),0).i4
Requested Feynman rule: polc_photon(fv(p2-px+p1),0).mu3
Requested Feynman rule: pol_gluon(fv(p1),0,fv(0)).mu1.[a1,Na,Nc]
Multiplying amplitudes
First amplitude:
Amplitude 10
Open fermion lines:
Line: 0
vbar(fv(p2),0).i2 * I*delta.i-8.i-7*(gamma~mu-4*fv(-p2-l-p1)\*gamma~mu-6*fv(-p2-p1)\*gamma~mu3)*sunt.[a-6,Na,Nc].i-8.i-1*Prop(-p2-l-p1,0)*sunt.[a-4,Na,Nc].i2.i-7*e*Prop(-p2-p1,0)*delta.i-2.i4*delta.i-1.i-2*g^2 * v(fv(px),0).i4
Closed fermion lines:
External:
[polc_photon(fv(p2-px+p1),0).mu3,pol_gluon(fv(p1),0,fv(0)).mu1.[a1,Na,Nc]]
Remaining Term:
eta.mu-6.mu-5*delta.[a-4,Na,Nc].[a-3,Na,Nc]*sunf.[a1,Na,Nc].[a-3,Na,Nc].[a-5,Na,Nc]*Prop(l,0)*eta.mu-4.mu-3*Prop(-l-p1,0)*(fv(l+2*p1)~mu-5*eta~mu1~mu-3+fv(l-p1)~mu-3*eta~mu1~mu-5+fv(-2*l-p1)~mu1*eta~mu-3~mu-5)*delta.[a-6,Na,Nc].[a-5,Na,Nc]*g

Second amplitude (already conjugated):
Amplitude 2
Open fermion lines:
Line: 0
vbar(fv(px),0).symbol14413 * I*delta.symbol14411.symbol14408*sunt.[symbol14404,Na,Nc].symbol14413.symbol14409*e*delta.symbol14409.symbol14408*Prop(-px+p1,0)*(gamma~symbol14416*fv(-px+p1)\*gamma~symbol14418)*g * v(fv(p2),0).symbol14411
Closed fermion lines:
External:
[polc_gluon(fv(p1),0,fv(0)).symbol14416.[symbol14404,Na,Nc],pol_photon(fv(p2-px+p1),0).symbol14418]
Remaining Term:
-1

using Feynman gluon polarization sum for pol_gluon(fv(p1),0,fv(0)).mu1.[a1,Na,Nc]*polc_gluon(fv(p1),0,fv(0)).symbol14416.[symbol14404,Na,Nc]
Calculation of Amplitude 10_X_2 requested
 * Extracting scalar prefactor
   found scalar prefactor: e^2*Prop(-p2-p1,0)*Prop(-px+p1,0)*Prop(-p2-p1-l,0)*Prop(l,0)*g^4*Prop(-p1-l,0)
 * Calculating the Color structure
color: delta.i-8.i-7*delta.symbol14411.symbol14408*eta.mu-6.mu-5*delta.[a-4,Na,Nc].[a-3,Na,Nc]*sunt.[symbol14404,Na,Nc].symbol14413.symbol14409*sunt.[a-6,Na,Nc].i-8.i-1*(eta~mu-3~mu-5*fv(-p1-2*l)~mu1+eta~mu1~mu-3*fv(2*p1+l)~mu-5+fv(-p1+l)~mu-3*eta~mu1~mu-5)*delta.symbol14411.i2*delta.[symbol14404,Na,Nc].[a1,Na,Nc]*sunt.[a-4,Na,Nc].i2.i-7*eta.symbol14418.mu3*sunf.[a1,Na,Nc].[a-3,Na,Nc].[a-5,Na,Nc]*delta.symbol14409.symbol14408*eta.mu-4.mu-3*delta.symbol14413.i4*delta.i-2.i4*delta.i-1.i-2*delta.[a-6,Na,Nc].[a-5,Na,Nc]*eta.mu1.symbol14416
 * Color structures: 
<Color({sunf.[a1,Na,Nc].[a-3,Na,Nc].[a-5,Na,Nc],sunt.[a-3,Na,Nc].symbol14408.i-7,sunt.[a-5,Na,Nc].i-7.i-1,sunt.[a1,Na,Nc].i-1.symbol14408})>
number 1
   color result (degree Nc^3): Color({sunf.[a1,Na,Nc].[a-3,Na,Nc].[a-5,Na,Nc],sunt.[a-3,Na,Nc].symbol14408.i-7,sunt.[a-5,Na,Nc].i-7.i-1,sunt.[a1,Na,Nc].i-1.symbol14408}) == (1/4*I)*Color(Nc*(-1+Nc)*(1+Nc))
 * Color structure calculated! Time: 0.0008s
   Color order: Nc^3
 * Calculating the Dirac traces
   performing 1 Dirac trace(s)
   1 sub trace(s): . time: 0.02 s

 * Dirac traces calculated! Time: 0.02s
 * Contracting remaining Lorentz indices
 * Lorentz indices contracted! Time: 0.008s
 * Replacing scalarproducts by invariants and propagators
   SP: {SP(px,l)==1/2*t+1/2*Prop(p2+p1+l,0)^(-1)+1/2*u-1/2*Prop(p2-px+p1+l,0)^(-1),SP(p1,l)==-1/2*Prop(l,0)^(-1)+1/2*Prop(p1+l,0)^(-1),SP(p2,l)==1/2*t-1/2*Prop(p1+l,0)^(-1)+1/2*Prop(p2+p1+l,0)^(-1)+1/2*u,SP(l,l)==Prop(l,0)^(-1)}
 * Matching integrals
 * Scalar products replaced, integrals matched! Time: 0.007s
 * Collecting common factors
 * Common factors collected ! Time: 0.004s

Job done (total time: 0 s)
