
Date: Sun Jun 21 20:50:13 2026


conditional: false
diagrams_file1: myresults/PPh-gqb-qb-0r1v.match.yaml
diagrams_file2: myresults/PPh-gqb-qb-0r0v.match.yaml
position1: 9
position2: 2
output_file: ./tmp/PPh-sq-gqb-qb-0r1v.comp_9X2
result_name: 9 X 2 from diagrams in myresults/PPh-gqb-qb-0r1v.match.yaml and myresults/PPh-gqb-qb-0r0v.match.yaml
polarization_orthogonal_vectors:


Reading two diagrams
Reading diagram number 9 from file myresults/PPh-gqb-qb-0r1v.match.yaml
rename negative field indices
Reading diagram number 2 from file myresults/PPh-gqb-qb-0r0v.match.yaml
rename negative field indices
Generating amplitudes
  using Feynman polarizations everywhere
Requested Feynman rule: vbar(fv(p2),0).i2
Requested Feynman rule: I*gamma~mu-7*sunt.[a-7,Na,Nc].i2.i-3*g
Requested Feynman rule: I*Prop(l+p1,0)*fv(l+p1)\*delta.i-3.i-4
Requested Feynman rule: I*gamma~mu1*sunt.[a1,Na,Nc].i-4.i-5*g
Requested Feynman rule: I*fv(l)\*delta.i-5.i-6*Prop(l,0)
Requested Feynman rule: I*sunt.[a-8,Na,Nc].i-6.i-1*gamma~mu-8*g
Requested Feynman rule: I*delta.i-2.i-1*fv(-p2-p1)\*Prop(-p2-p1,0)
Requested Feynman rule: I*e*gamma~mu3*delta.i4.i-2
Requested Feynman rule: v(fv(px),0).i4
Requested Feynman rule: -I*delta.[a-8,Na,Nc].[a-7,Na,Nc]*Prop(-p2-l-p1,0)*eta.mu-7.mu-8
Requested Feynman rule: polc_photon(fv(p2-px+p1),0).mu3
Requested Feynman rule: pol_gluon(fv(p1),0,fv(0)).mu1.[a1,Na,Nc]
Requested Feynman rule: vbar(fv(p2),0).i2
Requested Feynman rule: I*gamma~mu3*e*delta.i2.i-1
Requested Feynman rule: I*Prop(-px+p1,0)*delta.i-2.i-1*fv(-px+p1)\
Requested Feynman rule: I*gamma~mu1*g*sunt.[a1,Na,Nc].i-2.i4
Requested Feynman rule: v(fv(px),0).i4
Requested Feynman rule: polc_photon(fv(p2-px+p1),0).mu3
Requested Feynman rule: pol_gluon(fv(p1),0,fv(0)).mu1.[a1,Na,Nc]
Multiplying amplitudes
First amplitude:
Amplitude 9
Open fermion lines:
Line: 0
vbar(fv(p2),0).i2 * -I*delta.i-2.i-1*e*Prop(-p2-p1,0)*sunt.[a-7,Na,Nc].i2.i-3*Prop(l+p1,0)*delta.i4.i-2*(gamma~mu-7*fv(l+p1)\*gamma~mu1*fv(l)\*gamma~mu-8*fv(-p2-p1)\*gamma~mu3)*delta.i-5.i-6*sunt.[a-8,Na,Nc].i-6.i-1*delta.i-3.i-4*sunt.[a1,Na,Nc].i-4.i-5*Prop(l,0)*g^3 * v(fv(px),0).i4
Closed fermion lines:
External:
[polc_photon(fv(p2-px+p1),0).mu3,pol_gluon(fv(p1),0,fv(0)).mu1.[a1,Na,Nc]]
Remaining Term:
I*delta.[a-8,Na,Nc].[a-7,Na,Nc]*Prop(-p2-l-p1,0)*eta.mu-7.mu-8

Second amplitude (already conjugated):
Amplitude 2
Open fermion lines:
Line: 0
vbar(fv(px),0).symbol13931 * I*(gamma~symbol13934*fv(-px+p1)\*gamma~symbol13936)*e*delta.symbol13926.symbol13929*Prop(-px+p1,0)*delta.symbol13926.symbol13927*sunt.[symbol13922,Na,Nc].symbol13931.symbol13927*g * v(fv(p2),0).symbol13929
Closed fermion lines:
External:
[polc_gluon(fv(p1),0,fv(0)).symbol13934.[symbol13922,Na,Nc],pol_photon(fv(p2-px+p1),0).symbol13936]
Remaining Term:
-1

using Feynman gluon polarization sum for pol_gluon(fv(p1),0,fv(0)).mu1.[a1,Na,Nc]*polc_gluon(fv(p1),0,fv(0)).symbol13934.[symbol13922,Na,Nc]
Calculation of Amplitude 9_X_2 requested
 * Extracting scalar prefactor
   found scalar prefactor: -I*e^2*Prop(-p2-p1,0)*Prop(-px+p1,0)*Prop(p1+l,0)*Prop(-p2-p1-l,0)*Prop(l,0)*g^4
 * Calculating the Color structure
color: delta.[a-8,Na,Nc].[a-7,Na,Nc]*eta.symbol13934.mu1*delta.i4.symbol13931*delta.i-2.i-1*delta.symbol13926.symbol13929*sunt.[a-7,Na,Nc].i2.i-3*delta.i4.i-2*delta.symbol13926.symbol13927*delta.[symbol13922,Na,Nc].[a1,Na,Nc]*delta.i-5.i-6*sunt.[a-8,Na,Nc].i-6.i-1*delta.i-3.i-4*sunt.[symbol13922,Na,Nc].symbol13931.symbol13927*delta.i2.symbol13929*sunt.[a1,Na,Nc].i-4.i-5*eta.mu3.symbol13936*eta.mu-7.mu-8
 * Color structures: 
<Color({sunt.[a1,Na,Nc].i4.symbol13929,sunt.[a-8,Na,Nc].i-5.i4,sunt.[a-8,Na,Nc].symbol13929.i-4,sunt.[a1,Na,Nc].i-4.i-5})>
number 1
   color result (degree Nc^1): Color({sunt.[a1,Na,Nc].i4.symbol13929,sunt.[a-8,Na,Nc].i-5.i4,sunt.[a-8,Na,Nc].symbol13929.i-4,sunt.[a1,Na,Nc].i-4.i-5}) == -1/4*Color(Nc^(-1)*(-1+Nc)*(1+Nc))
 * Color structure calculated! Time: 0.0004s
   Color order: Nc^1
 * Calculating the Dirac traces
   performing 1 Dirac trace(s)
   1 sub trace(s): . time: 0.02 s

 * Dirac traces calculated! Time: 0.02s
 * Contracting remaining Lorentz indices
 * Lorentz indices contracted! Time: 0.0008s
 * Replacing scalarproducts by invariants and propagators
   SP: {SP(px,l)==1/2*t+1/2*Prop(p2+p1+l,0)^(-1)+1/2*u-1/2*Prop(p2-px+p1+l,0)^(-1),SP(p1,l)==-1/2*Prop(l,0)^(-1)+1/2*Prop(p1+l,0)^(-1),SP(p2,l)==1/2*t-1/2*Prop(p1+l,0)^(-1)+1/2*Prop(p2+p1+l,0)^(-1)+1/2*u,SP(l,l)==Prop(l,0)^(-1)}
 * Matching integrals
 * Scalar products replaced, integrals matched! Time: 0.005s
 * Collecting common factors
 * Common factors collected ! Time: 0.004s

Job done (total time: 0 s)
