
Date: Sun Jun 21 20:50:13 2026


conditional: false
diagrams_file1: myresults/PPh-gqb-qb-0r1v.match.yaml
diagrams_file2: myresults/PPh-gqb-qb-0r0v.match.yaml
position1: 8
position2: 2
output_file: ./tmp/PPh-sq-gqb-qb-0r1v.comp_8X2
result_name: 8 X 2 from diagrams in myresults/PPh-gqb-qb-0r1v.match.yaml and myresults/PPh-gqb-qb-0r0v.match.yaml
polarization_orthogonal_vectors:


Reading two diagrams
Reading diagram number 8 from file myresults/PPh-gqb-qb-0r1v.match.yaml
rename negative field indices
Reading diagram number 2 from file myresults/PPh-gqb-qb-0r0v.match.yaml
rename negative field indices
Generating amplitudes
  using Feynman polarizations everywhere
Requested Feynman rule: vbar(fv(p2),0).i2
Requested Feynman rule: I*gamma~mu-1*sunt.[a-1,Na,Nc].i2.i4*g
Requested Feynman rule: v(fv(px),0).i4
Requested Feynman rule: I*gamma~mu1*sunt.[a1,Na,Nc].i-4.i-5*g
Requested Feynman rule: I*fv(l)\*Prop(l,0)*delta.i-6.i-5
Requested Feynman rule: I*sunt.[a-2,Na,Nc].i-6.i-7*gamma~mu-2*g
Requested Feynman rule: I*delta.i-8.i-7*fv(-p2+px+l)\*Prop(-p2+px+l,0)
Requested Feynman rule: I*e*delta.i-3.i-8*gamma~mu3
Requested Feynman rule: I*delta.i-3.i-4*fv(p1+l)\*Prop(p1+l,0)
  tagged fermion loop: ( 25:quark1_qbar1 31:qbar1_gluon_quark1 32:qbar1_photon_quark1 )
Requested Feynman rule: -I*eta.mu-2.mu-1*Prop(-p2+px,0)*delta.[a-2,Na,Nc].[a-1,Na,Nc]
Requested Feynman rule: polc_photon(fv(p2-px+p1),0).mu3
Requested Feynman rule: pol_gluon(fv(p1),0,fv(0)).mu1.[a1,Na,Nc]
Requested Feynman rule: vbar(fv(p2),0).i2
Requested Feynman rule: I*delta.i-1.i2*e*gamma~mu3
Requested Feynman rule: I*delta.i-1.i-2*Prop(-px+p1,0)*fv(-px+p1)\
Requested Feynman rule: I*gamma~mu1*sunt.[a1,Na,Nc].i-2.i4*g
Requested Feynman rule: v(fv(px),0).i4
Requested Feynman rule: polc_photon(fv(p2-px+p1),0).mu3
Requested Feynman rule: pol_gluon(fv(p1),0,fv(0)).mu1.[a1,Na,Nc]
Multiplying amplitudes
First amplitude:
Amplitude 8
Open fermion lines:
Line: 0
vbar(fv(p2),0).i2 * I*gamma~mu-1*sunt.[a-1,Na,Nc].i2.i4*g * v(fv(px),0).i4
Closed fermion lines:
Line: 0
-delta.i-8.i-7*delta.i-3.i-4*e*sunt.[a-2,Na,Nc].i-6.i-7*sunt.[a1,Na,Nc].i-4.i-5*Prop(p1+l,0)*delta.i-3.i-8*Prop(l,0)*g^2*(gamma~mu1*fv(l)\*gamma~mu-2*fv(-p2+px+l)\*gamma~mu3*fv(p1+l)\)*delta.i-6.i-5*Prop(-p2+px+l,0)
External:
[polc_photon(fv(p2-px+p1),0).mu3,pol_gluon(fv(p1),0,fv(0)).mu1.[a1,Na,Nc]]
Remaining Term:
-I*eta.mu-2.mu-1*Prop(-p2+px,0)*delta.[a-2,Na,Nc].[a-1,Na,Nc]*Tag({25,31,32})

Second amplitude (already conjugated):
Amplitude 2
Open fermion lines:
Line: 0
vbar(fv(px),0).symbol13531 * I*delta.symbol13526.symbol13529*e*sunt.[symbol13522,Na,Nc].symbol13531.symbol13527*Prop(-px+p1,0)*(gamma~symbol13534*fv(-px+p1)\*gamma~symbol13536)*g*delta.symbol13527.symbol13526 * v(fv(p2),0).symbol13529
Closed fermion lines:
External:
[polc_gluon(fv(p1),0,fv(0)).symbol13534.[symbol13522,Na,Nc],pol_photon(fv(p2-px+p1),0).symbol13536]
Remaining Term:
-1

using Feynman gluon polarization sum for pol_gluon(fv(p1),0,fv(0)).mu1.[a1,Na,Nc]*polc_gluon(fv(p1),0,fv(0)).symbol13534.[symbol13522,Na,Nc]
Calculation of Amplitude 8_X_2 requested
 * Extracting scalar prefactor
   found scalar prefactor: I*Prop(-p2+px+l,0)*e^2*Prop(-p2+px,0)*Tag({25,31,32})*Prop(-px+p1,0)*Prop(p1+l,0)*Prop(l,0)*g^4
 * Calculating the Color structure
color: delta.i-8.i-7*delta.i-3.i-4*delta.symbol13529.i2*delta.symbol13526.symbol13529*eta.mu-2.mu-1*delta.[a1,Na,Nc].[symbol13522,Na,Nc]*sunt.[a-2,Na,Nc].i-6.i-7*delta.symbol13531.i4*sunt.[symbol13522,Na,Nc].symbol13531.symbol13527*delta.[a-2,Na,Nc].[a-1,Na,Nc]*eta.mu3.symbol13536*sunt.[a1,Na,Nc].i-4.i-5*eta.symbol13534.mu1*delta.i-3.i-8*sunt.[a-1,Na,Nc].i2.i4*delta.i-6.i-5*delta.symbol13527.symbol13526
 * Color structures: 
<Color({sunt.[a1,Na,Nc].i4.symbol13526,sunt.[a1,Na,Nc].i-3.i-5,sunt.[a-1,Na,Nc].symbol13526.i4,sunt.[a-1,Na,Nc].i-5.i-3})>
number 1
   color result (degree Nc^2): Color({sunt.[a1,Na,Nc].i4.symbol13526,sunt.[a1,Na,Nc].i-3.i-5,sunt.[a-1,Na,Nc].symbol13526.i4,sunt.[a-1,Na,Nc].i-5.i-3}) == 1/4*Color((-1+Nc)*(1+Nc))
 * Color structure calculated! Time: 0.0004s
   Color order: Nc^2
 * Calculating the Dirac traces
   performing 2 Dirac trace(s)
   1 sub trace(s): . time: 0.001 s

   1 sub trace(s): . time: 0.0006 s

 * Dirac traces calculated! Time: 0.002s
 * Contracting remaining Lorentz indices
 * Lorentz indices contracted! Time: 0.02s
 * Replacing scalarproducts by invariants and propagators
   SP: {SP(px,l)==-1/2*t+1/2*Prop(-p2+px+l,0)^(-1)-1/2*Prop(p2-l,0)^(-1),SP(p1,l)==-1/2*Prop(l,0)^(-1)+1/2*Prop(p1+l,0)^(-1),SP(p2,l)==1/2*Prop(l,0)^(-1)-1/2*Prop(p2-l,0)^(-1),SP(l,l)==Prop(l,0)^(-1)}
 * Matching integrals
 * Scalar products replaced, integrals matched! Time: 0.004s
 * Collecting common factors
 * Common factors collected ! Time: 0.002s

Job done (total time: 0 s)
