
Date: Sun Jun 21 20:50:13 2026


conditional: false
diagrams_file1: myresults/PPh-gqb-qb-0r1v.match.yaml
diagrams_file2: myresults/PPh-gqb-qb-0r0v.match.yaml
position1: 7
position2: 2
output_file: ./tmp/PPh-sq-gqb-qb-0r1v.comp_7X2
result_name: 7 X 2 from diagrams in myresults/PPh-gqb-qb-0r1v.match.yaml and myresults/PPh-gqb-qb-0r0v.match.yaml
polarization_orthogonal_vectors:


Reading two diagrams
Reading diagram number 7 from file myresults/PPh-gqb-qb-0r1v.match.yaml
rename negative field indices
Reading diagram number 2 from file myresults/PPh-gqb-qb-0r0v.match.yaml
rename negative field indices
Generating amplitudes
  using Feynman polarizations everywhere
Requested Feynman rule: vbar(fv(p2),0).i2
Requested Feynman rule: I*gamma~mu-1*g*sunt.[a-1,Na,Nc].i2.i4
Requested Feynman rule: v(fv(px),0).i4
Requested Feynman rule: I*e*gamma~mu3*delta.i-7.i-4
Requested Feynman rule: I*fv(p2-px-l)\*delta.i-8.i-7*Prop(p2-px-l,0)
Requested Feynman rule: I*sunt.[a-2,Na,Nc].i-8.i-5*gamma~mu-2*g
Requested Feynman rule: I*Prop(-l,0)*fv(-l)\*delta.i-5.i-6
Requested Feynman rule: I*gamma~mu1*sunt.[a1,Na,Nc].i-6.i-3*g
Requested Feynman rule: I*delta.i-3.i-4*Prop(-p1-l,0)*fv(-p1-l)\
  tagged fermion loop: ( 25:quark1_qbar1 31:qbar1_gluon_quark1 32:qbar1_photon_quark1 )
Requested Feynman rule: -I*eta.mu-2.mu-1*Prop(-p2+px,0)*delta.[a-2,Na,Nc].[a-1,Na,Nc]
Requested Feynman rule: polc_photon(fv(p2-px+p1),0).mu3
Requested Feynman rule: pol_gluon(fv(p1),0,fv(0)).mu1.[a1,Na,Nc]
Requested Feynman rule: vbar(fv(p2),0).i2
Requested Feynman rule: I*e*gamma~mu3*delta.i-1.i2
Requested Feynman rule: I*Prop(-px+p1,0)*delta.i-1.i-2*fv(-px+p1)\
Requested Feynman rule: I*sunt.[a1,Na,Nc].i-2.i4*gamma~mu1*g
Requested Feynman rule: v(fv(px),0).i4
Requested Feynman rule: polc_photon(fv(p2-px+p1),0).mu3
Requested Feynman rule: pol_gluon(fv(p1),0,fv(0)).mu1.[a1,Na,Nc]
Multiplying amplitudes
First amplitude:
Amplitude 7
Open fermion lines:
Line: 0
vbar(fv(p2),0).i2 * I*gamma~mu-1*g*sunt.[a-1,Na,Nc].i2.i4 * v(fv(px),0).i4
Closed fermion lines:
Line: 0
-Prop(-l,0)*e*delta.i-3.i-4*sunt.[a-2,Na,Nc].i-8.i-5*(gamma~mu3*fv(p2-px-l)\*gamma~mu-2*fv(-l)\*gamma~mu1*fv(-p1-l)\)*Prop(-p1-l,0)*delta.i-8.i-7*sunt.[a1,Na,Nc].i-6.i-3*delta.i-5.i-6*g^2*Prop(p2-px-l,0)*delta.i-7.i-4
External:
[polc_photon(fv(p2-px+p1),0).mu3,pol_gluon(fv(p1),0,fv(0)).mu1.[a1,Na,Nc]]
Remaining Term:
-I*eta.mu-2.mu-1*Prop(-p2+px,0)*Tag({25,31,32})*delta.[a-2,Na,Nc].[a-1,Na,Nc]

Second amplitude (already conjugated):
Amplitude 2
Open fermion lines:
Line: 0
vbar(fv(px),0).symbol13215 * I*delta.symbol13211.symbol13210*e*(gamma~symbol13218*fv(-px+p1)\*gamma~symbol13220)*Prop(-px+p1,0)*delta.symbol13213.symbol13210*g*sunt.[symbol13206,Na,Nc].symbol13215.symbol13211 * v(fv(p2),0).symbol13213
Closed fermion lines:
External:
[polc_gluon(fv(p1),0,fv(0)).symbol13218.[symbol13206,Na,Nc],pol_photon(fv(p2-px+p1),0).symbol13220]
Remaining Term:
-1

using Feynman gluon polarization sum for pol_gluon(fv(p1),0,fv(0)).mu1.[a1,Na,Nc]*polc_gluon(fv(p1),0,fv(0)).symbol13218.[symbol13206,Na,Nc]
Calculation of Amplitude 7_X_2 requested
 * Extracting scalar prefactor
   found scalar prefactor: I*e^2*Prop(-p2+px,0)*Tag({25,31,32})*Prop(-l,0)*Prop(-px+p1,0)*Prop(p2-px-l,0)*g^4*Prop(-p1-l,0)
 * Calculating the Color structure
color: eta.mu-2.mu-1*delta.symbol13211.symbol13210*delta.i2.symbol13213*delta.i-3.i-4*eta.symbol13220.mu3*sunt.[a-2,Na,Nc].i-8.i-5*delta.[a-2,Na,Nc].[a-1,Na,Nc]*eta.mu1.symbol13218*delta.[symbol13206,Na,Nc].[a1,Na,Nc]*delta.i-8.i-7*delta.symbol13213.symbol13210*sunt.[a1,Na,Nc].i-6.i-3*delta.i-5.i-6*sunt.[symbol13206,Na,Nc].symbol13215.symbol13211*sunt.[a-1,Na,Nc].i2.i4*delta.i-7.i-4*delta.symbol13215.i4
 * Color structures: 
<Color({sunt.[a-1,Na,Nc].symbol13213.i4,sunt.[symbol13206,Na,Nc].i-6.i-4,sunt.[symbol13206,Na,Nc].i4.symbol13213,sunt.[a-1,Na,Nc].i-4.i-6})>
number 1
   color result (degree Nc^2): Color({sunt.[a-1,Na,Nc].symbol13213.i4,sunt.[symbol13206,Na,Nc].i-6.i-4,sunt.[symbol13206,Na,Nc].i4.symbol13213,sunt.[a-1,Na,Nc].i-4.i-6}) == 1/4*Color((-1+Nc)*(1+Nc))
 * Color structure calculated! Time: 0.0004s
   Color order: Nc^2
 * Calculating the Dirac traces
   performing 2 Dirac trace(s)
   1 sub trace(s): . time: 0.001 s

   1 sub trace(s): . time: 0.0007 s

 * Dirac traces calculated! Time: 0.002s
 * Contracting remaining Lorentz indices
 * Lorentz indices contracted! Time: 0.03s
 * Replacing scalarproducts by invariants and propagators
   SP: {SP(px,l)==-1/2*t+1/2*Prop(-p2+px+l,0)^(-1)-1/2*Prop(p2-l,0)^(-1),SP(p1,l)==-1/2*Prop(l,0)^(-1)+1/2*Prop(p1+l,0)^(-1),SP(p2,l)==1/2*Prop(l,0)^(-1)-1/2*Prop(p2-l,0)^(-1),SP(l,l)==Prop(l,0)^(-1)}
 * Matching integrals
 * Scalar products replaced, integrals matched! Time: 0.004s
 * Collecting common factors
 * Common factors collected ! Time: 0.002s

Job done (total time: 0 s)
