
Date: Sun Jun 21 20:50:12 2026


conditional: false
diagrams_file1: myresults/PPh-gqb-qb-0r1v.match.yaml
diagrams_file2: myresults/PPh-gqb-qb-0r0v.match.yaml
position1: 6
position2: 1
output_file: ./tmp/PPh-sq-gqb-qb-0r1v.comp_6X1
result_name: 6 X 1 from diagrams in myresults/PPh-gqb-qb-0r1v.match.yaml and myresults/PPh-gqb-qb-0r0v.match.yaml
polarization_orthogonal_vectors:


Reading two diagrams
Reading diagram number 6 from file myresults/PPh-gqb-qb-0r1v.match.yaml
rename negative field indices
Reading diagram number 1 from file myresults/PPh-gqb-qb-0r0v.match.yaml
rename negative field indices
Generating amplitudes
  using Feynman polarizations everywhere
Requested Feynman rule: vbar(fv(p2),0).i2
Requested Feynman rule: I*e*gamma~mu3*delta.i2.i-1
Requested Feynman rule: I*Prop(-px+p1,0)*delta.i-1.i-2*fv(-px+p1)\
Requested Feynman rule: I*sunt.[a-6,Na,Nc].i-2.i-7*gamma~mu-6*g
Requested Feynman rule: I*fv(-px+l+p1)\*delta.i-7.i-8*Prop(-px+l+p1,0)
Requested Feynman rule: I*gamma~mu-4*sunt.[a-4,Na,Nc].i-8.i4*g
Requested Feynman rule: v(fv(px),0).i4
Requested Feynman rule: sunf.[a1,Na,Nc].[a-3,Na,Nc].[a-5,Na,Nc]*(eta~mu-3~mu-5*fv(-2*l-p1)~mu1+eta~mu1~mu-5*fv(l-p1)~mu-3+eta~mu1~mu-3*fv(l+2*p1)~mu-5)*g
Requested Feynman rule: -I*Prop(l,0)*eta.mu-6.mu-5*delta.[a-6,Na,Nc].[a-5,Na,Nc]
Requested Feynman rule: -I*delta.[a-4,Na,Nc].[a-3,Na,Nc]*Prop(-l-p1,0)*eta.mu-4.mu-3
Requested Feynman rule: polc_photon(fv(p2-px+p1),0).mu3
Requested Feynman rule: pol_gluon(fv(p1),0,fv(0)).mu1.[a1,Na,Nc]
Requested Feynman rule: vbar(fv(p2),0).i2
Requested Feynman rule: I*sunt.[a1,Na,Nc].i2.i-1*gamma~mu1*g
Requested Feynman rule: I*fv(-p2-p1)\*Prop(-p2-p1,0)*delta.i-1.i-2
Requested Feynman rule: I*e*gamma~mu3*delta.i-2.i4
Requested Feynman rule: v(fv(px),0).i4
Requested Feynman rule: polc_photon(fv(p2-px+p1),0).mu3
Requested Feynman rule: pol_gluon(fv(p1),0,fv(0)).mu1.[a1,Na,Nc]
Multiplying amplitudes
First amplitude:
Amplitude 6
Open fermion lines:
Line: 0
vbar(fv(p2),0).i2 * I*sunt.[a-6,Na,Nc].i-2.i-7*e*sunt.[a-4,Na,Nc].i-8.i4*Prop(-px+p1,0)*(gamma~mu3*fv(-px+p1)\*gamma~mu-6*fv(-px+l+p1)\*gamma~mu-4)*delta.i-7.i-8*delta.i2.i-1*delta.i-1.i-2*Prop(-px+l+p1,0)*g^2 * v(fv(px),0).i4
Closed fermion lines:
External:
[polc_photon(fv(p2-px+p1),0).mu3,pol_gluon(fv(p1),0,fv(0)).mu1.[a1,Na,Nc]]
Remaining Term:
Prop(l,0)*eta.mu-6.mu-5*sunf.[a1,Na,Nc].[a-3,Na,Nc].[a-5,Na,Nc]*delta.[a-6,Na,Nc].[a-5,Na,Nc]*delta.[a-4,Na,Nc].[a-3,Na,Nc]*Prop(-l-p1,0)*(eta~mu-3~mu-5*fv(-2*l-p1)~mu1+eta~mu1~mu-5*fv(l-p1)~mu-3+eta~mu1~mu-3*fv(l+2*p1)~mu-5)*eta.mu-4.mu-3*g

Second amplitude (already conjugated):
Amplitude 1
Open fermion lines:
Line: 0
vbar(fv(px),0).symbol12446 * I*delta.symbol12441.symbol12442*delta.symbol12446.symbol12442*e*Prop(-p2-p1,0)*sunt.[symbol12437,Na,Nc].symbol12441.symbol12444*(gamma~symbol12451*fv(-p2-p1)\*gamma~symbol12449)*g * v(fv(p2),0).symbol12444
Closed fermion lines:
External:
[polc_gluon(fv(p1),0,fv(0)).symbol12449.[symbol12437,Na,Nc],pol_photon(fv(p2-px+p1),0).symbol12451]
Remaining Term:
-1

using Feynman gluon polarization sum for pol_gluon(fv(p1),0,fv(0)).mu1.[a1,Na,Nc]*polc_gluon(fv(p1),0,fv(0)).symbol12449.[symbol12437,Na,Nc]
Calculation of Amplitude 6_X_1 requested
 * Extracting scalar prefactor
   found scalar prefactor: e^2*Prop(-p2-p1,0)*Prop(-px+p1,0)*Prop(-px+p1+l,0)*Prop(l,0)*g^4*Prop(-p1-l,0)
 * Calculating the Color structure
color: sunt.[a-6,Na,Nc].i-2.i-7*delta.symbol12441.symbol12442*delta.i4.symbol12446*delta.symbol12446.symbol12442*eta.mu-6.mu-5*delta.symbol12444.i2*sunf.[a1,Na,Nc].[a-3,Na,Nc].[a-5,Na,Nc]*sunt.[a-4,Na,Nc].i-8.i4*sunt.[symbol12437,Na,Nc].symbol12441.symbol12444*delta.[a-6,Na,Nc].[a-5,Na,Nc]*delta.[a-4,Na,Nc].[a-3,Na,Nc]*delta.i-7.i-8*eta.symbol12451.mu3*delta.i2.i-1*delta.i-1.i-2*eta.mu1.symbol12449*(eta~mu-3~mu-5*fv(-p1-2*l)~mu1+fv(2*p1+l)~mu-5*eta~mu1~mu-3+fv(-p1+l)~mu-3*eta~mu1~mu-5)*delta.[symbol12437,Na,Nc].[a1,Na,Nc]*eta.mu-4.mu-3
 * Color structures: 
<Color({sunf.[symbol12437,Na,Nc].[a-4,Na,Nc].[a-5,Na,Nc],sunt.[a-5,Na,Nc].i-1.i-8,sunt.[a-4,Na,Nc].i-8.symbol12442,sunt.[symbol12437,Na,Nc].symbol12442.i-1})>
number 1
   color result (degree Nc^3): Color({sunf.[symbol12437,Na,Nc].[a-4,Na,Nc].[a-5,Na,Nc],sunt.[a-5,Na,Nc].i-1.i-8,sunt.[a-4,Na,Nc].i-8.symbol12442,sunt.[symbol12437,Na,Nc].symbol12442.i-1}) == -(1/4*I)*Color(Nc*(-1+Nc)*(1+Nc))
 * Color structure calculated! Time: 0.0006s
   Color order: Nc^3
 * Calculating the Dirac traces
   performing 1 Dirac trace(s)
   1 sub trace(s): . time: 0.04 s

 * Dirac traces calculated! Time: 0.04s
 * Contracting remaining Lorentz indices
 * Lorentz indices contracted! Time: 0.007s
 * Replacing scalarproducts by invariants and propagators
   SP: {SP(px,l)==1/2*Prop(p1+l,0)^(-1)+1/2*u-1/2*Prop(-px+p1+l,0)^(-1),SP(p1,l)==-1/2*Prop(l,0)^(-1)+1/2*Prop(p1+l,0)^(-1),SP(p2,l)==1/2*Prop(l,0)^(-1)-1/2*Prop(p2-l,0)^(-1),SP(l,l)==Prop(l,0)^(-1)}
 * Matching integrals
 * Scalar products replaced, integrals matched! Time: 0.005s
 * Collecting common factors
 * Common factors collected ! Time: 0.004s

Job done (total time: 0 s)
