
Date: Sun Jun 21 20:50:12 2026


conditional: false
diagrams_file1: myresults/PPh-gqb-qb-0r1v.match.yaml
diagrams_file2: myresults/PPh-gqb-qb-0r0v.match.yaml
position1: 4
position2: 1
output_file: ./tmp/PPh-sq-gqb-qb-0r1v.comp_4X1
result_name: 4 X 1 from diagrams in myresults/PPh-gqb-qb-0r1v.match.yaml and myresults/PPh-gqb-qb-0r0v.match.yaml
polarization_orthogonal_vectors:


Reading two diagrams
Reading diagram number 4 from file myresults/PPh-gqb-qb-0r1v.match.yaml
rename negative field indices
Reading diagram number 1 from file myresults/PPh-gqb-qb-0r0v.match.yaml
rename negative field indices
Generating amplitudes
  using Feynman polarizations everywhere
Requested Feynman rule: vbar(fv(p2),0).i2
Requested Feynman rule: I*sunt.[a-5,Na,Nc].i2.i-3*gamma~mu-5*g
Requested Feynman rule: I*fv(-p2-l)\*Prop(-p2-l,0)*delta.i-3.i-4
Requested Feynman rule: I*gamma~mu3*e*delta.i-7.i-4
Requested Feynman rule: I*fv(-l-px+p1)\*delta.i-7.i-8*Prop(-l-px+p1,0)
Requested Feynman rule: I*sunt.[a-6,Na,Nc].i-8.i-1*gamma~mu-6*g
Requested Feynman rule: I*delta.i-2.i-1*Prop(-px+p1,0)*fv(-px+p1)\
Requested Feynman rule: I*gamma~mu1*sunt.[a1,Na,Nc].i-2.i4*g
Requested Feynman rule: v(fv(px),0).i4
Requested Feynman rule: -I*eta.mu-5.mu-6*delta.[a-5,Na,Nc].[a-6,Na,Nc]*Prop(l,0)
Requested Feynman rule: polc_photon(fv(p2-px+p1),0).mu3
Requested Feynman rule: pol_gluon(fv(p1),0,fv(0)).mu1.[a1,Na,Nc]
Requested Feynman rule: vbar(fv(p2),0).i2
Requested Feynman rule: I*sunt.[a1,Na,Nc].i2.i-1*gamma~mu1*g
Requested Feynman rule: I*fv(-p2-p1)\*Prop(-p2-p1,0)*delta.i-2.i-1
Requested Feynman rule: I*e*gamma~mu3*delta.i-2.i4
Requested Feynman rule: v(fv(px),0).i4
Requested Feynman rule: polc_photon(fv(p2-px+p1),0).mu3
Requested Feynman rule: pol_gluon(fv(p1),0,fv(0)).mu1.[a1,Na,Nc]
Multiplying amplitudes
First amplitude:
Amplitude 4
Open fermion lines:
Line: 0
vbar(fv(p2),0).i2 * -I*sunt.[a-6,Na,Nc].i-8.i-1*sunt.[a-5,Na,Nc].i2.i-3*e*delta.i-2.i-1*Prop(-px+p1,0)*delta.i-7.i-4*Prop(-p2-l,0)*(gamma~mu-5*fv(-p2-l)\*gamma~mu3*fv(-l-px+p1)\*gamma~mu-6*fv(-px+p1)\*gamma~mu1)*delta.i-7.i-8*sunt.[a1,Na,Nc].i-2.i4*Prop(-l-px+p1,0)*g^3*delta.i-3.i-4 * v(fv(px),0).i4
Closed fermion lines:
External:
[polc_photon(fv(p2-px+p1),0).mu3,pol_gluon(fv(p1),0,fv(0)).mu1.[a1,Na,Nc]]
Remaining Term:
I*eta.mu-5.mu-6*delta.[a-5,Na,Nc].[a-6,Na,Nc]*Prop(l,0)

Second amplitude (already conjugated):
Amplitude 1
Open fermion lines:
Line: 0
vbar(fv(px),0).symbol11100 * I*delta.symbol11095.symbol11096*(gamma~symbol11105*fv(-p2-p1)\*gamma~symbol11103)*delta.symbol11100.symbol11096*e*Prop(-p2-p1,0)*sunt.[symbol11091,Na,Nc].symbol11095.symbol11098*g * v(fv(p2),0).symbol11098
Closed fermion lines:
External:
[polc_gluon(fv(p1),0,fv(0)).symbol11103.[symbol11091,Na,Nc],pol_photon(fv(p2-px+p1),0).symbol11105]
Remaining Term:
-1

using Feynman gluon polarization sum for pol_gluon(fv(p1),0,fv(0)).mu1.[a1,Na,Nc]*polc_gluon(fv(p1),0,fv(0)).symbol11103.[symbol11091,Na,Nc]
Calculation of Amplitude 4_X_1 requested
 * Extracting scalar prefactor
   found scalar prefactor: -I*Prop(-px+p1-l,0)*e^2*Prop(-p2-p1,0)*Prop(-px+p1,0)*Prop(-p2-l,0)*Prop(l,0)*g^4
 * Calculating the Color structure
color: sunt.[a-6,Na,Nc].i-8.i-1*delta.symbol11095.symbol11096*delta.symbol11100.symbol11096*sunt.[a-5,Na,Nc].i2.i-3*eta.mu3.symbol11105*eta.symbol11103.mu1*delta.symbol11098.i2*delta.i-2.i-1*delta.symbol11100.i4*delta.i-7.i-4*sunt.[symbol11091,Na,Nc].symbol11095.symbol11098*delta.[symbol11091,Na,Nc].[a1,Na,Nc]*delta.i-7.i-8*eta.mu-5.mu-6*delta.[a-5,Na,Nc].[a-6,Na,Nc]*sunt.[a1,Na,Nc].i-2.i4*delta.i-3.i-4
 * Color structures: 
<Color({sunt.[a1,Na,Nc].i4.symbol11098,sunt.[a-5,Na,Nc].symbol11098.i-7,sunt.[a-5,Na,Nc].i-7.i-2,sunt.[a1,Na,Nc].i-2.i4})>
number 1
   color result (degree Nc^3): Color({sunt.[a1,Na,Nc].i4.symbol11098,sunt.[a-5,Na,Nc].symbol11098.i-7,sunt.[a-5,Na,Nc].i-7.i-2,sunt.[a1,Na,Nc].i-2.i4}) == 1/4*Color(Nc^(-1)*(-1+Nc)^2*(1+Nc)^2)
 * Color structure calculated! Time: 0.0005s
   Color order: Nc^3
 * Calculating the Dirac traces
   performing 1 Dirac trace(s)
   1 sub trace(s): . time: 0.03 s

 * Dirac traces calculated! Time: 0.03s
 * Contracting remaining Lorentz indices
 * Lorentz indices contracted! Time: 0.001s
 * Replacing scalarproducts by invariants and propagators
   SP: {SP(px,l)==-1/2*Prop(p1-l,0)^(-1)-1/2*u+1/2*Prop(px-p1+l,0)^(-1),SP(p1,l)==1/2*Prop(l,0)^(-1)-1/2*Prop(p1-l,0)^(-1),SP(p2,l)==-1/2*Prop(l,0)^(-1)+1/2*Prop(p2+l,0)^(-1),SP(l,l)==Prop(l,0)^(-1)}
 * Matching integrals
 * Scalar products replaced, integrals matched! Time: 0.005s
 * Collecting common factors
 * Common factors collected ! Time: 0.003s

Job done (total time: 0 s)
