
Date: Sun Jun 21 20:50:12 2026


conditional: false
diagrams_file1: myresults/PPh-gqb-qb-0r1v.match.yaml
diagrams_file2: myresults/PPh-gqb-qb-0r0v.match.yaml
position1: 3
position2: 2
output_file: ./tmp/PPh-sq-gqb-qb-0r1v.comp_3X2
result_name: 3 X 2 from diagrams in myresults/PPh-gqb-qb-0r1v.match.yaml and myresults/PPh-gqb-qb-0r0v.match.yaml
polarization_orthogonal_vectors:


Reading two diagrams
Reading diagram number 3 from file myresults/PPh-gqb-qb-0r1v.match.yaml
rename negative field indices
Reading diagram number 2 from file myresults/PPh-gqb-qb-0r0v.match.yaml
rename negative field indices
Generating amplitudes
  using Feynman polarizations everywhere
Requested Feynman rule: vbar(fv(p2),0).i2
Requested Feynman rule: I*gamma~mu1*sunt.[a1,Na,Nc].i2.i-1*g
Requested Feynman rule: I*fv(-p2-p1)\*Prop(-p2-p1,0)*delta.i-1.i-2
Requested Feynman rule: I*sunt.[a-8,Na,Nc].i-2.i-5*gamma~mu-8*g
Requested Feynman rule: I*delta.i-5.i-6*fv(-l)\*Prop(-l,0)
Requested Feynman rule: I*delta.i-3.i-6*gamma~mu3*e
Requested Feynman rule: I*delta.i-3.i-4*Prop(-l+p2-px+p1,0)*fv(-l+p2-px+p1)\
Requested Feynman rule: I*sunt.[a-7,Na,Nc].i-4.i4*gamma~mu-7*g
Requested Feynman rule: v(fv(px),0).i4
Requested Feynman rule: -I*eta.mu-7.mu-8*delta.[a-7,Na,Nc].[a-8,Na,Nc]*Prop(-l+p2+p1,0)
Requested Feynman rule: polc_photon(fv(p2-px+p1),0).mu3
Requested Feynman rule: pol_gluon(fv(p1),0,fv(0)).mu1.[a1,Na,Nc]
Requested Feynman rule: vbar(fv(p2),0).i2
Requested Feynman rule: I*e*delta.i2.i-1*gamma~mu3
Requested Feynman rule: I*delta.i-2.i-1*Prop(-px+p1,0)*fv(-px+p1)\
Requested Feynman rule: I*sunt.[a1,Na,Nc].i-2.i4*gamma~mu1*g
Requested Feynman rule: v(fv(px),0).i4
Requested Feynman rule: polc_photon(fv(p2-px+p1),0).mu3
Requested Feynman rule: pol_gluon(fv(p1),0,fv(0)).mu1.[a1,Na,Nc]
Multiplying amplitudes
First amplitude:
Amplitude 3
Open fermion lines:
Line: 0
vbar(fv(p2),0).i2 * -I*delta.i-3.i-6*(gamma~mu1*fv(-p2-p1)\*gamma~mu-8*fv(-l)\*gamma~mu3*fv(-l+p2-px+p1)\*gamma~mu-7)*delta.i-5.i-6*e*Prop(-p2-p1,0)*delta.i-1.i-2*delta.i-3.i-4*sunt.[a-8,Na,Nc].i-2.i-5*sunt.[a-7,Na,Nc].i-4.i4*sunt.[a1,Na,Nc].i2.i-1*Prop(-l,0)*Prop(-l+p2-px+p1,0)*g^3 * v(fv(px),0).i4
Closed fermion lines:
External:
[polc_photon(fv(p2-px+p1),0).mu3,pol_gluon(fv(p1),0,fv(0)).mu1.[a1,Na,Nc]]
Remaining Term:
I*eta.mu-7.mu-8*delta.[a-7,Na,Nc].[a-8,Na,Nc]*Prop(-l+p2+p1,0)

Second amplitude (already conjugated):
Amplitude 2
Open fermion lines:
Line: 0
vbar(fv(px),0).symbol10654 * I*delta.symbol10652.symbol10649*(gamma~symbol10657*fv(-px+p1)\*gamma~symbol10659)*e*Prop(-px+p1,0)*sunt.[symbol10645,Na,Nc].symbol10654.symbol10650*delta.symbol10650.symbol10649*g * v(fv(p2),0).symbol10652
Closed fermion lines:
External:
[polc_gluon(fv(p1),0,fv(0)).symbol10657.[symbol10645,Na,Nc],pol_photon(fv(p2-px+p1),0).symbol10659]
Remaining Term:
-1

using Feynman gluon polarization sum for pol_gluon(fv(p1),0,fv(0)).mu1.[a1,Na,Nc]*polc_gluon(fv(p1),0,fv(0)).symbol10657.[symbol10645,Na,Nc]
Calculation of Amplitude 3_X_2 requested
 * Extracting scalar prefactor
   found scalar prefactor: -I*Prop(p2-px+p1-l,0)*e^2*Prop(-p2-p1,0)*Prop(-l,0)*Prop(-px+p1,0)*Prop(p2+p1-l,0)*g^4
 * Calculating the Color structure
color: delta.i-3.i-6*delta.symbol10652.symbol10649*delta.i-5.i-6*delta.i-1.i-2*delta.i-3.i-4*eta.mu-7.mu-8*delta.[a-7,Na,Nc].[a-8,Na,Nc]*eta.mu1.symbol10657*delta.[a1,Na,Nc].[symbol10645,Na,Nc]*delta.symbol10654.i4*sunt.[a-8,Na,Nc].i-2.i-5*delta.i2.symbol10652*sunt.[a-7,Na,Nc].i-4.i4*sunt.[a1,Na,Nc].i2.i-1*eta.mu3.symbol10659*sunt.[symbol10645,Na,Nc].symbol10654.symbol10650*delta.symbol10650.symbol10649
 * Color structures: 
<Color({sunt.[a-7,Na,Nc].i-1.i-6,sunt.[symbol10645,Na,Nc].symbol10654.symbol10652,sunt.[a-7,Na,Nc].i-6.symbol10654,sunt.[symbol10645,Na,Nc].symbol10652.i-1})>
number 1
   color result (degree Nc^3): Color({sunt.[a-7,Na,Nc].i-1.i-6,sunt.[symbol10645,Na,Nc].symbol10654.symbol10652,sunt.[a-7,Na,Nc].i-6.symbol10654,sunt.[symbol10645,Na,Nc].symbol10652.i-1}) == 1/4*Color(Nc^(-1)*(-1+Nc)^2*(1+Nc)^2)
 * Color structure calculated! Time: 0.0005s
   Color order: Nc^3
 * Calculating the Dirac traces
   performing 1 Dirac trace(s)
   1 sub trace(s): . time: 0.05 s

 * Dirac traces calculated! Time: 0.05s
 * Contracting remaining Lorentz indices
 * Lorentz indices contracted! Time: 0.0008s
 * Replacing scalarproducts by invariants and propagators
   SP: {SP(px,l)==-1/2*t-1/2*Prop(p2+p1-l,0)^(-1)-1/2*u+1/2*Prop(p2-px+p1-l,0)^(-1),SP(p1,l)==1/2*Prop(l,0)^(-1)-1/2*Prop(p1-l,0)^(-1),SP(p2,l)==-1/2*t+1/2*Prop(p1-l,0)^(-1)-1/2*Prop(p2+p1-l,0)^(-1)-1/2*u,SP(l,l)==Prop(l,0)^(-1)}
 * Matching integrals
 * Scalar products replaced, integrals matched! Time: 0.005s
 * Collecting common factors
 * Common factors collected ! Time: 0.005s

Job done (total time: 0 s)
