
Date: Sun Jun 21 20:50:12 2026


conditional: false
diagrams_file1: myresults/PPh-gqb-qb-0r1v.match.yaml
diagrams_file2: myresults/PPh-gqb-qb-0r0v.match.yaml
position1: 2
position2: 2
output_file: ./tmp/PPh-sq-gqb-qb-0r1v.comp_2X2
result_name: 2 X 2 from diagrams in myresults/PPh-gqb-qb-0r1v.match.yaml and myresults/PPh-gqb-qb-0r0v.match.yaml
polarization_orthogonal_vectors:


Reading two diagrams
Reading diagram number 2 from file myresults/PPh-gqb-qb-0r1v.match.yaml
rename negative field indices
Reading diagram number 2 from file myresults/PPh-gqb-qb-0r0v.match.yaml
rename negative field indices
Generating amplitudes
  using Feynman polarizations everywhere
Requested Feynman rule: vbar(fv(p2),0).i2
Requested Feynman rule: I*e*gamma~mu3*delta.i-3.i2
Requested Feynman rule: I*delta.i-3.i-4*Prop(-px+p1,0)*fv(-px+p1)\
Requested Feynman rule: I*sunt.[a-8,Na,Nc].i-4.i-5*g*gamma~mu-8
Requested Feynman rule: I*Prop(l-px+p1,0)*delta.i-5.i-6*fv(l-px+p1)\
Requested Feynman rule: I*gamma~mu-7*sunt.[a-7,Na,Nc].i-6.i-1*g
Requested Feynman rule: I*delta.i-2.i-1*Prop(-px+p1,0)*fv(-px+p1)\
Requested Feynman rule: I*gamma~mu1*sunt.[a1,Na,Nc].i-2.i4*g
Requested Feynman rule: v(fv(px),0).i4
Requested Feynman rule: -I*Prop(l,0)*eta.mu-8.mu-7*delta.[a-8,Na,Nc].[a-7,Na,Nc]
Requested Feynman rule: polc_photon(fv(p2-px+p1),0).mu3
Requested Feynman rule: pol_gluon(fv(p1),0,fv(0)).mu1.[a1,Na,Nc]
Requested Feynman rule: vbar(fv(p2),0).i2
Requested Feynman rule: I*delta.i-1.i2*e*gamma~mu3
Requested Feynman rule: I*delta.i-1.i-2*Prop(-px+p1,0)*fv(-px+p1)\
Requested Feynman rule: I*gamma~mu1*g*sunt.[a1,Na,Nc].i-2.i4
Requested Feynman rule: v(fv(px),0).i4
Requested Feynman rule: polc_photon(fv(p2-px+p1),0).mu3
Requested Feynman rule: pol_gluon(fv(p1),0,fv(0)).mu1.[a1,Na,Nc]
Multiplying amplitudes
First amplitude:
Amplitude 2
Open fermion lines:
Line: 0
vbar(fv(p2),0).i2 * -I*delta.i-2.i-1*(gamma~mu3*fv(-px+p1)\*gamma~mu-8*fv(l-px+p1)\*gamma~mu-7*fv(-px+p1)\*gamma~mu1)*sunt.[a-8,Na,Nc].i-4.i-5*e*delta.i-3.i-4*sunt.[a1,Na,Nc].i-2.i4*delta.i-3.i2*Prop(-px+p1,0)^2*Prop(l-px+p1,0)*delta.i-5.i-6*sunt.[a-7,Na,Nc].i-6.i-1*g^3 * v(fv(px),0).i4
Closed fermion lines:
External:
[polc_photon(fv(p2-px+p1),0).mu3,pol_gluon(fv(p1),0,fv(0)).mu1.[a1,Na,Nc]]
Remaining Term:
I*Prop(l,0)*eta.mu-8.mu-7*delta.[a-8,Na,Nc].[a-7,Na,Nc]

Second amplitude (already conjugated):
Amplitude 2
Open fermion lines:
Line: 0
vbar(fv(px),0).symbol10132 * I*delta.symbol10128.symbol10127*e*(gamma~symbol10135*fv(-px+p1)\*gamma~symbol10137)*delta.symbol10130.symbol10127*sunt.[symbol10123,Na,Nc].symbol10132.symbol10128*Prop(-px+p1,0)*g * v(fv(p2),0).symbol10130
Closed fermion lines:
External:
[polc_gluon(fv(p1),0,fv(0)).symbol10135.[symbol10123,Na,Nc],pol_photon(fv(p2-px+p1),0).symbol10137]
Remaining Term:
-1

using Feynman gluon polarization sum for pol_gluon(fv(p1),0,fv(0)).mu1.[a1,Na,Nc]*polc_gluon(fv(p1),0,fv(0)).symbol10135.[symbol10123,Na,Nc]
Calculation of Amplitude 2_X_2 requested
 * Extracting scalar prefactor
   found scalar prefactor: -I*e^2*Prop(-px+p1,0)^3*Prop(-px+p1+l,0)*Prop(l,0)*g^4
 * Calculating the Color structure
color: delta.i-2.i-1*delta.[a1,Na,Nc].[symbol10123,Na,Nc]*delta.symbol10128.symbol10127*sunt.[a-8,Na,Nc].i-4.i-5*delta.i-3.i-4*eta.mu-8.mu-7*delta.symbol10130.symbol10127*sunt.[a1,Na,Nc].i-2.i4*delta.i-3.i2*sunt.[symbol10123,Na,Nc].symbol10132.symbol10128*delta.[a-8,Na,Nc].[a-7,Na,Nc]*delta.i-5.i-6*eta.symbol10135.mu1*eta.mu3.symbol10137*sunt.[a-7,Na,Nc].i-6.i-1*delta.i2.symbol10130*delta.symbol10132.i4
 * Color structures: 
<Color({sunt.[symbol10123,Na,Nc].i-1.symbol10132,sunt.[symbol10123,Na,Nc].symbol10132.symbol10130,sunt.[a-7,Na,Nc].i-6.i-1,sunt.[a-7,Na,Nc].symbol10130.i-6})>
number 1
   color result (degree Nc^3): Color({sunt.[symbol10123,Na,Nc].i-1.symbol10132,sunt.[symbol10123,Na,Nc].symbol10132.symbol10130,sunt.[a-7,Na,Nc].i-6.i-1,sunt.[a-7,Na,Nc].symbol10130.i-6}) == 1/4*Color(Nc^(-1)*(-1+Nc)^2*(1+Nc)^2)
 * Color structure calculated! Time: 0.0005s
   Color order: Nc^3
 * Calculating the Dirac traces
   performing 1 Dirac trace(s)
   1 sub trace(s): . time: 0.009 s

 * Dirac traces calculated! Time: 0.01s
 * Contracting remaining Lorentz indices
 * Lorentz indices contracted! Time: 0.0003s
 * Replacing scalarproducts by invariants and propagators
   SP: {SP(px,l)==1/2*Prop(p1+l,0)^(-1)+1/2*u-1/2*Prop(-px+p1+l,0)^(-1),SP(p1,l)==-1/2*Prop(l,0)^(-1)+1/2*Prop(p1+l,0)^(-1),SP(p2,l)==1/2*Prop(l,0)^(-1)-1/2*Prop(p2-l,0)^(-1)}
 * Matching integrals
 * Scalar products replaced, integrals matched! Time: 0.002s
 * Collecting common factors
 * Common factors collected ! Time: 0.002s

Job done (total time: 0 s)
