
Date: Sun Jun 21 20:50:12 2026


conditional: false
diagrams_file1: myresults/PPh-gqb-qb-0r1v.match.yaml
diagrams_file2: myresults/PPh-gqb-qb-0r0v.match.yaml
position1: 1
position2: 2
output_file: ./tmp/PPh-sq-gqb-qb-0r1v.comp_1X2
result_name: 1 X 2 from diagrams in myresults/PPh-gqb-qb-0r1v.match.yaml and myresults/PPh-gqb-qb-0r0v.match.yaml
polarization_orthogonal_vectors:


Reading two diagrams
Reading diagram number 1 from file myresults/PPh-gqb-qb-0r1v.match.yaml
rename negative field indices
Reading diagram number 2 from file myresults/PPh-gqb-qb-0r0v.match.yaml
rename negative field indices
Generating amplitudes
  using Feynman polarizations everywhere
Requested Feynman rule: vbar(fv(p2),0).i2
Requested Feynman rule: I*sunt.[a1,Na,Nc].i2.i-1*g*gamma~mu1
Requested Feynman rule: I*delta.i-2.i-1*fv(-p2-p1)\*Prop(-p2-p1,0)
Requested Feynman rule: I*sunt.[a-7,Na,Nc].i-2.i-5*gamma~mu-7*g
Requested Feynman rule: I*fv(-p2-p1-l)\*Prop(-p2-p1-l,0)*delta.i-6.i-5
Requested Feynman rule: I*sunt.[a-8,Na,Nc].i-6.i-3*gamma~mu-8*g
Requested Feynman rule: I*fv(-p2-p1)\*Prop(-p2-p1,0)*delta.i-3.i-4
Requested Feynman rule: I*e*gamma~mu3*delta.i-4.i4
Requested Feynman rule: v(fv(px),0).i4
Requested Feynman rule: -I*eta.mu-8.mu-7*delta.[a-7,Na,Nc].[a-8,Na,Nc]*Prop(l,0)
Requested Feynman rule: polc_photon(fv(p2-px+p1),0).mu3
Requested Feynman rule: pol_gluon(fv(p1),0,fv(0)).mu1.[a1,Na,Nc]
Requested Feynman rule: vbar(fv(p2),0).i2
Requested Feynman rule: I*gamma~mu3*e*delta.i2.i-1
Requested Feynman rule: I*Prop(-px+p1,0)*fv(-px+p1)\*delta.i-2.i-1
Requested Feynman rule: I*sunt.[a1,Na,Nc].i-2.i4*gamma~mu1*g
Requested Feynman rule: v(fv(px),0).i4
Requested Feynman rule: polc_photon(fv(p2-px+p1),0).mu3
Requested Feynman rule: pol_gluon(fv(p1),0,fv(0)).mu1.[a1,Na,Nc]
Multiplying amplitudes
First amplitude:
Amplitude 1
Open fermion lines:
Line: 0
vbar(fv(p2),0).i2 * -I*delta.i-2.i-1*e*Prop(-p2-p1,0)^2*delta.i-4.i4*sunt.[a-7,Na,Nc].i-2.i-5*delta.i-3.i-4*sunt.[a-8,Na,Nc].i-6.i-3*Prop(-p2-p1-l,0)*delta.i-6.i-5*sunt.[a1,Na,Nc].i2.i-1*g^3*(gamma~mu1*fv(-p2-p1)\*gamma~mu-7*fv(-p2-p1-l)\*gamma~mu-8*fv(-p2-p1)\*gamma~mu3) * v(fv(px),0).i4
Closed fermion lines:
External:
[polc_photon(fv(p2-px+p1),0).mu3,pol_gluon(fv(p1),0,fv(0)).mu1.[a1,Na,Nc]]
Remaining Term:
I*eta.mu-8.mu-7*delta.[a-7,Na,Nc].[a-8,Na,Nc]*Prop(l,0)

Second amplitude (already conjugated):
Amplitude 2
Open fermion lines:
Line: 0
vbar(fv(px),0).symbol9647 * I*(gamma~symbol9650*fv(-px+p1)\*gamma~symbol9652)*e*sunt.[symbol9638,Na,Nc].symbol9647.symbol9643*Prop(-px+p1,0)*delta.symbol9642.symbol9645*delta.symbol9643.symbol9642*g * v(fv(p2),0).symbol9645
Closed fermion lines:
External:
[polc_gluon(fv(p1),0,fv(0)).symbol9650.[symbol9638,Na,Nc],pol_photon(fv(p2-px+p1),0).symbol9652]
Remaining Term:
-1

using Feynman gluon polarization sum for pol_gluon(fv(p1),0,fv(0)).mu1.[a1,Na,Nc]*polc_gluon(fv(p1),0,fv(0)).symbol9650.[symbol9638,Na,Nc]
Calculation of Amplitude 1_X_2 requested
 * Extracting scalar prefactor
   found scalar prefactor: -I*e^2*Prop(-p2-p1,0)^2*Prop(-px+p1,0)*Prop(-p2-p1-l,0)*Prop(l,0)*g^4
 * Calculating the Color structure
color: eta.symbol9650.mu1*eta.mu-8.mu-7*delta.symbol9647.i4*eta.symbol9652.mu3*delta.i-2.i-1*sunt.[symbol9638,Na,Nc].symbol9647.symbol9643*delta.i-4.i4*sunt.[a-7,Na,Nc].i-2.i-5*delta.[a-7,Na,Nc].[a-8,Na,Nc]*delta.i-3.i-4*sunt.[a-8,Na,Nc].i-6.i-3*delta.i-6.i-5*sunt.[a1,Na,Nc].i2.i-1*delta.symbol9642.symbol9645*delta.[symbol9638,Na,Nc].[a1,Na,Nc]*delta.symbol9643.symbol9642*delta.i2.symbol9645
 * Color structures: 
<Color({sunt.[a-8,Na,Nc].i-1.i-6,sunt.[a-8,Na,Nc].i-6.i-3,sunt.[a1,Na,Nc].i-3.symbol9645,sunt.[a1,Na,Nc].symbol9645.i-1})>
number 1
   color result (degree Nc^3): Color({sunt.[a-8,Na,Nc].i-1.i-6,sunt.[a-8,Na,Nc].i-6.i-3,sunt.[a1,Na,Nc].i-3.symbol9645,sunt.[a1,Na,Nc].symbol9645.i-1}) == 1/4*Color(Nc^(-1)*(-1+Nc)^2*(1+Nc)^2)
 * Color structure calculated! Time: 0.0005s
   Color order: Nc^3
 * Calculating the Dirac traces
   performing 1 Dirac trace(s)
   1 sub trace(s): . time: 0.01 s

 * Dirac traces calculated! Time: 0.01s
 * Contracting remaining Lorentz indices
 * Lorentz indices contracted! Time: 0.0007s
 * Replacing scalarproducts by invariants and propagators
   SP: {SP(px,l)==1/2*t+1/2*Prop(p2+p1+l,0)^(-1)+1/2*u-1/2*Prop(p2-px+p1+l,0)^(-1),SP(p1,l)==-1/2*Prop(l,0)^(-1)+1/2*Prop(p1+l,0)^(-1),SP(p2,l)==1/2*t-1/2*Prop(p1+l,0)^(-1)+1/2*Prop(p2+p1+l,0)^(-1)+1/2*u}
 * Matching integrals
 * Scalar products replaced, integrals matched! Time: 0.004s
 * Collecting common factors
 * Common factors collected ! Time: 0.002s

Job done (total time: 0 s)
