
Date: Sun Jun 21 20:50:12 2026


conditional: false
diagrams_file1: myresults/PPh-gqb-qb-0r1v.match.yaml
diagrams_file2: myresults/PPh-gqb-qb-0r0v.match.yaml
position1: 1
position2: 1
output_file: ./tmp/PPh-sq-gqb-qb-0r1v.comp_1X1
result_name: 1 X 1 from diagrams in myresults/PPh-gqb-qb-0r1v.match.yaml and myresults/PPh-gqb-qb-0r0v.match.yaml
polarization_orthogonal_vectors:


Reading two diagrams
Reading diagram number 1 from file myresults/PPh-gqb-qb-0r1v.match.yaml
rename negative field indices
Reading diagram number 1 from file myresults/PPh-gqb-qb-0r0v.match.yaml
rename negative field indices
Generating amplitudes
  using Feynman polarizations everywhere
Requested Feynman rule: vbar(fv(p2),0).i2
Requested Feynman rule: I*gamma~mu1*sunt.[a1,Na,Nc].i2.i-1*g
Requested Feynman rule: I*delta.i-2.i-1*fv(-p2-p1)\*Prop(-p2-p1,0)
Requested Feynman rule: I*sunt.[a-7,Na,Nc].i-2.i-5*gamma~mu-7*g
Requested Feynman rule: I*delta.i-5.i-6*fv(-p2-p1-l)\*Prop(-p2-p1-l,0)
Requested Feynman rule: I*gamma~mu-8*sunt.[a-8,Na,Nc].i-6.i-3*g
Requested Feynman rule: I*fv(-p2-p1)\*delta.i-3.i-4*Prop(-p2-p1,0)
Requested Feynman rule: I*delta.i-4.i4*e*gamma~mu3
Requested Feynman rule: v(fv(px),0).i4
Requested Feynman rule: -I*Prop(l,0)*delta.[a-7,Na,Nc].[a-8,Na,Nc]*eta.mu-7.mu-8
Requested Feynman rule: polc_photon(fv(p2-px+p1),0).mu3
Requested Feynman rule: pol_gluon(fv(p1),0,fv(0)).mu1.[a1,Na,Nc]
Requested Feynman rule: vbar(fv(p2),0).i2
Requested Feynman rule: I*sunt.[a1,Na,Nc].i2.i-1*g*gamma~mu1
Requested Feynman rule: I*fv(-p2-p1)\*delta.i-1.i-2*Prop(-p2-p1,0)
Requested Feynman rule: I*e*delta.i4.i-2*gamma~mu3
Requested Feynman rule: v(fv(px),0).i4
Requested Feynman rule: polc_photon(fv(p2-px+p1),0).mu3
Requested Feynman rule: pol_gluon(fv(p1),0,fv(0)).mu1.[a1,Na,Nc]
Multiplying amplitudes
First amplitude:
Amplitude 1
Open fermion lines:
Line: 0
vbar(fv(p2),0).i2 * -I*delta.i-2.i-1*delta.i-4.i4*(gamma~mu1*fv(-p2-p1)\*gamma~mu-7*fv(-p2-p1-l)\*gamma~mu-8*fv(-p2-p1)\*gamma~mu3)*sunt.[a-7,Na,Nc].i-2.i-5*sunt.[a-8,Na,Nc].i-6.i-3*e*delta.i-3.i-4*Prop(-p2-p1,0)^2*sunt.[a1,Na,Nc].i2.i-1*delta.i-5.i-6*g^3*Prop(-p2-p1-l,0) * v(fv(px),0).i4
Closed fermion lines:
External:
[polc_photon(fv(p2-px+p1),0).mu3,pol_gluon(fv(p1),0,fv(0)).mu1.[a1,Na,Nc]]
Remaining Term:
I*Prop(l,0)*delta.[a-7,Na,Nc].[a-8,Na,Nc]*eta.mu-7.mu-8

Second amplitude (already conjugated):
Amplitude 1
Open fermion lines:
Line: 0
vbar(fv(px),0).symbol9427 * I*(gamma~symbol9432*fv(-p2-p1)\*gamma~symbol9430)*e*Prop(-p2-p1,0)*delta.symbol9423.symbol9422*sunt.[symbol9418,Na,Nc].symbol9422.symbol9425*delta.symbol9427.symbol9423*g * v(fv(p2),0).symbol9425
Closed fermion lines:
External:
[polc_gluon(fv(p1),0,fv(0)).symbol9430.[symbol9418,Na,Nc],pol_photon(fv(p2-px+p1),0).symbol9432]
Remaining Term:
-1

using Feynman gluon polarization sum for pol_gluon(fv(p1),0,fv(0)).mu1.[a1,Na,Nc]*polc_gluon(fv(p1),0,fv(0)).symbol9430.[symbol9418,Na,Nc]
Calculation of Amplitude 1_X_1 requested
 * Extracting scalar prefactor
   found scalar prefactor: -I*e^2*Prop(-p2-p1,0)^3*Prop(-p2-p1-l,0)*Prop(l,0)*g^4
 * Calculating the Color structure
color: delta.i-2.i-1*delta.symbol9427.i4*eta.symbol9432.mu3*delta.i-4.i4*sunt.[a-7,Na,Nc].i-2.i-5*sunt.[a-8,Na,Nc].i-6.i-3*delta.i-3.i-4*delta.symbol9423.symbol9422*delta.[a-7,Na,Nc].[a-8,Na,Nc]*sunt.[symbol9418,Na,Nc].symbol9422.symbol9425*sunt.[a1,Na,Nc].i2.i-1*delta.[a1,Na,Nc].[symbol9418,Na,Nc]*eta.symbol9430.mu1*eta.mu-7.mu-8*delta.symbol9427.symbol9423*delta.i-5.i-6*delta.symbol9425.i2
 * Color structures: 
<Color({sunt.[a-8,Na,Nc].i-6.i4,sunt.[a1,Na,Nc].i2.i-1,sunt.[a1,Na,Nc].i4.i2,sunt.[a-8,Na,Nc].i-1.i-6})>
number 1
   color result (degree Nc^3): Color({sunt.[a-8,Na,Nc].i-6.i4,sunt.[a1,Na,Nc].i2.i-1,sunt.[a1,Na,Nc].i4.i2,sunt.[a-8,Na,Nc].i-1.i-6}) == 1/4*Color(Nc^(-1)*(-1+Nc)^2*(1+Nc)^2)
 * Color structure calculated! Time: 0.0005s
   Color order: Nc^3
 * Calculating the Dirac traces
   performing 1 Dirac trace(s)
   1 sub trace(s): . time: 0.008 s

 * Dirac traces calculated! Time: 0.008s
 * Contracting remaining Lorentz indices
 * Lorentz indices contracted! Time: 0.0004s
 * Replacing scalarproducts by invariants and propagators
   SP: {SP(px,l)==1/2*t+1/2*Prop(p2+p1+l,0)^(-1)+1/2*u-1/2*Prop(p2-px+p1+l,0)^(-1),SP(p1,l)==-1/2*Prop(l,0)^(-1)+1/2*Prop(p1+l,0)^(-1),SP(p2,l)==1/2*t-1/2*Prop(p1+l,0)^(-1)+1/2*Prop(p2+p1+l,0)^(-1)+1/2*u}
 * Matching integrals
 * Scalar products replaced, integrals matched! Time: 0.003s
 * Collecting common factors
 * Common factors collected ! Time: 0.002s

Job done (total time: 0 s)
