
Date: Sun Jun 21 20:47:52 2026

Run ID: 7e146dfc

compute_diagram_interferences:
  conditional: false
  diagrams_file1: myresults/PPh-qqb-g-0r1v.match.yaml
  diagrams_file2: myresults/PPh-qqb-g-0r0v.match.yaml
  position1: 1
  position2: 1
  output_file: ./tmp/PPh-sq-qqb-g-0r1v.comp_1X1
  result_name: 1 X 1 from diagrams in myresults/PPh-qqb-g-0r1v.match.yaml and myresults/PPh-qqb-g-0r0v.match.yaml
  polarization_orthogonal_vectors:


Reading two diagrams
Reading diagram number 1 from file myresults/PPh-qqb-g-0r1v.match.yaml
Loading uncrossed integral families from file ./config/integralfamilies.yaml
Initialize integral family 'tree'
Loaded integral family tree
Initialize integral family 'box'
Loaded integral family box
Loaded 2 (uncrossed) integral families
Done loading uncrossed integral families
Using integral family tree (id reset to 1)
Loading crossings from file ./sectormappings/crossings.yaml
Crossing equivalence: '' -> ''
using crossing x12x34 (invs: {}, mom: {p2==p1,px==p2-px+p1,p1==p2})
using crossing x13x24 (invs: {}, mom: {p2==-px,px==-p2,p1==-p2+px-p1})
using crossing x14x23 (invs: {}, mom: {p2==-p2+px-p1,px==-p1,p1==-px})
using crossing x12 (invs: {t==u,u==t}, mom: {p2==p1,p1==p2})
using crossing x123 (invs: {t==-t-u,u==t}, mom: {p2==-p2+px-p1,p1==p2})
using crossing x1234 (invs: {u==-t-u}, mom: {p2==-p2+px-p1,px==-p1,p1==p2})
using crossing x124 (invs: {t==u,u==-t-u}, mom: {p2==-px,px==-p1,p1==p2})
using crossing x1243 (invs: {t==-t-u}, mom: {p2==-px,px==p2-px+p1,p1==p2})
using crossing x13 (invs: {u==-t-u}, mom: {p1==-p2+px-p1})
using crossing x132 (invs: {t==u,u==-t-u}, mom: {p2==p1,p1==-p2+px-p1})
using crossing x1324 (invs: {t==u,u==t}, mom: {p2==-px,px==-p1,p1==-p2+px-p1})
using crossing x134 (invs: {t==-t-u,u==t}, mom: {px==-p1,p1==-p2+px-p1})
using crossing x1342 (invs: {t==-t-u}, mom: {p2==p1,px==-p2,p1==-p2+px-p1})
using crossing x14 (invs: {t==-t-u}, mom: {px==-p1,p1==-px})
using crossing x142 (invs: {t==-t-u,u==t}, mom: {p2==p1,px==-p2,p1==-px})
using crossing x1423 (invs: {t==u,u==t}, mom: {p2==-p2+px-p1,px==-p2,p1==-px})
using crossing x143 (invs: {t==u,u==-t-u}, mom: {px==p2-px+p1,p1==-px})
using crossing x1432 (invs: {u==-t-u}, mom: {p2==p1,px==p2-px+p1,p1==-px})
using crossing x23 (invs: {t==-t-u}, mom: {p2==-p2+px-p1})
using crossing x234 (invs: {t==u,u==-t-u}, mom: {p2==-p2+px-p1,px==-p2})
using crossing x24 (invs: {u==-t-u}, mom: {p2==-px,px==-p2})
using crossing x243 (invs: {t==-t-u,u==t}, mom: {p2==-px,px==p2-px+p1})
using crossing x34 (invs: {t==u,u==t}, mom: {px==p2-px+p1})
Crossing equivalence: 'x34' -> 'x12'
Crossing equivalence: 'x243' -> 'x123'
Crossing equivalence: 'x24' -> 'x1234'
Crossing equivalence: 'x234' -> 'x124'
Crossing equivalence: 'x23' -> 'x1243'
Crossing equivalence: 'x1432' -> 'x1234'
Crossing equivalence: 'x143' -> 'x124'
Crossing equivalence: 'x1423' -> 'x12'
Crossing equivalence: 'x142' -> 'x123'
Crossing equivalence: 'x14' -> 'x1243'
Crossing equivalence: 'x1342' -> 'x1243'
Crossing equivalence: 'x134' -> 'x123'
Crossing equivalence: 'x1324' -> 'x12'
Crossing equivalence: 'x132' -> 'x124'
Crossing equivalence: 'x13' -> 'x1234'
Crossing equivalence: 'x1243' -> 'x1243'
Crossing equivalence: 'x124' -> 'x124'
Crossing equivalence: 'x1234' -> 'x1234'
Crossing equivalence: 'x123' -> 'x123'
Crossing equivalence: 'x12' -> 'x12'
Crossing equivalence: 'x14x23' -> ''
Crossing equivalence: 'x13x24' -> ''
Crossing equivalence: 'x12x34' -> ''
Crossing equivalence: '' -> ''
Loaded crossings for kinematics ''
Loaded crossings for 1 kinematics
Done loading crossings
  generated crossed integral family treex12x34 (id set to 2)
  generated crossed integral family treex13x24 (id set to 3)
  generated crossed integral family treex14x23 (id set to 4)
  generated crossed integral family treex12 (id set to 5)
  generated crossed integral family treex123 (id set to 6)
  generated crossed integral family treex1234 (id set to 7)
  generated crossed integral family treex124 (id set to 8)
  generated crossed integral family treex1243 (id set to 9)
  generated crossed integral family treex13 (id set to 10)
  generated crossed integral family treex132 (id set to 11)
  generated crossed integral family treex1324 (id set to 12)
  generated crossed integral family treex134 (id set to 13)
  generated crossed integral family treex1342 (id set to 14)
  generated crossed integral family treex14 (id set to 15)
  generated crossed integral family treex142 (id set to 16)
  generated crossed integral family treex1423 (id set to 17)
  generated crossed integral family treex143 (id set to 18)
  generated crossed integral family treex1432 (id set to 19)
  generated crossed integral family treex23 (id set to 20)
  generated crossed integral family treex234 (id set to 21)
  generated crossed integral family treex24 (id set to 22)
  generated crossed integral family treex243 (id set to 23)
  generated crossed integral family treex34 (id set to 24)
Using integral family box (id reset to 25)
  generated crossed integral family boxx12x34 (id set to 26)
  generated crossed integral family boxx13x24 (id set to 27)
  generated crossed integral family boxx14x23 (id set to 28)
  generated crossed integral family boxx12 (id set to 29)
  generated crossed integral family boxx123 (id set to 30)
  generated crossed integral family boxx1234 (id set to 31)
  generated crossed integral family boxx124 (id set to 32)
  generated crossed integral family boxx1243 (id set to 33)
  generated crossed integral family boxx13 (id set to 34)
  generated crossed integral family boxx132 (id set to 35)
  generated crossed integral family boxx1324 (id set to 36)
  generated crossed integral family boxx134 (id set to 37)
  generated crossed integral family boxx1342 (id set to 38)
  generated crossed integral family boxx14 (id set to 39)
  generated crossed integral family boxx142 (id set to 40)
  generated crossed integral family boxx1423 (id set to 41)
  generated crossed integral family boxx143 (id set to 42)
  generated crossed integral family boxx1432 (id set to 43)
  generated crossed integral family boxx23 (id set to 44)
  generated crossed integral family boxx234 (id set to 45)
  generated crossed integral family boxx24 (id set to 46)
  generated crossed integral family boxx243 (id set to 47)
  generated crossed integral family boxx34 (id set to 48)
Done loading integral families
rename negative field indices
Reading diagram number 1 from file myresults/PPh-qqb-g-0r0v.match.yaml
rename negative field indices
Generating amplitudes
  using Feynman polarizations everywhere
Generic Feynman rule inserted for identifier in-Ghost (1): polc_ghost(fv(mom1),mass1).[a1,Na,Nc]
Generic Feynman rule inserted for identifier in-electron (2): u(fv(mom1),mass1).0
Generic Feynman rule inserted for identifier in-ghost (3): pol_ghost(fv(mom1),mass1).[a1,Na,Nc]
Generic Feynman rule inserted for identifier in-gluon (4): pol_gluon(fv(mom1),mass1,fv(ortho1)).mu1.[a1,Na,Nc]
Generic Feynman rule inserted for identifier in-photon (5): pol_photon(fv(mom1),mass1).mu1
Generic Feynman rule inserted for identifier in-positron (6): vbar(fv(mom1),mass1).0
Generic Feynman rule inserted for identifier in-qbar1 (7): vbar(fv(mom1),mass1).i1
Generic Feynman rule inserted for identifier in-qbar2 (8): vbar(fv(mom1),mass1).i1
Generic Feynman rule inserted for identifier in-quark1 (9): u(fv(mom1),mass1).i1
Generic Feynman rule inserted for identifier in-quark2 (10): u(fv(mom1),mass1).i1
Generic Feynman rule inserted for identifier out-Ghost (11): pol_ghost(fv(mom1),mass1).[a1,Na,Nc]
Generic Feynman rule inserted for identifier out-electron (12): ubar(fv(mom1),mass1).0
Generic Feynman rule inserted for identifier out-ghost (13): polc_ghost(fv(mom1),mass1).[a1,Na,Nc]
Generic Feynman rule inserted for identifier out-gluon (14): polc_gluon(fv(mom1),mass1,fv(ortho1)).mu1.[a1,Na,Nc]
Generic Feynman rule inserted for identifier out-photon (15): polc_photon(fv(mom1),mass1).mu1
Generic Feynman rule inserted for identifier out-positron (16): v(fv(mom1),mass1).0
Generic Feynman rule inserted for identifier out-qbar1 (17): v(fv(mom1),mass1).i1
Generic Feynman rule inserted for identifier out-qbar2 (18): v(fv(mom1),mass1).i1
Generic Feynman rule inserted for identifier out-quark1 (19): ubar(fv(mom1),mass1).i1
Generic Feynman rule inserted for identifier out-quark2 (20): ubar(fv(mom1),mass1).i1
Generic Feynman rule inserted for identifier electron_positron (21): I*Prop(mom1,mass1^2)*(fv(mom1)\+mass1*ONE)
Generic Feynman rule inserted for identifier ghost_Ghost (22): I*delta.[a2,Na,Nc].[a1,Na,Nc]*Prop(mom1,0)
Generic Feynman rule inserted for identifier gluon_gluon (23): -I*delta.[a2,Na,Nc].[a1,Na,Nc]*eta.mu1.mu2*Prop(mom1,0)
Generic Feynman rule inserted for identifier photon_photon (24): -I*eta.mu1.mu2*Prop(mom1,0)
Generic Feynman rule inserted for identifier quark1_qbar1 (25): I*Prop(mom1,mass1^2)*(fv(mom1)\+mass1*ONE)*delta.i2.i1
Generic Feynman rule inserted for identifier quark2_qbar2 (26): I*Prop(mom1,mass1^2)*(fv(mom1)\+mass1*ONE)*delta.i2.i1
Generic Feynman rule inserted for identifier Ghost_gluon_ghost (27): sunf.[a1,Na,Nc].[a2,Na,Nc].[a3,Na,Nc]*fv(mom1)~mu2*g
Generic Feynman rule inserted for identifier gluon_gluon_gluon (28): sunf.[a1,Na,Nc].[a2,Na,Nc].[a3,Na,Nc]*(eta~mu1~mu3*fv(mom3-mom1)~mu2+fv(mom2-mom3)~mu1*eta~mu2~mu3+fv(-mom2+mom1)~mu3*eta~mu1~mu2)*g
Generic Feynman rule inserted for identifier gluon_gluon_gluon_gluon (29): -I*g^2*(sunf.[a1,Na,Nc].[a4,Na,Nc].[symbol1115,Na,Nc]*metricl4~mu1~mu2~mu4~mu3*sunf.[a2,Na,Nc].[a3,Na,Nc].[symbol1115,Na,Nc]-sunf.[a1,Na,Nc].[a2,Na,Nc].[symbol1113,Na,Nc]*sunf.[a3,Na,Nc].[a4,Na,Nc].[symbol1113,Na,Nc]*metricl4~mu1~mu4~mu2~mu3+sunf.[a2,Na,Nc].[a4,Na,Nc].[symbol1114,Na,Nc]*metricl4~mu1~mu2~mu3~mu4*sunf.[a1,Na,Nc].[a3,Na,Nc].[symbol1114,Na,Nc])
Generic Feynman rule inserted for identifier positron_photon_electron (30): I*gamma~mu2*e
Generic Feynman rule inserted for identifier qbar1_gluon_quark1 (31): I*sunt.[a2,Na,Nc].i1.i3*g*gamma~mu2
Generic Feynman rule inserted for identifier qbar2_gluon_quark2 (32): I*sunt.[a2,Na,Nc].i1.i3*g*gamma~mu2
insert polarization sum U(mom,mass,i1) * Ubar(mom,mass,i2) == (GaS(mom) + mass * GaOne(1)) * delta_f(i1,i2)
insert polarization sum V(mom,mass,i1) * Vbar(mom,mass,i2) == (GaS(mom) - mass * GaOne(1)) * delta_f(i1,i2)
insert polarization sum Pol_photon(mom,mass,mu1) * PolC_photon(mom,mass,mu2) == -metric_l(mu1, mu2)
insert polarization sum Pol_ghost(mom,mass,a1) * PolC_ghost(mom,mass,a2) == I*delta_a(a1,a2)
insert polarization sum Pol_gluon(mom,mass,mu1,a1,0) * PolC_gluon(mom,mass,mu2,a2,0) == -delta_a(a1,a2) * metric_l(mu1,mu2)
insert polarization sum Pol_gluon(mom,mass,mu1,a1,ortho) * PolC_gluon(mom,mass,mu2,a2,ortho) == delta_a(a1,a2) * ( - metric_l(mu1,mu2) + ( Mom(mom,mu1) * Mom(ortho,mu2) + Mom(ortho,mu1) * Mom(mom,mu2) ) / SP(mom,ortho) + SP(ortho,ortho) * Mom(mom,mu1) * Mom(mom,mu2) / SP(mom,ortho)^2 )
read key 'feynmanrules' in file './config/feynmanrules.yaml'
Requested Feynman rule: vbar(fv(p2),0).i2
Requested Feynman rule: I*sunt.[a4,Na,Nc].i2.i-3*g*gamma~mu4
Requested Feynman rule: I*Prop(-p2+px,0)*delta.i-3.i-4*fv(-p2+px)\
Requested Feynman rule: I*sunt.[a-8,Na,Nc].i-4.i-5*gamma~mu-8*g
Requested Feynman rule: I*delta.i-5.i-6*Prop(l-p2+px,0)*fv(l-p2+px)\
Requested Feynman rule: I*gamma~mu-7*sunt.[a-7,Na,Nc].i-6.i-1*g
Requested Feynman rule: I*Prop(-p2+px,0)*delta.i-1.i-2*fv(-p2+px)\


+-------+
| ERROR |
+-------+
/home/user/downloads/reduze-2.6/reduze/feynmanrules.cpp:518:const GiNaC::ex& Reduze::FeynmanRules::rule(const std::string&) const:
No Feynman rule defined for qbar1_photon_quark1

