
Date: Sun Jun 21 20:43:39 2026

Setting up job queue from myjobs/comp_job-1.yaml
Updating job queue dependencies
Processing jobs in parallel mode (8 processes)
Starting JobCenter
Inserted new job in queue: job(1): setup sector mappings
Updating job queue dependencies
Loading uncrossed integral families from file ./config/integralfamilies.yaml
Initialize integral family 'tree'
Loaded integral family tree
Initialize integral family 'box'
Loaded integral family box
Loaded 2 (uncrossed) integral families
Done loading uncrossed integral families
Created auxiliary job setup_crossings
Created auxiliary job verify_permutation_symmetries for family: tree
Created auxiliary job verify_permutation_symmetries for family: box
Inserted new job in queue: job(2): verify permutation symmetries of family 'box'
Inserted new job in queue: job(3): verify permutation symmetries of family 'tree'
Inserted new job in queue: job(4): setup crossings
Updated job queue:
  [p] job(4): setup crossings  [dep: ]
  [p] job(3): verify permutation symmetries of family 'tree'  [dep: 4]
  [p] job(2): verify permutation symmetries of family 'box'  [dep: 4]
  [p] job(1): setup sector mappings  [dep: 2,3,4]

Running jobs:

Started   job(4): setup crossings
setup_crossings:
  conditional: false

Running jobs:
  job(4): setup crossings on 1 serial [time: 0s, cpu: 0s, <procs>: 0.0]
Completed job(4): setup crossings [time: 0 s, cpu: 0 s, procs: 1.0]
Updating job queue dependencies
Running jobs:

Started   job(3): verify permutation symmetries of family 'tree'
verify_permutation_symmetries:
  conditional: false
  integralfamily: tree
  abort_on_first_error: true
  dummy_output_file: ./tmp/permutation_symmetries_verified_for_tree

Running jobs:
  job(3): verify permutation symmetries of family 'tree' on 2 serial [time: 0s, cpu: 0s, <procs>: 0.0]

Started   job(2): verify permutation symmetries of family 'box'
verify_permutation_symmetries:
  conditional: false
  integralfamily: box
  abort_on_first_error: true
  dummy_output_file: ./tmp/permutation_symmetries_verified_for_box

Running jobs:
  job(3): verify permutation symmetries of family 'tree' on 2 serial [time: 0s, cpu: 0s, <procs>: 0.0]
  job(2): verify permutation symmetries of family 'box' on 3 serial [time: 0s, cpu: 0s, <procs>: 0.0]
Completed job(3): verify permutation symmetries of family 'tree' [time: 0 s, cpu: 0 s, procs: 1.0]
Updating job queue dependencies
Running jobs:
  job(2): verify permutation symmetries of family 'box' on 3 serial [time: 0s, cpu: 0s, <procs>: 0.0]
Completed job(2): verify permutation symmetries of family 'box' [time: 0 s, cpu: 0 s, procs: 1.0]
Updating job queue dependencies
Running jobs:

Started   job(1): setup sector mappings
setup_sector_mappings:
  conditional: false
  find_sector_relations: true
  find_sector_symmetries: true
  examine_twists_for_symmetries: true
  find_zero_sectors: true
  find_graphless_zero_sectors: false
  minimize_graphs_by_twists: false
  construct_minimal_graphs: true
  setup_crossings: true
  minimize_target_crossings: true
  allow_general_crossings: true
  verify_permutation_symmetries: true
  generate_dot_files: true

Running jobs:
  job(1): setup sector mappings on 4 serial [time: 0s, cpu: 0s, <procs>: 0.0]
Clear sector mappings cache
Completed job(1): setup sector mappings [time: 1 s, cpu: 0 s, procs: 1.0]
Updating job queue dependencies
Running jobs:
Inserted new job in queue: job(5): find diagram shifts for myqgraf/PPh-qqb-g-0r0v.qgraf.yaml
Inserted new job in queue: job(6): find diagram shifts for myqgraf/PPh-gqb-qb-0r0v.qgraf.yaml
Inserted new job in queue: job(7): find diagram shifts for myqgraf/PPh-qqb-g-0r1v.qgraf.yaml
Inserted new job in queue: job(8): find diagram shifts for myqgraf/PPh-gqb-qb-0r1v.qgraf.yaml
Updating job queue dependencies
Using integral family tree (id reset to 1)
Loading crossings from file ./sectormappings/crossings.yaml
Crossing equivalence: '' -> ''
using crossing x12x34 (invs: {}, mom: {p1==p2,p2==p1,px==p1+p2-px})
using crossing x13x24 (invs: {}, mom: {p1==-p1-p2+px,p2==-px,px==-p2})
using crossing x14x23 (invs: {}, mom: {p1==-px,p2==-p1-p2+px,px==-p1})
using crossing x12 (invs: {u==t,t==u}, mom: {p1==p2,p2==p1})
using crossing x123 (invs: {u==t,t==-u-t}, mom: {p1==p2,p2==-p1-p2+px})
using crossing x1234 (invs: {u==-u-t}, mom: {p1==p2,p2==-p1-p2+px,px==-p1})
using crossing x124 (invs: {u==-u-t,t==u}, mom: {p1==p2,p2==-px,px==-p1})
using crossing x1243 (invs: {t==-u-t}, mom: {p1==p2,p2==-px,px==p1+p2-px})
using crossing x13 (invs: {u==-u-t}, mom: {p1==-p1-p2+px})
using crossing x132 (invs: {u==-u-t,t==u}, mom: {p1==-p1-p2+px,p2==p1})
using crossing x1324 (invs: {u==t,t==u}, mom: {p1==-p1-p2+px,p2==-px,px==-p1})
using crossing x134 (invs: {u==t,t==-u-t}, mom: {p1==-p1-p2+px,px==-p1})
using crossing x1342 (invs: {t==-u-t}, mom: {p1==-p1-p2+px,p2==p1,px==-p2})
using crossing x14 (invs: {t==-u-t}, mom: {p1==-px,px==-p1})
using crossing x142 (invs: {u==t,t==-u-t}, mom: {p1==-px,p2==p1,px==-p2})
using crossing x1423 (invs: {u==t,t==u}, mom: {p1==-px,p2==-p1-p2+px,px==-p2})
using crossing x143 (invs: {u==-u-t,t==u}, mom: {p1==-px,px==p1+p2-px})
using crossing x1432 (invs: {u==-u-t}, mom: {p1==-px,p2==p1,px==p1+p2-px})
using crossing x23 (invs: {t==-u-t}, mom: {p2==-p1-p2+px})
using crossing x234 (invs: {u==-u-t,t==u}, mom: {p2==-p1-p2+px,px==-p2})
using crossing x24 (invs: {u==-u-t}, mom: {p2==-px,px==-p2})
using crossing x243 (invs: {u==t,t==-u-t}, mom: {p2==-px,px==p1+p2-px})
using crossing x34 (invs: {u==t,t==u}, mom: {px==p1+p2-px})
Crossing equivalence: 'x34' -> 'x12'
Crossing equivalence: 'x243' -> 'x123'
Crossing equivalence: 'x24' -> 'x1234'
Crossing equivalence: 'x234' -> 'x124'
Crossing equivalence: 'x23' -> 'x1243'
Crossing equivalence: 'x1432' -> 'x1234'
Crossing equivalence: 'x143' -> 'x124'
Crossing equivalence: 'x1423' -> 'x12'
Crossing equivalence: 'x142' -> 'x123'
Crossing equivalence: 'x14' -> 'x1243'
Crossing equivalence: 'x1342' -> 'x1243'
Crossing equivalence: 'x134' -> 'x123'
Crossing equivalence: 'x1324' -> 'x12'
Crossing equivalence: 'x132' -> 'x124'
Crossing equivalence: 'x13' -> 'x1234'
Crossing equivalence: 'x1243' -> 'x1243'
Crossing equivalence: 'x124' -> 'x124'
Crossing equivalence: 'x1234' -> 'x1234'
Crossing equivalence: 'x123' -> 'x123'
Crossing equivalence: 'x12' -> 'x12'
Crossing equivalence: 'x14x23' -> ''
Crossing equivalence: 'x13x24' -> ''
Crossing equivalence: 'x12x34' -> ''
Crossing equivalence: '' -> ''
Loaded crossings for kinematics ''
Loaded crossings for 1 kinematics
Done loading crossings
  generated crossed integral family treex12x34 (id set to 2)
  generated crossed integral family treex13x24 (id set to 3)
  generated crossed integral family treex14x23 (id set to 4)
  generated crossed integral family treex12 (id set to 5)
  generated crossed integral family treex123 (id set to 6)
  generated crossed integral family treex1234 (id set to 7)
  generated crossed integral family treex124 (id set to 8)
  generated crossed integral family treex1243 (id set to 9)
  generated crossed integral family treex13 (id set to 10)
  generated crossed integral family treex132 (id set to 11)
  generated crossed integral family treex1324 (id set to 12)
  generated crossed integral family treex134 (id set to 13)
  generated crossed integral family treex1342 (id set to 14)
  generated crossed integral family treex14 (id set to 15)
  generated crossed integral family treex142 (id set to 16)
  generated crossed integral family treex1423 (id set to 17)
  generated crossed integral family treex143 (id set to 18)
  generated crossed integral family treex1432 (id set to 19)
  generated crossed integral family treex23 (id set to 20)
  generated crossed integral family treex234 (id set to 21)
  generated crossed integral family treex24 (id set to 22)
  generated crossed integral family treex243 (id set to 23)
  generated crossed integral family treex34 (id set to 24)
Using integral family box (id reset to 25)
  generated crossed integral family boxx12x34 (id set to 26)
  generated crossed integral family boxx13x24 (id set to 27)
  generated crossed integral family boxx14x23 (id set to 28)
  generated crossed integral family boxx12 (id set to 29)
  generated crossed integral family boxx123 (id set to 30)
  generated crossed integral family boxx1234 (id set to 31)
  generated crossed integral family boxx124 (id set to 32)
  generated crossed integral family boxx1243 (id set to 33)
  generated crossed integral family boxx13 (id set to 34)
  generated crossed integral family boxx132 (id set to 35)
  generated crossed integral family boxx1324 (id set to 36)
  generated crossed integral family boxx134 (id set to 37)
  generated crossed integral family boxx1342 (id set to 38)
  generated crossed integral family boxx14 (id set to 39)
  generated crossed integral family boxx142 (id set to 40)
  generated crossed integral family boxx1423 (id set to 41)
  generated crossed integral family boxx143 (id set to 42)
  generated crossed integral family boxx1432 (id set to 43)
  generated crossed integral family boxx23 (id set to 44)
  generated crossed integral family boxx234 (id set to 45)
  generated crossed integral family boxx24 (id set to 46)
  generated crossed integral family boxx243 (id set to 47)
  generated crossed integral family boxx34 (id set to 48)
Done loading integral families
Updated job queue:
  [c] job(4): setup crossings  [dep: ]
  [c] job(3): verify permutation symmetries of family 'tree'  [dep: 4]
  [c] job(2): verify permutation symmetries of family 'box'  [dep: 4]
  [c] job(1): setup sector mappings  [dep: 2,3,4]
  [p] job(5): find diagram shifts for myqgraf/PPh-qqb-g-0r0v.qgraf.yaml  [dep: 1]
  [p] job(6): find diagram shifts for myqgraf/PPh-gqb-qb-0r0v.qgraf.yaml  [dep: 1]
  [p] job(7): find diagram shifts for myqgraf/PPh-qqb-g-0r1v.qgraf.yaml  [dep: 1]
  [p] job(8): find diagram shifts for myqgraf/PPh-gqb-qb-0r1v.qgraf.yaml  [dep: 1]

Running jobs:

Started   job(5): find diagram shifts for myqgraf/PPh-qqb-g-0r0v.qgraf.yaml
find_diagram_shifts:
  conditional: false
  qgraf_file: myqgraf/PPh-qqb-g-0r0v.qgraf.yaml
  output_file: myresults/PPh-qqb-g-0r0v.match.yaml
  info_file_form: myresults/PPh-qqb-g-0r0v.match.info.inc
  names:
    []
  minimize_graphs_by_twists: true
  amputate_external_legs: false
  join_external_legs: false
  kinematics: ""

Running jobs:
  job(5): find diagram shifts for myqgraf/PPh-qqb-g-0r0v.qgraf.yaml on 5 serial [time: 0s, cpu: 0s, <procs>: 0.0]

Started   job(6): find diagram shifts for myqgraf/PPh-gqb-qb-0r0v.qgraf.yaml
find_diagram_shifts:
  conditional: false
  qgraf_file: myqgraf/PPh-gqb-qb-0r0v.qgraf.yaml
  output_file: myresults/PPh-gqb-qb-0r0v.match.yaml
  info_file_form: myresults/PPh-gqb-qb-0r0v.match.info.inc
  names:
    []
  minimize_graphs_by_twists: true
  amputate_external_legs: false
  join_external_legs: false
  kinematics: ""

Running jobs:
  job(5): find diagram shifts for myqgraf/PPh-qqb-g-0r0v.qgraf.yaml on 5 serial [time: 0s, cpu: 0s, <procs>: 0.0]
  job(6): find diagram shifts for myqgraf/PPh-gqb-qb-0r0v.qgraf.yaml on 6 serial [time: 0s, cpu: 0s, <procs>: 0.0]

Started   job(7): find diagram shifts for myqgraf/PPh-qqb-g-0r1v.qgraf.yaml
find_diagram_shifts:
  conditional: false
  qgraf_file: myqgraf/PPh-qqb-g-0r1v.qgraf.yaml
  output_file: myresults/PPh-qqb-g-0r1v.match.yaml
  info_file_form: myresults/PPh-qqb-g-0r1v.match.info.inc
  names:
    []
  minimize_graphs_by_twists: true
  amputate_external_legs: false
  join_external_legs: false
  kinematics: ""

Running jobs:
  job(5): find diagram shifts for myqgraf/PPh-qqb-g-0r0v.qgraf.yaml on 5 serial [time: 0s, cpu: 0s, <procs>: 0.0]
  job(6): find diagram shifts for myqgraf/PPh-gqb-qb-0r0v.qgraf.yaml on 6 serial [time: 0s, cpu: 0s, <procs>: 0.0]
  job(7): find diagram shifts for myqgraf/PPh-qqb-g-0r1v.qgraf.yaml on 7 serial [time: 0s, cpu: 0s, <procs>: 0.0]

Started   job(8): find diagram shifts for myqgraf/PPh-gqb-qb-0r1v.qgraf.yaml
find_diagram_shifts:
  conditional: false
  qgraf_file: myqgraf/PPh-gqb-qb-0r1v.qgraf.yaml
  output_file: myresults/PPh-gqb-qb-0r1v.match.yaml
  info_file_form: myresults/PPh-gqb-qb-0r1v.match.info.inc
  names:
    []
  minimize_graphs_by_twists: true
  amputate_external_legs: false
  join_external_legs: false
  kinematics: ""

Running jobs:
  job(8): find diagram shifts for myqgraf/PPh-gqb-qb-0r1v.qgraf.yaml on 1 serial [time: 0s, cpu: 0s, <procs>: 0.0]
  job(5): find diagram shifts for myqgraf/PPh-qqb-g-0r0v.qgraf.yaml on 5 serial [time: 0s, cpu: 0s, <procs>: 0.0]
  job(6): find diagram shifts for myqgraf/PPh-gqb-qb-0r0v.qgraf.yaml on 6 serial [time: 0s, cpu: 0s, <procs>: 0.0]
  job(7): find diagram shifts for myqgraf/PPh-qqb-g-0r1v.qgraf.yaml on 7 serial [time: 0s, cpu: 0s, <procs>: 0.0]
Completed job(5): find diagram shifts for myqgraf/PPh-qqb-g-0r0v.qgraf.yaml [time: 0 s, cpu: 0 s, procs: 1.0]
Updating job queue dependencies
Running jobs:
  job(8): find diagram shifts for myqgraf/PPh-gqb-qb-0r1v.qgraf.yaml on 1 serial [time: 0s, cpu: 0s, <procs>: 0.0]
  job(6): find diagram shifts for myqgraf/PPh-gqb-qb-0r0v.qgraf.yaml on 6 serial [time: 0s, cpu: 0s, <procs>: 0.0]
  job(7): find diagram shifts for myqgraf/PPh-qqb-g-0r1v.qgraf.yaml on 7 serial [time: 0s, cpu: 0s, <procs>: 0.0]
Completed job(6): find diagram shifts for myqgraf/PPh-gqb-qb-0r0v.qgraf.yaml [time: 0 s, cpu: 0 s, procs: 1.0]
Updating job queue dependencies
Running jobs:
  job(8): find diagram shifts for myqgraf/PPh-gqb-qb-0r1v.qgraf.yaml on 1 serial [time: 0s, cpu: 0s, <procs>: 0.0]
  job(7): find diagram shifts for myqgraf/PPh-qqb-g-0r1v.qgraf.yaml on 7 serial [time: 0s, cpu: 0s, <procs>: 0.0]
Completed job(7): find diagram shifts for myqgraf/PPh-qqb-g-0r1v.qgraf.yaml [time: 0 s, cpu: 0 s, procs: 1.0]
Updating job queue dependencies
Running jobs:
  job(8): find diagram shifts for myqgraf/PPh-gqb-qb-0r1v.qgraf.yaml on 1 serial [time: 0s, cpu: 0s, <procs>: 0.0]
Completed job(8): find diagram shifts for myqgraf/PPh-gqb-qb-0r1v.qgraf.yaml [time: 0 s, cpu: 0 s, procs: 1.0]
Updating job queue dependencies
Running jobs:

Completed all jobs
Total run time: 1 s
Killing Fermat
