
Date: Sun Jun 21 20:43:39 2026

Run ID: 7e140b22

setup_crossings:
  conditional: false


Setting up crossings for kinematics ''
Crossing equivalence: '' -> ''
External legs:
  external leg 1 is incoming, has momenta p1 and mass 0
  external leg 2 is incoming, has momenta p2 and mass 0
  external leg 3 is outgoing, has momenta p2-px+p1 and mass 0
  external leg 4 is outgoing, has momenta px and mass 0
Rules to replace scalar products by kinematic invariants:
  SP(p2,px) -> -1/2*t
  SP(p1,p1) -> 0
  SP(p2,p1) -> -1/2*t-1/2*u
  SP(px,p1) -> -1/2*u
  SP(p2,p2) -> 0
  SP(px,px) -> 0
Permutations of external legs (before completing):
[]
[[1, 2]]
[[1, 2], [3, 4]]
[[1, 2, 3]]
[[1, 2, 3, 4]]
[[1, 2, 4]]
[[1, 2, 4, 3]]
[[1, 3]]
[[1, 3], [2, 4]]
[[1, 3, 2]]
[[1, 3, 2, 4]]
[[1, 3, 4]]
[[1, 3, 4, 2]]
[[1, 4]]
[[1, 4], [2, 3]]
[[1, 4, 2]]
[[1, 4, 2, 3]]
[[1, 4, 3]]
[[1, 4, 3, 2]]
[[2, 3]]
[[2, 3, 4]]
[[2, 4]]
[[2, 4, 3]]
[[3, 4]]
Discarding invalid crossings due to numeric kinematic invariants:
discarded 0 crossings
Completing the permutations:
Permutations of external legs:
[]
[[1, 2]]
[[1, 2], [3, 4]]
[[1, 2, 3]]
[[1, 2, 3, 4]]
[[1, 2, 4]]
[[1, 2, 4, 3]]
[[1, 3]]
[[1, 3], [2, 4]]
[[1, 3, 2]]
[[1, 3, 2, 4]]
[[1, 3, 4]]
[[1, 3, 4, 2]]
[[1, 4]]
[[1, 4], [2, 3]]
[[1, 4, 2]]
[[1, 4, 2, 3]]
[[1, 4, 3]]
[[1, 4, 3, 2]]
[[2, 3]]
[[2, 3, 4]]
[[2, 4]]
[[2, 4, 3]]
[[3, 4]]
Generating crossings:
  generated crossing [[1, 2]]
  generated crossing [[1, 2], [3, 4]]
  generated crossing [[1, 2, 3]]
  generated crossing [[1, 2, 3, 4]]
  generated crossing [[1, 2, 4]]
  generated crossing [[1, 2, 4, 3]]
  generated crossing [[1, 3]]
  generated crossing [[1, 3], [2, 4]]
  generated crossing [[1, 3, 2]]
  generated crossing [[1, 3, 2, 4]]
  generated crossing [[1, 3, 4]]
  generated crossing [[1, 3, 4, 2]]
  generated crossing [[1, 4]]
  generated crossing [[1, 4], [2, 3]]
  generated crossing [[1, 4, 2]]
  generated crossing [[1, 4, 2, 3]]
  generated crossing [[1, 4, 3]]
  generated crossing [[1, 4, 3, 2]]
  generated crossing [[2, 3]]
  generated crossing [[2, 3, 4]]
  generated crossing [[2, 4]]
  generated crossing [[2, 4, 3]]
  generated crossing [[3, 4]]
Number of crossings (identity included): 24
Crossing equivalence: 'x34' -> 'x12'
Crossing equivalence: 'x243' -> 'x123'
Crossing equivalence: 'x24' -> 'x1234'
Crossing equivalence: 'x234' -> 'x124'
Crossing equivalence: 'x23' -> 'x1243'
Crossing equivalence: 'x1432' -> 'x1234'
Crossing equivalence: 'x143' -> 'x124'
Crossing equivalence: 'x1423' -> 'x12'
Crossing equivalence: 'x142' -> 'x123'
Crossing equivalence: 'x14' -> 'x1243'
Crossing equivalence: 'x1342' -> 'x1243'
Crossing equivalence: 'x134' -> 'x123'
Crossing equivalence: 'x1324' -> 'x12'
Crossing equivalence: 'x132' -> 'x124'
Crossing equivalence: 'x13' -> 'x1234'
Crossing equivalence: 'x1243' -> 'x1243'
Crossing equivalence: 'x124' -> 'x124'
Crossing equivalence: 'x1234' -> 'x1234'
Crossing equivalence: 'x123' -> 'x123'
Crossing equivalence: 'x12' -> 'x12'
Crossing equivalence: 'x14x23' -> ''
Crossing equivalence: 'x13x24' -> ''
Crossing equivalence: 'x12x34' -> ''
Crossing equivalence: '' -> ''
No crossings file defined
Crossing equivalence: '' -> ''
Created default crossings for kinematics ''

Saving crossings.

Job done (total time: 0 s)

