
Date: Sun Jun 21 20:43:40 2026

Run ID: 7e140b22

find_diagram_shifts:
  conditional: false
  qgraf_file: myqgraf/PPh-gqb-qb-0r0v.qgraf.yaml
  output_file: myresults/PPh-gqb-qb-0r0v.match.yaml
  info_file_form: myresults/PPh-gqb-qb-0r0v.match.info.inc
  names:
    []
  minimize_graphs_by_twists: true
  amputate_external_legs: false
  join_external_legs: false
  kinematics: ""

Read diagrams from file 'myqgraf/PPh-gqb-qb-0r0v.qgraf.yaml'
Reading diagrams from file: myqgraf/PPh-gqb-qb-0r0v.qgraf.yaml
rename negative field indices
Loaded diagram 1
rename negative field indices
Loaded diagram 2
Diagrams loaded. Time: 0.00287788s
  preparing graphs:
  ..................................................  **************************************************
Loaded 2 diagrams.
Finding sectors and their graphs to match with diagrams:
Loading uncrossed integral families from file ./config/integralfamilies.yaml
Initialize integral family 'tree'
Loaded integral family tree
Initialize integral family 'box'
Loaded integral family box
Loaded 2 (uncrossed) integral families
Done loading uncrossed integral families
Using integral family tree (id reset to 1)
Loading crossings from file ./sectormappings/crossings.yaml
Crossing equivalence: '' -> ''
using crossing x12x34 (invs: {}, mom: {p2==p1,px==p2-px+p1,p1==p2})
using crossing x13x24 (invs: {}, mom: {p2==-px,px==-p2,p1==-p2+px-p1})
using crossing x14x23 (invs: {}, mom: {p2==-p2+px-p1,px==-p1,p1==-px})
using crossing x12 (invs: {t==u,u==t}, mom: {p2==p1,p1==p2})
using crossing x123 (invs: {t==-t-u,u==t}, mom: {p2==-p2+px-p1,p1==p2})
using crossing x1234 (invs: {u==-t-u}, mom: {p2==-p2+px-p1,px==-p1,p1==p2})
using crossing x124 (invs: {t==u,u==-t-u}, mom: {p2==-px,px==-p1,p1==p2})
using crossing x1243 (invs: {t==-t-u}, mom: {p2==-px,px==p2-px+p1,p1==p2})
using crossing x13 (invs: {u==-t-u}, mom: {p1==-p2+px-p1})
using crossing x132 (invs: {t==u,u==-t-u}, mom: {p2==p1,p1==-p2+px-p1})
using crossing x1324 (invs: {t==u,u==t}, mom: {p2==-px,px==-p1,p1==-p2+px-p1})
using crossing x134 (invs: {t==-t-u,u==t}, mom: {px==-p1,p1==-p2+px-p1})
using crossing x1342 (invs: {t==-t-u}, mom: {p2==p1,px==-p2,p1==-p2+px-p1})
using crossing x14 (invs: {t==-t-u}, mom: {px==-p1,p1==-px})
using crossing x142 (invs: {t==-t-u,u==t}, mom: {p2==p1,px==-p2,p1==-px})
using crossing x1423 (invs: {t==u,u==t}, mom: {p2==-p2+px-p1,px==-p2,p1==-px})
using crossing x143 (invs: {t==u,u==-t-u}, mom: {px==p2-px+p1,p1==-px})
using crossing x1432 (invs: {u==-t-u}, mom: {p2==p1,px==p2-px+p1,p1==-px})
using crossing x23 (invs: {t==-t-u}, mom: {p2==-p2+px-p1})
using crossing x234 (invs: {t==u,u==-t-u}, mom: {p2==-p2+px-p1,px==-p2})
using crossing x24 (invs: {u==-t-u}, mom: {p2==-px,px==-p2})
using crossing x243 (invs: {t==-t-u,u==t}, mom: {p2==-px,px==p2-px+p1})
using crossing x34 (invs: {t==u,u==t}, mom: {px==p2-px+p1})
Crossing equivalence: 'x34' -> 'x12'
Crossing equivalence: 'x243' -> 'x123'
Crossing equivalence: 'x24' -> 'x1234'
Crossing equivalence: 'x234' -> 'x124'
Crossing equivalence: 'x23' -> 'x1243'
Crossing equivalence: 'x1432' -> 'x1234'
Crossing equivalence: 'x143' -> 'x124'
Crossing equivalence: 'x1423' -> 'x12'
Crossing equivalence: 'x142' -> 'x123'
Crossing equivalence: 'x14' -> 'x1243'
Crossing equivalence: 'x1342' -> 'x1243'
Crossing equivalence: 'x134' -> 'x123'
Crossing equivalence: 'x1324' -> 'x12'
Crossing equivalence: 'x132' -> 'x124'
Crossing equivalence: 'x13' -> 'x1234'
Crossing equivalence: 'x1243' -> 'x1243'
Crossing equivalence: 'x124' -> 'x124'
Crossing equivalence: 'x1234' -> 'x1234'
Crossing equivalence: 'x123' -> 'x123'
Crossing equivalence: 'x12' -> 'x12'
Crossing equivalence: 'x14x23' -> ''
Crossing equivalence: 'x13x24' -> ''
Crossing equivalence: 'x12x34' -> ''
Crossing equivalence: '' -> ''
Loaded crossings for kinematics ''
Loaded crossings for 1 kinematics
Done loading crossings
  generated crossed integral family treex12x34 (id set to 2)
  generated crossed integral family treex13x24 (id set to 3)
  generated crossed integral family treex14x23 (id set to 4)
  generated crossed integral family treex12 (id set to 5)
  generated crossed integral family treex123 (id set to 6)
  generated crossed integral family treex1234 (id set to 7)
  generated crossed integral family treex124 (id set to 8)
  generated crossed integral family treex1243 (id set to 9)
  generated crossed integral family treex13 (id set to 10)
  generated crossed integral family treex132 (id set to 11)
  generated crossed integral family treex1324 (id set to 12)
  generated crossed integral family treex134 (id set to 13)
  generated crossed integral family treex1342 (id set to 14)
  generated crossed integral family treex14 (id set to 15)
  generated crossed integral family treex142 (id set to 16)
  generated crossed integral family treex1423 (id set to 17)
  generated crossed integral family treex143 (id set to 18)
  generated crossed integral family treex1432 (id set to 19)
  generated crossed integral family treex23 (id set to 20)
  generated crossed integral family treex234 (id set to 21)
  generated crossed integral family treex24 (id set to 22)
  generated crossed integral family treex243 (id set to 23)
  generated crossed integral family treex34 (id set to 24)
Using integral family box (id reset to 25)
  generated crossed integral family boxx12x34 (id set to 26)
  generated crossed integral family boxx13x24 (id set to 27)
  generated crossed integral family boxx14x23 (id set to 28)
  generated crossed integral family boxx12 (id set to 29)
  generated crossed integral family boxx123 (id set to 30)
  generated crossed integral family boxx1234 (id set to 31)
  generated crossed integral family boxx124 (id set to 32)
  generated crossed integral family boxx1243 (id set to 33)
  generated crossed integral family boxx13 (id set to 34)
  generated crossed integral family boxx132 (id set to 35)
  generated crossed integral family boxx1324 (id set to 36)
  generated crossed integral family boxx134 (id set to 37)
  generated crossed integral family boxx1342 (id set to 38)
  generated crossed integral family boxx14 (id set to 39)
  generated crossed integral family boxx142 (id set to 40)
  generated crossed integral family boxx1423 (id set to 41)
  generated crossed integral family boxx143 (id set to 42)
  generated crossed integral family boxx1432 (id set to 43)
  generated crossed integral family boxx23 (id set to 44)
  generated crossed integral family boxx234 (id set to 45)
  generated crossed integral family boxx24 (id set to 46)
  generated crossed integral family boxx243 (id set to 47)
  generated crossed integral family boxx34 (id set to 48)
Done loading integral families
read key 'sectormappings' in file './sectormappings/sectormappings_tree.yaml'
Found valid sector mappings for tree
Finding graphs of shift target sectors from integral family tree:
Finding shift targets (with graph and canonical label):
  finding graphs: (twists on / construct minimal off)
  ..................................................  **************************************************

Matching diagrams:
Analyzing diagram 1

x  => matched diagram 1 to sector (tree:0:0)
     via shift: {}

Analyzing diagram 2
x  => matched diagram 2 to sector (tree:0:0)
     via shift: {}

Finalizing output file myresults/PPh-gqb-qb-0r0v.match.yaml

Unmatched diagrams: 0

Matched diagrams: 2

Sectors: 1
family tree:
t = 0: 0 
Determining compact recursive sector selection

This selection of sectors should be reduced for the matched diagrams:
-
  -
    - sector_selection:
        select_all: false
        select:
          []
        select_recursively:
          - [tree, 0]
        deselect:
          []
        deselect_recursively:
          []
        deselect_independents:
          []
        deselect_graphless: false
        deselect_graphs: false
        t_restriction: [-1, -1]

Job done (total time: 0 s)

