
Date: Sun Jun 21 20:50:31 2026


conditional: false
min_workers: 1
max_workers: 1000
tmp_directory: ./tmp/PPh-sq-all-0r1v.red.amp_dir/
identity_filenames:
  - ./mytmp/PPh-sq-all-0r1v.prered.amp
subst_filenames:
  []
output_file: ./mytmp/PPh-sq-all-0r1v.red.amp
output_file_external: ""
solutions:
  requested_solutions:
    - {r: [0, -1], s: [0, -1]}
  set_subsectors_to_zero: false
  map_on_coeff: []
  discard_new_subsector_identities: false
reduzer_options:
  num_equations_per_subjob: 1
  num_blocks_per_subjob: 1
  only_substitute: false
preferred_masters_file: ""
delete_files:
  []
delete_directories:
  []
subst_subsectors: true
sector:
  []

Checking for aborted previous run
Setting up in-memory reduction
Determining integrals: all_ints, external_ints, helper_ints, critical_ints, discard_ints
Find integrals in identities
  scanning ./mytmp/PPh-sq-all-0r1v.prered.amp (0.0005s)
Find integrals in substitutions
No sector specified:
  Setting critical_ints to all_ints
  No external integrals
Initialize reduzer
Allocated maps for data during reduction.
Building INT translations
Insert integrals for algorithm control:
Insert substitutions
Insert equations to be reduced
  Inserting equations ./mytmp/PPh-sq-all-0r1v.prered.amp to database
  inserting 11236 bytes to database
  ..................................................  **************************************************
  file loaded (time: 0.0 s)
Starting with 180 reducible integrals
Setup done
Setup of reduction done (time: 0.0 s)
Running Reduction
Performing computation in serial mode
  reduction
  ..................................................Processed integral 65/185
  ******************Reduced block [2e-03 s]
Processed integral 66/185
Reduced block [1e-03 s]
Processed integral 76/185
***Reduced block [1e-03 s]
Processed integral 77/185
Reduced block [1e-03 s]
Processed integral 78/185
Reduced block [2e-03 s]
Processed integral 80/185
*Reduced block [1e-03 s]
Processed integral 81/185
Reduced block [1e-03 s]
Processed integral 83/185
Reduced block [9e-04 s]
Processed integral 84/185
*Reduced block [1e-03 s]
Processed integral 86/185
Reduced block [1e-03 s]
Processed integral 87/185
*Reduced block [1e-03 s]
Processed integral 88/185
Reduced block [1e-03 s]
Processed integral 119/185
********Reduced block [1e-03 s]
Processed integral 120/185
Reduced block [1e-03 s]
Processed integral 122/185
*Reduced block [1e-03 s]
Processed integral 123/185
Reduced block [1e-03 s]
Processed integral 125/185
*Reduced block [2e-03 s]
Processed integral 126/185
Reduced block [1e-03 s]
Processed integral 137/185
***Reduced block [9e-04 s]
Processed integral 138/185
Reduced block [9e-04 s]
Processed integral 139/185
*Reduced block [2e-03 s]
Processed integral 148/185
**Reduced block [1e-03 s]
Processed integral 149/185
Reduced block [2e-03 s]
Processed integral 150/185
*Reduced block [2e-03 s]
Processed integral 151/185
Reduced block [3e-03 s]
Processed integral 152/185
Reduced block [1e-03 s]
Processed integral 153/185
Reduced block [2e-03 s]
Processed integral 154/185
*Reduced block [1e-03 s]
Processed integral 155/185
Reduced block [1e-03 s]
Processed integral 156/185
Reduced block [3e-03 s]
Processed integral 157/185
Reduced block [1e-03 s]
Processed integral 158/185
*Reduced block [1e-03 s]
Processed integral 159/185
Reduced block [2e-03 s]
Processed integral 160/185
Reduced block [1e-02 s]
Processed integral 161/185
*Reduced block [2e-03 s]
Processed integral 162/185
Reduced block [1e-03 s]
Processed integral 163/185
Reduced block [5e-03 s]
Processed integral 164/185
Reduced block [3e-03 s]
Processed integral 165/185
*Reduced block [2e-03 s]
Processed integral 166/185
Reduced block [1e-03 s]
Processed integral 167/185
Reduced block [2e-03 s]
Processed integral 168/185
Reduced block [1e-03 s]
Processed integral 169/185
*Reduced block [1e-03 s]
Processed integral 170/185
Reduced block [2e-03 s]
Processed integral 171/185
Reduced block [2e-03 s]
Processed integral 172/185
Reduced block [1e-03 s]
Processed integral 173/185
*Reduced block [2e-03 s]
Processed integral 174/185
Reduced block [1e-02 s]
Processed integral 175/185
Reduced block [6e-03 s]
Processed integral 176/185
*Reduced block [3e-03 s]
Processed integral 177/185
Reduced block [1e-03 s]
Processed integral 178/185
Reduced block [2e-03 s]
Processed integral 179/185
Reduced block [1e-03 s]
Processed integral 180/185
*Reduced block [2e-03 s]
Processed integral 181/185
Reduced block [2e-03 s]

Reduction done !
Writing results to ./mytmp/PPh-sq-all-0r1v.red.amp
  write result
  ..................................................  **************************************************
  file size: 12083 Bytes
  time unabbreviate: 0.0 s
  time I/O:        0.0 s
  time write tot   0.0 s (3412791 Bytes/s)

Reduction done (time: 0.1 s)

Cleaning up
Analyzing reduction result

Analyzing reduction file ./mytmp/PPh-sq-all-0r1v.red.amp

Number of equations: 180
Average coefficient length [bytes]: 9

Extracting status of reduction for each r,s point
Showing statistics for reductions found in each sector
Number of sectors for which this file provides reductions: 76


First table shows the following entries:
A: Number of all integrals
B: Number of unreduced integrals
C: Number of different integrals
D: Number of different unreduced integrals
E: Identities are interreduced w.r.t. this file (.) or not (x)

Second table shows different unreduced integrals in r-s diagram


(boxx132:0:0)        A       B       C       D       E
.........................................................
r=0, s=0:            0      -1       1       1       .

(boxx132:0:0)      s=0
.........................
r=0:                1.




(boxx34:0:0)        A       B       C       D       E
........................................................
r=0, s=0:           0      -1       1       1       .

(boxx34:0:0)      s=0
........................
r=0:               1.




(box:1:1)        A       B       C       D       E
.....................................................
r=1, s=0:        1       0       1       1       .

(box:1:1)      s=0
.....................
r=1:            1.




(boxx12x34:1:1)        A       B       C       D       E
...........................................................
r=1, s=0:              1       0       1       1       .

(boxx12x34:1:1)      s=0
...........................
r=1:                  1.




(boxx12:1:1)        A       B       C       D       E
........................................................
r=1, s=0:           1       0       1       1       .

(boxx12:1:1)      s=0
........................
r=1:               1.




(boxx132:1:1)        A       B       C       D       E
.........................................................
r=1, s=0:            1       0       1       1       .
r=1, s=1:            3       2       3       3       .

(boxx132:1:1)      s=0     s=1
.................................
r=1:                1.      3.




(boxx23:1:1)        A       B       C       D       E
........................................................
r=1, s=0:           1       0       1       1       .

(boxx23:1:1)      s=0
........................
r=1:               1.




(boxx234:1:1)        A       B       C       D       E
.........................................................
r=1, s=0:            1       0       1       1       .

(boxx234:1:1)      s=0
.........................
r=1:                1.




(boxx34:1:1)        A       B       C       D       E
........................................................
r=1, s=0:           1       0       1       1       .
r=1, s=1:           3       2       3       3       .

(boxx34:1:1)      s=0     s=1
................................
r=1:               1.      3.




(box:1:2)        A       B       C       D       E
.....................................................
r=1, s=0:        1       0       1       1       .

(box:1:2)      s=0
.....................
r=1:            1.




(boxx12x34:1:2)        A       B       C       D       E
...........................................................
r=1, s=0:              1       0       1       1       .

(boxx12x34:1:2)      s=0
...........................
r=1:                  1.




(boxx12:1:2)        A       B       C       D       E
........................................................
r=1, s=0:           1       0       1       1       .

(boxx12:1:2)      s=0
........................
r=1:               1.




(boxx132:1:2)        A       B       C       D       E
.........................................................
r=1, s=0:            1       0       1       1       .
r=1, s=1:            3       0       3       3       .

(boxx132:1:2)      s=0     s=1
.................................
r=1:                1.      3.




(boxx23:1:2)        A       B       C       D       E
........................................................
r=1, s=0:           1       0       1       1       .

(boxx23:1:2)      s=0
........................
r=1:               1.




(boxx234:1:2)        A       B       C       D       E
.........................................................
r=1, s=0:            1       0       1       1       .

(boxx234:1:2)      s=0
.........................
r=1:                1.




(boxx34:1:2)        A       B       C       D       E
........................................................
r=1, s=0:           1       0       1       1       .
r=1, s=1:           3       0       3       3       .

(boxx34:1:2)      s=0     s=1
................................
r=1:               1.      3.




(box:1:4)        A       B       C       D       E
.....................................................
r=1, s=0:        1       0       1       1       .

(box:1:4)      s=0
.....................
r=1:            1.




(boxx12x34:1:4)        A       B       C       D       E
...........................................................
r=1, s=0:              1       0       1       1       .

(boxx12x34:1:4)      s=0
...........................
r=1:                  1.




(boxx12:1:4)        A       B       C       D       E
........................................................
r=1, s=0:           1       0       1       1       .

(boxx12:1:4)      s=0
........................
r=1:               1.




(boxx132:1:4)        A       B       C       D       E
.........................................................
r=1, s=0:            1       0       1       1       .
r=1, s=1:            3       2       3       3       .

(boxx132:1:4)      s=0     s=1
.................................
r=1:                1.      3.




(boxx23:1:4)        A       B       C       D       E
........................................................
r=1, s=0:           1       0       1       1       .

(boxx23:1:4)      s=0
........................
r=1:               1.




(boxx234:1:4)        A       B       C       D       E
.........................................................
r=1, s=0:            1       0       1       1       .

(boxx234:1:4)      s=0
.........................
r=1:                1.




(boxx34:1:4)        A       B       C       D       E
........................................................
r=1, s=0:           1       0       1       1       .
r=1, s=1:           3       2       3       3       .

(boxx34:1:4)      s=0     s=1
................................
r=1:               1.      3.




(box:1:8)        A       B       C       D       E
.....................................................
r=1, s=0:        1       0       1       1       .

(box:1:8)      s=0
.....................
r=1:            1.




(boxx23:1:8)        A       B       C       D       E
........................................................
r=1, s=0:           1       0       1       1       .

(boxx23:1:8)      s=0
........................
r=1:               1.




(boxx34:1:8)        A       B       C       D       E
........................................................
r=1, s=0:           1       0       1       1       .

(boxx34:1:8)      s=0
........................
r=1:               1.




(box:2:3)        A       B       C       D       E
.....................................................
r=2, s=0:        1       0       1       1       .
r=2, s=1:        2       0       2       2       .

(box:2:3)      s=0     s=1
.............................
r=2:            1.      2.




(boxx12x34:2:3)        A       B       C       D       E
...........................................................
r=2, s=0:              1       0       1       1       .
r=2, s=1:              2       0       2       2       .

(boxx12x34:2:3)      s=0     s=1
...................................
r=2:                  1.      2.




(boxx12:2:3)        A       B       C       D       E
........................................................
r=2, s=0:           1       0       1       1       .
r=2, s=1:           2       0       2       2       .

(boxx12:2:3)      s=0     s=1
................................
r=2:               1.      2.




(boxx132:2:3)        A       B       C       D       E
.........................................................
r=2, s=0:            1       0       1       1       .
r=2, s=1:            2       0       2       2       .
r=2, s=2:            3       1       3       3       .

(boxx132:2:3)      s=0     s=1     s=2
.........................................
r=2:                1.      2.      3.




(boxx23:2:3)        A       B       C       D       E
........................................................
r=2, s=0:           1       0       1       1       .
r=2, s=1:           2       0       2       2       .

(boxx23:2:3)      s=0     s=1
................................
r=2:               1.      2.




(boxx234:2:3)        A       B       C       D       E
.........................................................
r=2, s=0:            1       0       1       1       .
r=2, s=1:            2       1       2       2       .

(boxx234:2:3)      s=0     s=1
.................................
r=2:                1.      2.




(boxx34:2:3)        A       B       C       D       E
........................................................
r=2, s=0:           1       0       1       1       .
r=2, s=1:           2       0       2       2       .
r=2, s=2:           3       1       3       3       .

(boxx34:2:3)      s=0     s=1     s=2
........................................
r=2:               1.      2.      3.




(box:2:5)        A       B       C       D       E
.....................................................
r=2, s=0:        1       1       1       1       .
r=2, s=1:        2       0       2       0       .

(box:2:5)      s=0     s=1
.............................
r=2:            1.      0.




(boxx12x34:2:5)        A       B       C       D       E
...........................................................
r=2, s=0:              1       0       1       1       .
r=2, s=1:              2       0       2       2       .

(boxx12x34:2:5)      s=0     s=1
...................................
r=2:                  1.      2.




(boxx12:2:5)        A       B       C       D       E
........................................................
r=2, s=0:           1       1       1       1       .
r=2, s=1:           2       0       2       0       .
r=2, s=2:           3       2       3       2       .

(boxx12:2:5)      s=0     s=1     s=2
........................................
r=2:               1.      0.      2.




(boxx1234:2:5)        A       B       C       D       E
..........................................................
r=2, s=0:             1       1       1       1       .
r=2, s=1:             2       0       2       0       .
r=2, s=2:             3       2       3       2       .

(boxx1234:2:5)      s=0     s=1     s=2
..........................................
r=2:                 1.      0.      2.




(boxx132:2:5)        A       B       C       D       E
.........................................................
r=2, s=0:            1       0       1       1       .
r=2, s=1:            2       0       2       2       .
r=2, s=2:            3       2       3       3       .

(boxx132:2:5)      s=0     s=1     s=2
.........................................
r=2:                1.      2.      3.




(boxx23:2:5)        A       B       C       D       E
........................................................
r=2, s=0:           1       0       1       1       .
r=2, s=1:           2       0       2       2       .

(boxx23:2:5)      s=0     s=1
................................
r=2:               1.      2.




(boxx234:2:5)        A       B       C       D       E
.........................................................
r=2, s=0:            1       0       1       1       .
r=2, s=1:            2       0       2       2       .

(boxx234:2:5)      s=0     s=1
.................................
r=2:                1.      2.




(boxx34:2:5)        A       B       C       D       E
........................................................
r=2, s=0:           1       0       1       1       .
r=2, s=1:           2       0       2       2       .
r=2, s=2:           3       2       3       3       .

(boxx34:2:5)      s=0     s=1     s=2
........................................
r=2:               1.      2.      3.




(box:2:6)        A       B       C       D       E
.....................................................
r=2, s=0:        1       0       1       1       .
r=2, s=1:        2       0       2       2       .

(box:2:6)      s=0     s=1
.............................
r=2:            1.      2.




(boxx12x34:2:6)        A       B       C       D       E
...........................................................
r=2, s=0:              1       0       1       1       .
r=2, s=1:              2       0       2       2       .

(boxx12x34:2:6)      s=0     s=1
...................................
r=2:                  1.      2.




(boxx12:2:6)        A       B       C       D       E
........................................................
r=2, s=0:           1       0       1       1       .
r=2, s=1:           2       1       2       2       .

(boxx12:2:6)      s=0     s=1
................................
r=2:               1.      2.




(boxx132:2:6)        A       B       C       D       E
.........................................................
r=2, s=0:            1       0       1       1       .
r=2, s=1:            2       0       2       2       .
r=2, s=2:            3       1       3       3       .

(boxx132:2:6)      s=0     s=1     s=2
.........................................
r=2:                1.      2.      3.




(boxx23:2:6)        A       B       C       D       E
........................................................
r=2, s=0:           1       0       1       1       .
r=2, s=1:           2       0       2       2       .

(boxx23:2:6)      s=0     s=1
................................
r=2:               1.      2.




(boxx234:2:6)        A       B       C       D       E
.........................................................
r=2, s=0:            1       0       1       1       .
r=2, s=1:            2       0       2       2       .

(boxx234:2:6)      s=0     s=1
.................................
r=2:                1.      2.




(boxx34:2:6)        A       B       C       D       E
........................................................
r=2, s=0:           1       0       1       1       .
r=2, s=1:           2       0       2       2       .
r=2, s=2:           3       1       3       3       .

(boxx34:2:6)      s=0     s=1     s=2
........................................
r=2:               1.      2.      3.




(box:2:9)        A       B       C       D       E
.....................................................
r=2, s=0:        1       0       1       1       .

(box:2:9)      s=0
.....................
r=2:            1.




(boxx23:2:9)        A       B       C       D       E
........................................................
r=2, s=0:           1       0       1       1       .
r=2, s=1:           2       0       2       2       .

(boxx23:2:9)      s=0     s=1
................................
r=2:               1.      2.




(boxx34:2:9)        A       B       C       D       E
........................................................
r=2, s=0:           1       0       1       1       .

(boxx34:2:9)      s=0
........................
r=2:               1.




(box:2:10)        A       B       C       D       E
......................................................
r=2, s=0:         1       0       1       0       .
r=2, s=1:         2       0       2       0       .

(box:2:10)      s=0     s=1
..............................
r=2:             0.      0.




(boxx23:2:10)        A       B       C       D       E
.........................................................
r=2, s=0:            1       0       1       1       .
r=2, s=1:            2       0       2       2       .

(boxx23:2:10)      s=0     s=1
.................................
r=2:                1.      2.




(boxx34:2:10)        A       B       C       D       E
.........................................................
r=2, s=0:            1       0       1       1       .
r=2, s=1:            2       0       2       2       .

(boxx34:2:10)      s=0     s=1
.................................
r=2:                1.      2.




(box:2:12)        A       B       C       D       E
......................................................
r=2, s=0:         1       0       1       1       .
r=2, s=1:         2       0       2       2       .

(box:2:12)      s=0     s=1
..............................
r=2:             1.      2.




(boxx23:2:12)        A       B       C       D       E
.........................................................
r=2, s=0:            1       0       1       1       .

(boxx23:2:12)      s=0
.........................
r=2:                1.




(boxx34:2:12)        A       B       C       D       E
.........................................................
r=2, s=0:            1       0       1       1       .
r=2, s=1:            2       0       2       2       .

(boxx34:2:12)      s=0     s=1
.................................
r=2:                1.      2.




(box:3:7)        A       B       C       D       E
.....................................................
r=3, s=0:        1       0       1       0       .
r=3, s=1:        1       0       1       0       .
r=3, s=2:        1       0       1       0       .

(box:3:7)      s=0     s=1     s=2
.....................................
r=3:            0.      0.      0.




(boxx12x34:3:7)        A       B       C       D       E
...........................................................
r=3, s=0:              1       0       1       1       .
r=3, s=1:              1       0       1       1       .
r=3, s=2:              1       0       1       1       .

(boxx12x34:3:7)      s=0     s=1     s=2
...........................................
r=3:                  1.      1.      1.




(boxx12:3:7)        A       B       C       D       E
........................................................
r=3, s=0:           1       0       1       0       .
r=3, s=1:           1       0       1       0       .
r=3, s=2:           1       0       1       0       .
r=3, s=3:           1       0       1       0       .

(boxx12:3:7)      s=0     s=1     s=2     s=3
................................................
r=3:               0.      0.      0.      0.




(boxx1234:3:7)        A       B       C       D       E
..........................................................
r=3, s=0:             1       0       1       0       .
r=3, s=1:             1       0       1       0       .
r=3, s=2:             1       0       1       0       .
r=3, s=3:             1       0       1       0       .

(boxx1234:3:7)      s=0     s=1     s=2     s=3
..................................................
r=3:                 0.      0.      0.      0.




(boxx132:3:7)        A       B       C       D       E
.........................................................
r=3, s=0:            1       0       1       1       .
r=3, s=1:            1       0       1       1       .
r=3, s=2:            1       0       1       1       .
r=3, s=3:            1       0       1       1       .

(boxx132:3:7)      s=0     s=1     s=2     s=3
.................................................
r=3:                1.      1.      1.      1.




(boxx23:3:7)        A       B       C       D       E
........................................................
r=3, s=0:           1       0       1       1       .
r=3, s=1:           1       0       1       1       .

(boxx23:3:7)      s=0     s=1
................................
r=3:               1.      1.




(boxx234:3:7)        A       B       C       D       E
.........................................................
r=3, s=0:            1       0       1       1       .
r=3, s=1:            1       0       1       1       .
r=3, s=2:            1       0       1       1       .

(boxx234:3:7)      s=0     s=1     s=2
.........................................
r=3:                1.      1.      1.




(boxx34:3:7)        A       B       C       D       E
........................................................
r=3, s=0:           1       0       1       1       .
r=3, s=1:           1       0       1       1       .
r=3, s=2:           1       0       1       1       .
r=3, s=3:           1       0       1       1       .

(boxx34:3:7)      s=0     s=1     s=2     s=3
................................................
r=3:               1.      1.      1.      1.




(box:3:11)        A       B       C       D       E
......................................................
r=3, s=0:         1       0       1       0       .
r=3, s=1:         1       0       1       0       .

(box:3:11)      s=0     s=1
..............................
r=3:             0.      0.




(boxx23:3:11)        A       B       C       D       E
.........................................................
r=3, s=0:            1       0       1       1       .
r=3, s=1:            1       0       1       1       .
r=3, s=2:            1       0       1       1       .

(boxx23:3:11)      s=0     s=1     s=2
.........................................
r=3:                1.      1.      1.




(boxx34:3:11)        A       B       C       D       E
.........................................................
r=3, s=0:            1       0       1       1       .
r=3, s=1:            1       0       1       1       .

(boxx34:3:11)      s=0     s=1
.................................
r=3:                1.      1.




(box:3:13)        A       B       C       D       E
......................................................
r=3, s=0:         1       0       1       0       .
r=3, s=1:         1       0       1       0       .

(box:3:13)      s=0     s=1
..............................
r=3:             0.      0.




(boxx23:3:13)        A       B       C       D       E
.........................................................
r=3, s=0:            1       0       1       1       .
r=3, s=1:            1       0       1       1       .

(boxx23:3:13)      s=0     s=1
.................................
r=3:                1.      1.




(boxx34:3:13)        A       B       C       D       E
.........................................................
r=3, s=0:            1       0       1       1       .
r=3, s=1:            1       0       1       1       .

(boxx34:3:13)      s=0     s=1
.................................
r=3:                1.      1.




(box:3:14)        A       B       C       D       E
......................................................
r=3, s=0:         1       0       1       0       .
r=3, s=1:         1       0       1       0       .
r=3, s=2:         1       0       1       0       .

(box:3:14)      s=0     s=1     s=2
......................................
r=3:             0.      0.      0.




(boxx23:3:14)        A       B       C       D       E
.........................................................
r=3, s=0:            1       0       1       1       .
r=3, s=1:            1       0       1       1       .

(boxx23:3:14)      s=0     s=1
.................................
r=3:                1.      1.




(boxx34:3:14)        A       B       C       D       E
.........................................................
r=3, s=0:            1       0       1       1       .
r=3, s=1:            1       0       1       1       .
r=3, s=2:            1       0       1       1       .

(boxx34:3:14)      s=0     s=1     s=2
.........................................
r=3:                1.      1.      1.




(boxx23:4:15)        A       B       C       D       E
.........................................................
r=4, s=0:            1       0       1       1       .

(boxx23:4:15)      s=0
.........................
r=4:                1.




(boxx34:4:15)        A       B       C       D       E
.........................................................
r=4, s=0:            1       0       1       1       .

(boxx34:4:15)      s=0
.........................
r=4:                1.


Check for masters done (time: 0.0 s)

Done [0 s]
Setup:         0 s  (9 %)
Reduction:     0 s  (82 %)
Write/analyze: 0 s  (9 %)


Job done (total time: 0 s)
