
Date: Sun Jun 21 20:50:19 2026

Setting up job queue from myjobs/comp_job-3.yaml
Updating job queue dependencies
Processing jobs in serial mode (only one MPI process)
Loading uncrossed integral families from file ./config/integralfamilies.yaml
Initialize integral family 'tree'
Loaded integral family tree
Initialize integral family 'box'
Loaded integral family box
Loaded 2 (uncrossed) integral families
Done loading uncrossed integral families
Using integral family tree (id reset to 1)
Loading crossings from file ./sectormappings/crossings.yaml
Crossing equivalence: '' -> ''
using crossing x12x34 (invs: {}, mom: {p1==p2,p2==p1,px==p1+p2-px})
using crossing x13x24 (invs: {}, mom: {p1==-p1-p2+px,p2==-px,px==-p2})
using crossing x14x23 (invs: {}, mom: {p1==-px,p2==-p1-p2+px,px==-p1})
using crossing x12 (invs: {u==t,t==u}, mom: {p1==p2,p2==p1})
using crossing x123 (invs: {u==t,t==-u-t}, mom: {p1==p2,p2==-p1-p2+px})
using crossing x1234 (invs: {u==-u-t}, mom: {p1==p2,p2==-p1-p2+px,px==-p1})
using crossing x124 (invs: {u==-u-t,t==u}, mom: {p1==p2,p2==-px,px==-p1})
using crossing x1243 (invs: {t==-u-t}, mom: {p1==p2,p2==-px,px==p1+p2-px})
using crossing x13 (invs: {u==-u-t}, mom: {p1==-p1-p2+px})
using crossing x132 (invs: {u==-u-t,t==u}, mom: {p1==-p1-p2+px,p2==p1})
using crossing x1324 (invs: {u==t,t==u}, mom: {p1==-p1-p2+px,p2==-px,px==-p1})
using crossing x134 (invs: {u==t,t==-u-t}, mom: {p1==-p1-p2+px,px==-p1})
using crossing x1342 (invs: {t==-u-t}, mom: {p1==-p1-p2+px,p2==p1,px==-p2})
using crossing x14 (invs: {t==-u-t}, mom: {p1==-px,px==-p1})
using crossing x142 (invs: {u==t,t==-u-t}, mom: {p1==-px,p2==p1,px==-p2})
using crossing x1423 (invs: {u==t,t==u}, mom: {p1==-px,p2==-p1-p2+px,px==-p2})
using crossing x143 (invs: {u==-u-t,t==u}, mom: {p1==-px,px==p1+p2-px})
using crossing x1432 (invs: {u==-u-t}, mom: {p1==-px,p2==p1,px==p1+p2-px})
using crossing x23 (invs: {t==-u-t}, mom: {p2==-p1-p2+px})
using crossing x234 (invs: {u==-u-t,t==u}, mom: {p2==-p1-p2+px,px==-p2})
using crossing x24 (invs: {u==-u-t}, mom: {p2==-px,px==-p2})
using crossing x243 (invs: {u==t,t==-u-t}, mom: {p2==-px,px==p1+p2-px})
using crossing x34 (invs: {u==t,t==u}, mom: {px==p1+p2-px})
Crossing equivalence: 'x34' -> 'x12'
Crossing equivalence: 'x243' -> 'x123'
Crossing equivalence: 'x24' -> 'x1234'
Crossing equivalence: 'x234' -> 'x124'
Crossing equivalence: 'x23' -> 'x1243'
Crossing equivalence: 'x1432' -> 'x1234'
Crossing equivalence: 'x143' -> 'x124'
Crossing equivalence: 'x1423' -> 'x12'
Crossing equivalence: 'x142' -> 'x123'
Crossing equivalence: 'x14' -> 'x1243'
Crossing equivalence: 'x1342' -> 'x1243'
Crossing equivalence: 'x134' -> 'x123'
Crossing equivalence: 'x1324' -> 'x12'
Crossing equivalence: 'x132' -> 'x124'
Crossing equivalence: 'x13' -> 'x1234'
Crossing equivalence: 'x1243' -> 'x1243'
Crossing equivalence: 'x124' -> 'x124'
Crossing equivalence: 'x1234' -> 'x1234'
Crossing equivalence: 'x123' -> 'x123'
Crossing equivalence: 'x12' -> 'x12'
Crossing equivalence: 'x14x23' -> ''
Crossing equivalence: 'x13x24' -> ''
Crossing equivalence: 'x12x34' -> ''
Crossing equivalence: '' -> ''
Loaded crossings for kinematics ''
Loaded crossings for 1 kinematics
Done loading crossings
  generated crossed integral family treex12x34 (id set to 2)
  generated crossed integral family treex13x24 (id set to 3)
  generated crossed integral family treex14x23 (id set to 4)
  generated crossed integral family treex12 (id set to 5)
  generated crossed integral family treex123 (id set to 6)
  generated crossed integral family treex1234 (id set to 7)
  generated crossed integral family treex124 (id set to 8)
  generated crossed integral family treex1243 (id set to 9)
  generated crossed integral family treex13 (id set to 10)
  generated crossed integral family treex132 (id set to 11)
  generated crossed integral family treex1324 (id set to 12)
  generated crossed integral family treex134 (id set to 13)
  generated crossed integral family treex1342 (id set to 14)
  generated crossed integral family treex14 (id set to 15)
  generated crossed integral family treex142 (id set to 16)
  generated crossed integral family treex1423 (id set to 17)
  generated crossed integral family treex143 (id set to 18)
  generated crossed integral family treex1432 (id set to 19)
  generated crossed integral family treex23 (id set to 20)
  generated crossed integral family treex234 (id set to 21)
  generated crossed integral family treex24 (id set to 22)
  generated crossed integral family treex243 (id set to 23)
  generated crossed integral family treex34 (id set to 24)
Using integral family box (id reset to 25)
  generated crossed integral family boxx12x34 (id set to 26)
  generated crossed integral family boxx13x24 (id set to 27)
  generated crossed integral family boxx14x23 (id set to 28)
  generated crossed integral family boxx12 (id set to 29)
  generated crossed integral family boxx123 (id set to 30)
  generated crossed integral family boxx1234 (id set to 31)
  generated crossed integral family boxx124 (id set to 32)
  generated crossed integral family boxx1243 (id set to 33)
  generated crossed integral family boxx13 (id set to 34)
  generated crossed integral family boxx132 (id set to 35)
  generated crossed integral family boxx1324 (id set to 36)
  generated crossed integral family boxx134 (id set to 37)
  generated crossed integral family boxx1342 (id set to 38)
  generated crossed integral family boxx14 (id set to 39)
  generated crossed integral family boxx142 (id set to 40)
  generated crossed integral family boxx1423 (id set to 41)
  generated crossed integral family boxx143 (id set to 42)
  generated crossed integral family boxx1432 (id set to 43)
  generated crossed integral family boxx23 (id set to 44)
  generated crossed integral family boxx234 (id set to 45)
  generated crossed integral family boxx24 (id set to 46)
  generated crossed integral family boxx243 (id set to 47)
  generated crossed integral family boxx34 (id set to 48)
Done loading integral families
Inserted new job in queue: job(1): reduce sectors
Updating job queue dependencies
Determining sectors in selection
  normalizing user input
read key 'sectormappings' in file './sectormappings/sectormappings_box.yaml'
Found valid sector mappings for box
  selecting explicit sectors
  selecting recursively
  deselecting explicit sectors
  deselecting recursively
  deselecting sectors by t restriction
Resume reduction:       false for sector (box:2:5)
Output file readable:   false for sector (box:2:5)
Create identities jobs: true for sector (box:2:5)
Resume reduction:       false for sector (box:3:7)
Output file readable:   false for sector (box:3:7)
Create identities jobs: true for sector (box:3:7)
Resume reduction:       false for sector (box:4:15)
Output file readable:   false for sector (box:4:15)
Create identities jobs: true for sector (box:4:15)
Inserted new job in queue: job(2): run reduction for sector (box:4:15)
Inserted new job in queue: job(3): generate identities: identities_box_4_15_ibp_1_of_1
Inserted new job in queue: job(4): generate seeds: seeds_box_4_15_ibp
Inserted new job in queue: job(5): apply crossing x1234 to ./reductions/reduction_box_3_7
Inserted new job in queue: job(6): run reduction for sector (box:3:7)
Inserted new job in queue: job(7): generate identities: identities_box_3_7_ibp_1_of_1
Inserted new job in queue: job(8): generate seeds: seeds_box_3_7_ibp
Inserted new job in queue: job(9): apply crossing x1234 to ./reductions/reduction_box_2_5
Inserted new job in queue: job(10): run reduction for sector (box:2:5)
Inserted new job in queue: job(11): generate identities: identities_box_2_5_ibp_1_of_1
Inserted new job in queue: job(12): generate seeds: seeds_box_2_5_ibp
Updated job queue:
  [p] job(12): generate seeds: seeds_box_2_5_ibp  [dep: ]
  [p] job(11): generate identities: identities_box_2_5_ibp_1_of_1  [dep: 12]
  [p] job(10): run reduction for sector (box:2:5)  [dep: 11]
  [p] job(9):  apply crossing x1234 to ./reductions/reduction_box_2_5  [dep: 10]
  [p] job(8):  generate seeds: seeds_box_3_7_ibp  [dep: ]
  [p] job(7):  generate identities: identities_box_3_7_ibp_1_of_1  [dep: 8]
  [p] job(6):  run reduction for sector (box:3:7)  [dep: 7,10]
  [p] job(5):  apply crossing x1234 to ./reductions/reduction_box_3_7  [dep: 6]
  [p] job(4):  generate seeds: seeds_box_4_15_ibp  [dep: ]
  [p] job(3):  generate identities: identities_box_4_15_ibp_1_of_1  [dep: 4]
  [p] job(2):  run reduction for sector (box:4:15)  [dep: 3,5,6,9,10]
  [p] job(1):  reduce sectors  [dep: 2,5,6,9,10]


Date: Sun Jun 21 20:50:19 2026

Run ID: 7e14a76e

Starting job(12): generate seeds: seeds_box_2_5_ibp
Completed Job(12) [Time: 0s, CPU: 0s]
Updating job queue dependencies

Date: Sun Jun 21 20:50:19 2026

Run ID: 7e14a76e

Starting job(11): generate identities: identities_box_2_5_ibp_1_of_1
Completed Job(11) [Time: 0s, CPU: 0s]
Updating job queue dependencies

Date: Sun Jun 21 20:50:20 2026

Run ID: 7e14a76e

Starting job(10): run reduction for sector (box:2:5)
Completed Job(10) [Time: 1s, CPU: 0s]
Updating job queue dependencies

Date: Sun Jun 21 20:50:21 2026

Run ID: 7e14a76e

Starting job(9):  apply crossing x1234 to ./reductions/reduction_box_2_5
Completed Job(9) [Time: 0s, CPU: 0s]
Updating job queue dependencies

Date: Sun Jun 21 20:50:21 2026

Run ID: 7e14a76e

Starting job(8):  generate seeds: seeds_box_3_7_ibp
Completed Job(8) [Time: 0s, CPU: 0s]
Updating job queue dependencies

Date: Sun Jun 21 20:50:21 2026

Run ID: 7e14a76e

Starting job(7):  generate identities: identities_box_3_7_ibp_1_of_1
Completed Job(7) [Time: 0s, CPU: 0s]
Updating job queue dependencies

Date: Sun Jun 21 20:50:22 2026

Run ID: 7e14a76e

Starting job(6):  run reduction for sector (box:3:7)
Completed Job(6) [Time: 0s, CPU: 0s]
Updating job queue dependencies

Date: Sun Jun 21 20:50:22 2026

Run ID: 7e14a76e

Starting job(5):  apply crossing x1234 to ./reductions/reduction_box_3_7
Completed Job(5) [Time: 0s, CPU: 0s]
Updating job queue dependencies

Date: Sun Jun 21 20:50:22 2026

Run ID: 7e14a76e

Starting job(4):  generate seeds: seeds_box_4_15_ibp
Completed Job(4) [Time: 0s, CPU: 0s]
Updating job queue dependencies

Date: Sun Jun 21 20:50:22 2026

Run ID: 7e14a76e

Starting job(3):  generate identities: identities_box_4_15_ibp_1_of_1
Completed Job(3) [Time: 0s, CPU: 0s]
Updating job queue dependencies

Date: Sun Jun 21 20:50:22 2026

Run ID: 7e14a76e

Starting job(2):  run reduction for sector (box:4:15)
Completed Job(2) [Time: 0s, CPU: 0s]
Updating job queue dependencies

Date: Sun Jun 21 20:50:22 2026

Run ID: 7e14a76e

Starting job(1):  reduce sectors
Completed Job(1) [Time: 0s, CPU: 0s]
Updating job queue dependencies
Completed jobs in jobqueue

Completed all jobs
Total run time: 3 s
Killing Fermat
