
Date: Sun Jun 21 20:50:22 2026


conditional: false
input_file: ./tmp/box_4_15/seeds/seeds_box_4_15_ibp
output_file: ./tmp/box_4_15/identities/identities_box_4_15_ibp_1_of_1
type: ibp
options:
  transform_integrals_to_equivalent: true
  solve_equations: true
  set_subsectors_to_zero: false
  eliminate_subsectors_by_shift: true
  map_on_coeff: []
from: 1
to: 1000

  Adjusting last integral 1000 to 5
  Generating identities of type ibp: identities_box_4_15_ibp_1_of_1
  identities from 5 seeds, range: [1, 5]
  ..................................................  **************************************************
  Identities generated: 20 (time: 0.1 s)
  Average number of integrals per equation: 8

Job done (total time: 0 s)
