
Date: Sun Jun 21 20:50:21 2026


conditional: false
input_file: ./tmp/box_3_7/seeds/seeds_box_3_7_ibp
output_file: ./tmp/box_3_7/identities/identities_box_3_7_ibp_1_of_1
type: ibp
options:
  transform_integrals_to_equivalent: true
  solve_equations: true
  set_subsectors_to_zero: false
  eliminate_subsectors_by_shift: true
  map_on_coeff: []
from: 1
to: 1000

  Adjusting last integral 1000 to 50
  Generating identities of type ibp: identities_box_3_7_ibp_1_of_1
  identities from 50 seeds, range: [1, 50]
  ..................................................  **************************************************
  Identities generated: 200 (time: 0.3 s)
  Average number of integrals per equation: 6

Job done (total time: 0 s)
