
Date: Sun Jun 21 20:50:20 2026


conditional: false
min_workers: 1
max_workers: 1000
tmp_directory: ./tmp/box_2_5/
identity_filenames:
  - ./tmp/box_2_5/identities/identities_box_2_5_ibp_1_of_1
subst_filenames:
  []
output_file: ./reductions/reduction_box_2_5
output_file_external: ./reductions/external_box_2_5
solutions:
  requested_solutions:
    - {r: [t, 5], s: [0, 4]}
  set_subsectors_to_zero: false
  map_on_coeff: []
  discard_new_subsector_identities: false
reduzer_options:
  num_equations_per_subjob: 1
  num_blocks_per_subjob: 1
  only_substitute: false
preferred_masters_file: ""
delete_files:
  - ./tmp/box_2_5/seeds/seeds_box_2_5_ibp
  - ./tmp/box_2_5/identities/identities_box_2_5_ibp_1_of_1
delete_directories:
  - ./tmp/box_2_5/seeds/
  - ./tmp/box_2_5/identities/
subst_subsectors: true
sector: [box, 5]

Checking for aborted previous run
Setting up in-memory reduction
Determining integrals: all_ints, external_ints, helper_ints, critical_ints, discard_ints
Find integrals in identities
  scanning ./tmp/box_2_5/identities/identities_box_2_5_ibp_1_of_1 (0.004s)
Add optimal set of sub-sector substitution files
Find integrals in substitutions
Find external and helper integrals
Find critical integrals
Selecting border as critical integrals
Checking 20 rs-points for border
  on border: 2 4
  on border: 3 4
  on border: 4 4
  on border: 5 0
  on border: 5 1
  on border: 5 2
  on border: 5 3
  on border: 5 4
Initialize reduzer
Allocated maps for data during reduction.
Building INT translations
Insert integrals for algorithm control:
Insert substitutions
Insert equations to be reduced
  Inserting equations ./tmp/box_2_5/identities/identities_box_2_5_ibp_1_of_1 to database
  inserting 129584 bytes to database
  ..................................................  **************************************************
  file loaded (time: 0.0 s)
Starting with 210 reducible integrals
Setup done
Setup of reduction done (time: 0.0 s)
Running Reduction for sector (box:2:5)
Performing computation in serial mode
  reduction
  ..................................................Processed integral 4/293
  *Reduced block [1e-02 s]
Reduced block [5e-03 s]
Processed integral 6/294
Reduced block [5e-03 s]
Processed integral 10/294
*Reduced block [8e-03 s]
Reduced block [4e-03 s]
Reduced block [8e-04 s]
Reduced block [7e-04 s]
Reduced block [1e-03 s]
Processed integral 25/308
**Reduced block [1e-02 s]
Reduced block [5e-03 s]
Reduced block [1e-03 s]
Reduced block [1e-03 s]
Reduced block [8e-04 s]
Reduced block [1e-03 s]
Processed integral 26/308
Reduced block [4e-03 s]
Processed integral 31/308
*Reduced block [8e-03 s]
Reduced block [3e-03 s]
Reduced block [8e-04 s]
Reduced block [1e-03 s]
Reduced block [1e-03 s]
Processed integral 32/308
Reduced block [2e-02 s]
Reduced block [5e-03 s]
Reduced block [1e-03 s]
Reduced block [1e-03 s]
Reduced block [7e-04 s]
Reduced block [1e-03 s]
Processed integral 33/308
Reduced block [2e-02 s]
Reduced block [6e-03 s]
Reduced block [1e-03 s]
Reduced block [8e-04 s]
Reduced block [7e-04 s]
Reduced block [1e-03 s]
Processed integral 34/308
*Reduced block [4e-03 s]
Processed integral 40/308
Reduced block [8e-03 s]
Reduced block [5e-03 s]
Reduced block [1e-03 s]
Reduced block [1e-03 s]
Reduced block [2e-03 s]
Processed integral 41/308
*Reduced block [2e-02 s]
Reduced block [8e-03 s]
Reduced block [2e-03 s]
Reduced block [1e-03 s]
Reduced block [1e-03 s]
Reduced block [2e-03 s]
Processed integral 42/308
Reduced block [2e-02 s]
Reduced block [6e-03 s]
Reduced block [2e-03 s]
Reduced block [1e-03 s]
Reduced block [8e-04 s]
Reduced block [2e-03 s]
Processed integral 43/308
Reduced block [2e-02 s]
Reduced block [6e-03 s]
Reduced block [1e-03 s]
Reduced block [1e-03 s]
Reduced block [9e-04 s]
Reduced block [1e-03 s]
Processed integral 44/308
Reduced block [4e-03 s]
Processed integral 51/308
*Reduced block [4e-03 s]
Reduced block [9e-04 s]
Reduced block [8e-04 s]
Reduced block [1e-03 s]
Processed integral 52/308
Reduced block [1e-02 s]
Reduced block [2e-03 s]
Reduced block [1e-03 s]
Reduced block [9e-04 s]
Reduced block [1e-03 s]
Processed integral 53/308
*Reduced block [1e-02 s]
Reduced block [1e-03 s]
Reduced block [7e-04 s]
Reduced block [9e-04 s]
Reduced block [1e-03 s]
Processed integral 54/308
Reduced block [1e-02 s]
Reduced block [3e-03 s]
Reduced block [2e-03 s]
Reduced block [1e-03 s]
Reduced block [2e-03 s]
Processed integral 55/308
Reduced block [1e-02 s]
Reduced block [1e-03 s]
Reduced block [8e-04 s]
Reduced block [8e-04 s]
Reduced block [1e-03 s]
Processed integral 56/308
Reduced block [1e-03 s]
Processed integral 58/308
Reduced block [1e-03 s]
Processed integral 59/308
*Reduced block [9e-04 s]
Processed integral 62/308
Reduced block [8e-03 s]
Reduced block [3e-03 s]
Processed integral 63/308
Reduced block [8e-03 s]
Processed integral 64/308
Reduced block [7e-03 s]
Processed integral 65/308
*Reduced block [3e-03 s]
Processed integral 69/308
Reduced block [9e-03 s]
Reduced block [4e-03 s]
Processed integral 70/308
Reduced block [2e-02 s]
Reduced block [2e-03 s]
Processed integral 71/308
*Reduced block [5e-03 s]
Processed integral 72/308
Reduced block [7e-03 s]
Processed integral 73/308
Reduced block [2e-02 s]
Processed integral 74/308
Reduced block [3e-03 s]
Processed integral 79/308
*Reduced block [1e-02 s]
Reduced block [2e-03 s]
Processed integral 80/308
Reduced block [2e-02 s]
Reduced block [2e-03 s]
Processed integral 81/308
Reduced block [2e-02 s]
Reduced block [2e-03 s]
Processed integral 82/308
Reduced block [5e-03 s]
Processed integral 83/308
Reduced block [7e-03 s]
Processed integral 84/308
*Reduced block [1e-02 s]
Processed integral 85/308
Reduced block [2e-02 s]
Processed integral 86/308
Reduced block [4e-03 s]
Processed integral 92/308
*Reduced block [1e-02 s]
Reduced block [1e-03 s]
Processed integral 93/308
Reduced block [3e-02 s]
Reduced block [3e-03 s]
Processed integral 94/308
Reduced block [2e-02 s]
Reduced block [3e-03 s]
Processed integral 95/308
Reduced block [2e-02 s]
Reduced block [4e-03 s]
Processed integral 96/308
*Reduced block [1e-02 s]
Processed integral 97/308
Reduced block [1e-02 s]
Processed integral 98/308
Reduced block [2e-02 s]
Processed integral 99/308
Reduced block [1e-02 s]
Processed integral 100/308
Reduced block [1e-02 s]
Processed integral 101/308
Reduced block [3e-03 s]
Processed integral 108/308
**Reduced block [4e-03 s]
Processed integral 109/308
Reduced block [1e-02 s]
Processed integral 110/308
Reduced block [1e-02 s]
Processed integral 111/308
Reduced block [1e-02 s]
Processed integral 112/308
Reduced block [1e-02 s]
Processed integral 113/308
Reduced block [3e-03 s]
Processed integral 114/308
*Reduced block [5e-03 s]
Processed integral 115/308
Reduced block [1e-02 s]
Processed integral 116/308
Reduced block [1e-02 s]
Processed integral 117/308
Reduced block [1e-02 s]
Processed integral 118/308
Reduced block [9e-03 s]
Processed integral 119/308
Reduced block [1e-03 s]
Processed integral 121/308
*Reduced block [1e-03 s]
Processed integral 122/308
Reduced block [1e-03 s]
Processed integral 123/308
Reduced block [7e-04 s]
Processed integral 126/308
Reduced block [1e-02 s]
Reduced block [4e-03 s]
Processed integral 127/308
*Reduced block [5e-03 s]
Processed integral 128/308
Reduced block [8e-03 s]
Processed integral 129/308
Reduced block [5e-03 s]
Processed integral 130/308
Reduced block [7e-03 s]
Processed integral 131/308
Reduced block [3e-03 s]
Processed integral 135/308
*Reduced block [9e-03 s]
Reduced block [2e-03 s]
Processed integral 136/308
Reduced block [2e-02 s]
Reduced block [2e-03 s]
Processed integral 137/308
Reduced block [6e-03 s]
Processed integral 138/308
Reduced block [1e-02 s]
Processed integral 139/308
*Reduced block [2e-02 s]
Processed integral 140/308
Reduced block [5e-03 s]
Processed integral 141/308
Reduced block [9e-03 s]
Processed integral 142/308
Reduced block [1e-02 s]
Processed integral 143/308
Reduced block [3e-03 s]
Processed integral 148/308
*Reduced block [1e-02 s]
Reduced block [1e-03 s]
Processed integral 149/308
Reduced block [2e-02 s]
Reduced block [2e-03 s]
Processed integral 150/308
Reduced block [2e-02 s]
Reduced block [2e-03 s]
Processed integral 151/308
*Reduced block [5e-03 s]
Processed integral 152/308
Reduced block [1e-02 s]
Processed integral 153/308
Reduced block [2e-02 s]
Processed integral 154/308
Reduced block [2e-02 s]
Processed integral 155/308
Reduced block [5e-03 s]
Processed integral 156/308
Reduced block [6e-03 s]
Processed integral 157/308
Reduced block [2e-02 s]
Processed integral 158/308
*Reduced block [1e-02 s]
Processed integral 159/308
Reduced block [4e-03 s]
Processed integral 165/308
*Reduced block [1e-02 s]
Reduced block [2e-03 s]
Processed integral 166/308
Reduced block [2e-02 s]
Reduced block [2e-03 s]
Processed integral 167/308
Reduced block [2e-02 s]
Reduced block [2e-03 s]
Processed integral 168/308
Reduced block [2e-02 s]
Reduced block [2e-03 s]
Processed integral 169/308
Last critical integral reduced
Reduced block [6e-03 s]
Processed integral 170/308
*Reduced block [1e-02 s]
Processed integral 171/308
Reduced block [3e-02 s]
Processed integral 172/308
Reduced block [2e-02 s]
Processed integral 173/308
Reduced block [2e-02 s]
Processed integral 174/308
Reduced block [5e-03 s]
Processed integral 175/308
Reduced block [7e-03 s]
Processed integral 176/308
*Reduced block [2e-02 s]
Processed integral 177/308
Reduced block [2e-02 s]
Processed integral 178/308
Reduced block [2e-02 s]
Processed integral 179/308
Reduced block [5e-03 s]

Reduction done !
Writing results to ./reductions/reduction_box_2_5
  write result
  ..................................................  **************************************************
  file size: 85210 Bytes
  time unabbreviate: 0.0 s
  time I/O:        0.0 s
  time write tot   0.0 s (8597960 Bytes/s)

Reduction done (time: 1.4 s)

Cleaning up
Analyzing reduction result

Analyzing reduction file ./reductions/reduction_box_2_5

Number of equations: 452
Average coefficient length [bytes]: 10

Extracting status of reduction for each r,s point
Showing statistics for reductions found in each sector
Number of sectors for which this file provides reductions: 1


First table shows the following entries:
A: Number of all integrals
B: Number of unreduced integrals
C: Number of different integrals
D: Number of different unreduced integrals
E: Identities are interreduced w.r.t. this file (.) or not (x)

Second table shows different unreduced integrals in r-s diagram


(box:2:5)        A       B       C       D       E
.....................................................
r=2, s=0:        1       1       1       1       .
r=2, s=1:        2       0       2       0       .
r=2, s=2:        3       0       3       0       .
r=2, s=3:        4       0       4       0       .
r=2, s=4:        5       0       5       0       .
r=2, s=5:        6       6       6       6       .
r=3, s=0:        2       0       2       0       .
r=3, s=1:        4       0       4       0       .
r=3, s=2:        6       0       6       0       .
r=3, s=3:        8       0       8       0       .
r=3, s=4:       10       0      10       0       .
r=3, s=5:       12       6      12       6       .
r=4, s=0:        3       0       3       0       .
r=4, s=1:        6       0       6       0       .
r=4, s=2:        9       0       9       0       .
r=4, s=3:       12       0      12       0       .
r=4, s=4:       15       0      15       0       .
r=4, s=5:       18       6      18       6       .
r=5, s=0:        4       0       4       0       .
r=5, s=1:        8       0       8       0       .
r=5, s=2:       12       0      12       0       .
r=5, s=3:       16       0      16       0       .
r=5, s=4:       20       0      20       0       .
r=5, s=5:       24       6      24       6       x
r=6, s=0:        5       1       5       1       x
r=6, s=1:       10       2      10       2       x
r=6, s=2:       15       3      15       3       x
r=6, s=3:       20       4      20       4       x
r=6, s=4:       25       5      25       5       x
r=6, s=5:       30       6      30       6       x

(box:2:5)      s=0     s=1     s=2     s=3     s=4     s=5
.............................................................
r=2:            1.      0.      0.      0.      0.      6.
r=3:            0.      0.      0.      0.      0.      6.
r=4:            0.      0.      0.      0.      0.      6.
r=5:            0.      0.      0.      0.      0.      6x
r=6:            1x      2x      3x      4x      5x      6x


Check for masters done (time: 0.0 s)

Done [1 s]
Setup:         0 s  (2 %)
Reduction:     1 s  (97 %)
Write/analyze: 0 s  (1 %)


Job done (total time: 1 s)
